Component: ARM Compiler 5.06 update 6 (build 750) Tool: armlink [4d35ed]

==============================================================================

Section Cross References

    http_server.o(i.AD_in) refers to adc.o(i.lectura) for lectura
    http_server.o(i.BlinkLed) refers to led.o(i.LED_SetOut) for LED_SetOut
    http_server.o(i.BlinkLed) refers to temp.o(i.leerTemperatura) for leerTemperatura
    http_server.o(i.BlinkLed) refers to rgb.o(i.apagar_LED_azul) for apagar_LED_azul
    http_server.o(i.BlinkLed) refers to rgb.o(i.apagar_LED_verde) for apagar_LED_verde
    http_server.o(i.BlinkLed) refers to rgb.o(i.encender_LED_rojo) for encender_LED_rojo
    http_server.o(i.BlinkLed) refers to rgb.o(i.encender_LED_verde) for encender_LED_verde
    http_server.o(i.BlinkLed) refers to rgb.o(i.apagar_LED_rojo) for apagar_LED_rojo
    http_server.o(i.BlinkLed) refers to rgb.o(i.encender_LED_azul) for encender_LED_azul
    http_server.o(i.BlinkLed) refers to rtx_delay.o(.text.osDelay) for osDelay
    http_server.o(i.BlinkLed) refers to watchdog.o(i.reset_Watchdog) for reset_Watchdog
    http_server.o(i.BlinkLed) refers to http_server.o(.data) for .data
    http_server.o(i.Display) refers to lcd.o(i.GPIO_INIT) for GPIO_INIT
    http_server.o(i.Display) refers to lcd.o(i.LCD_reset) for LCD_reset
    http_server.o(i.Display) refers to lcd.o(i.lcd_clean) for lcd_clean
    http_server.o(i.Display) refers to printfa.o(i.__0sprintf) for __2sprintf
    http_server.o(i.Display) refers to lcd.o(i.actualizar) for actualizar
    http_server.o(i.Display) refers to rtx_delay.o(.text.osDelay) for osDelay
    http_server.o(i.Display) refers to net_sys.o(i.netIF_GetOption) for netIF_GetOption
    http_server.o(i.Display) refers to net_addr.o(i.netIP_ntoa) for netIP_ntoa
    http_server.o(i.Display) refers to rtx_thread.o(.text.osThreadFlagsWait) for osThreadFlagsWait
    http_server.o(i.Display) refers to usart.o(i.tx_USART) for tx_USART
    http_server.o(i.Display) refers to watchdog.o(i.reset_Watchdog) for reset_Watchdog
    http_server.o(i.Display) refers to http_server.o(.data) for .data
    http_server.o(i.Display) refers to http_server.o(.bss) for .bss
    http_server.o(i.Rtc_setDate) refers to rtx_thread.o(.text.osThreadFlagsWait) for osThreadFlagsWait
    http_server.o(i.Rtc_setDate) refers to printfa.o(i.__0sprintf) for __2sprintf
    http_server.o(i.Rtc_setDate) refers to http_server.o(i.getNumber) for getNumber
    http_server.o(i.Rtc_setDate) refers to rtc.o(i.setFecha) for setFecha
    http_server.o(i.Rtc_setDate) refers to watchdog.o(i.reset_Watchdog) for reset_Watchdog
    http_server.o(i.Rtc_setDate) refers to http_server.o(.data) for .data
    http_server.o(i.Rtc_setTime) refers to rtx_thread.o(.text.osThreadFlagsWait) for osThreadFlagsWait
    http_server.o(i.Rtc_setTime) refers to printfa.o(i.__0sprintf) for __2sprintf
    http_server.o(i.Rtc_setTime) refers to http_server.o(i.getNumber) for getNumber
    http_server.o(i.Rtc_setTime) refers to rtc.o(i.setHora) for setHora
    http_server.o(i.Rtc_setTime) refers to watchdog.o(i.reset_Watchdog) for reset_Watchdog
    http_server.o(i.Rtc_setTime) refers to http_server.o(.data) for .data
    http_server.o(i.Timer_USART_callback) refers to rtx_thread.o(.text.osThreadFlagsSet) for osThreadFlagsSet
    http_server.o(i.Timer_USART_callback) refers to http_server.o(.data) for .data
    http_server.o(i.USART_thread) refers to rtx_thread.o(.text.osThreadFlagsWait) for osThreadFlagsWait
    http_server.o(i.USART_thread) refers to rtc.o(i.getAnio) for getAnio
    http_server.o(i.USART_thread) refers to rtc.o(i.getMes) for getMes
    http_server.o(i.USART_thread) refers to rtc.o(i.getDia) for getDia
    http_server.o(i.USART_thread) refers to rtc.o(i.getSeg) for getSeg
    http_server.o(i.USART_thread) refers to rtc.o(i.getMin) for getMin
    http_server.o(i.USART_thread) refers to rtc.o(i.getHora) for getHora
    http_server.o(i.USART_thread) refers to printfa.o(i.__0sprintf) for __2sprintf
    http_server.o(i.USART_thread) refers to usart.o(i.tx_USART) for tx_USART
    http_server.o(i.USART_thread) refers to watchdog.o(i.reset_Watchdog) for reset_Watchdog
    http_server.o(i.USART_thread) refers to http_server.o(.bss) for .bss
    http_server.o(i.USART_thread) refers to http_server.o(.data) for .data
    http_server.o(i.app_main) refers to led.o(i.LED_Initialize) for LED_Initialize
    http_server.o(i.app_main) refers to temp.o(i.initI2c) for initI2c
    http_server.o(i.app_main) refers to adc.o(i.ADC1_Init) for ADC1_Init
    http_server.o(i.app_main) refers to usart.o(i.init_USART) for init_USART
    http_server.o(i.app_main) refers to rgb.o(i.initRGB) for initRGB
    http_server.o(i.app_main) refers to net_sys.o(i.netInitialize) for netInitialize
    http_server.o(i.app_main) refers to rtc.o(i.MX_RTC_Init) for MX_RTC_Init
    http_server.o(i.app_main) refers to rtc.o(i.setHora) for setHora
[...]
    0x08000844   0x08000844   0x00000000   Code   RO         6981    .text               mc_w.l(iusefp.o)
    0x08000844   0x08000844   0x0000006e   Code   RO         6982    .text               mf_w.l(fepilogue.o)
    0x080008b2   0x080008b2   0x000000ba   Code   RO         6984    .text               mf_w.l(depilogue.o)
    0x0800096c   0x0800096c   0x0000014e   Code   RO         6986    .text               mf_w.l(dadd.o)
    0x08000aba   0x08000aba   0x000000de   Code   RO         6988    .text               mf_w.l(ddiv.o)
    0x08000b98   0x08000b98   0x00000030   Code   RO         6990    .text               mf_w.l(dfixul.o)
    0x08000bc8   0x08000bc8   0x00000030   Code   RO         6992    .text               mf_w.l(cdrcmple.o)
    0x08000bf8   0x08000bf8   0x00000024   Code   RO         6994    .text               mc_w.l(init.o)
    0x08000c1c   0x08000c1c   0x00000000   Code   RO         6996    .text               mc_w.l(semi.o)
    0x08000c1c   0x08000c1c   0x00000024   Code   RO         6997    .text               mc_w.l(llsshr.o)
    0x08000c40   0x08000c40   0x00000008   Code   RO         7001    .text               mc_w.l(ctype_o.o)
    0x08000c48   0x08000c48   0x00000012   Code   RO         7023    .text               mc_w.l(isspace_o.o)
    0x08000c5a   0x08000c5a   0x00000002   PAD
    0x08000c5c   0x08000c5c   0x0000032c   Code   RO         7029    .text               mc_w.l(_scanf.o)
    0x08000f88   0x08000f88   0x0000009e   Code   RO         7031    .text               mc_w.l(_strtoul.o)
    0x08001026   0x08001026   0x00000000   Code   RO         7033    .text               mc_w.l(iusesemip.o)
    0x08001026   0x08001026   0x00000056   Code   RO         7044    .text               mc_w.l(__dczerorl2.o)
    0x0800107c   0x0800107c   0x00000040   Code   RO         6467    .text.MessageQueueGet  RTX_CM4F.lib(rtx_msgqueue.o)
    0x080010bc   0x080010bc   0x00000058   Code   RO         6461    .text.MessageQueuePut  RTX_CM4F.lib(rtx_msgqueue.o)
    0x08001114   0x08001114   0x0000001c   Code   RO         6459    .text.MessageQueueRemove  RTX_CM4F.lib(rtx_msgqueue.o)
    0x08001130   0x08001130   0x0000000c   Code   RO         6505    .text.OS_Tick_AcknowledgeIRQ  RTX_CM4F.lib(os_systick.o)
    0x0800113c   0x0800113c   0x0000002c   Code   RO         6501    .text.OS_Tick_Enable  RTX_CM4F.lib(os_systick.o)
    0x08001168   0x08001168   0x00000006   Code   RO         6507    .text.OS_Tick_GetIRQn  RTX_CM4F.lib(os_systick.o)
    0x0800116e   0x0800116e   0x00000002   PAD
    0x08001170   0x08001170   0x00000040   Code   RO         6499    .text.OS_Tick_Setup  RTX_CM4F.lib(os_systick.o)
    0x080011b0   0x080011b0   0x0000002e   Code   RO         5752    .text.SemaphoreTokenIncrement  RTX_CM4F.lib(rtx_semaphore.o)
    0x080011de   0x080011de   0x0000006e   Code   RO         5582    .text.ThreadFlagsCheck  RTX_CM4F.lib(rtx_thread.o)
    0x0800124c   0x0800124c   0x00000048   Code   RO         5668    .text.TimerInsert   RTX_CM4F.lib(rtx_timer.o)
    0x08001294   0x08001294   0x00000028   Code   RO         5676    .text.TimerRemove   RTX_CM4F.lib(rtx_timer.o)
    0x080012bc   0x080012bc   0x00000024   Code   RO         5635    .text.osDelay       RTX_CM4F.lib(rtx_delay.o)
    0x080012e0   0x080012e0   0x00000030   Code   RO         5443    .text.osKernelGetState  RTX_CM4F.lib(rtx_kernel.o)
    0x08001310   0x08001310   0x00000028   Code   RO         5459    .text.osKernelGetTickCount  RTX_CM4F.lib(rtx_kernel.o)
    0x08001338   0x08001338   0x00000028   Code   RO         5463    .text.osKernelGetTickFreq  RTX_CM4F.lib(rtx_kernel.o)
    0x08001360   0x08001360   0x0000002c   Code   RO         5437    .text.osKernelInitialize  RTX_CM4F.lib(rtx_kernel.o)
    0x0800138c   0x0800138c   0x00000024   Code   RO         5447    .text.osKernelStart  RTX_CM4F.lib(rtx_kernel.o)
    0x080013b0   0x080013b0   0x0000006c   Code   RO         6433    .text.osMessageQueueGet  RTX_CM4F.lib(rtx_msgqueue.o)
    0x0800141c   0x0800141c   0x00000024   Code   RO         6427    .text.osMessageQueueNew  RTX_CM4F.lib(rtx_msgqueue.o)
    0x08001440   0x08001440   0x00000078   Code   RO         6431    .text.osMessageQueuePut  RTX_CM4F.lib(rtx_msgqueue.o)
    0x080014b8   0x080014b8   0x00000024   Code   RO         5701    .text.osMutexAcquire  RTX_CM4F.lib(rtx_mutex.o)
    0x080014dc   0x080014dc   0x00000024   Code   RO         5697    .text.osMutexNew    RTX_CM4F.lib(rtx_mutex.o)
    0x08001500   0x08001500   0x00000024   Code   RO         5703    .text.osMutexRelease  RTX_CM4F.lib(rtx_mutex.o)
    0x08001524   0x08001524   0x00000002   Code   RO         5435    .text.osRtxKernelPreInit  RTX_CM4F.lib(rtx_kernel.o)
    0x08001526   0x08001526   0x00000070   Code   RO         6361    .text.osRtxMemoryAlloc  RTX_CM4F.lib(rtx_memory.o)
    0x08001596   0x08001596   0x00000046   Code   RO         6363    .text.osRtxMemoryFree  RTX_CM4F.lib(rtx_memory.o)
    0x080015dc   0x080015dc   0x0000003c   Code   RO         6359    .text.osRtxMemoryInit  RTX_CM4F.lib(rtx_memory.o)
    0x08001618   0x08001618   0x0000003a   Code   RO         6376    .text.osRtxMemoryPoolAlloc  RTX_CM4F.lib(rtx_mempool.o)
    0x08001652   0x08001652   0x0000004a   Code   RO         6378    .text.osRtxMemoryPoolFree  RTX_CM4F.lib(rtx_mempool.o)
    0x0800169c   0x0800169c   0x00000036   Code   RO         6374    .text.osRtxMemoryPoolInit  RTX_CM4F.lib(rtx_mempool.o)
    0x080016d2   0x080016d2   0x000000ba   Code   RO         6457    .text.osRtxMessageQueuePostProcess  RTX_CM4F.lib(rtx_msgqueue.o)
    0x0800178c   0x0800178c   0x00000048   Code   RO         5693    .text.osRtxMutexOwnerRelease  RTX_CM4F.lib(rtx_mutex.o)
    0x080017d4   0x080017d4   0x00000042   Code   RO         5695    .text.osRtxMutexOwnerRestore  RTX_CM4F.lib(rtx_mutex.o)
    0x08001816   0x08001816   0x00000002   PAD
    0x08001818   0x08001818   0x0000008c   Code   RO         6486    .text.osRtxPendSV_Handler  RTX_CM4F.lib(rtx_system.o)
    0x080018a4   0x080018a4   0x00000074   Code   RO         6488    .text.osRtxPostProcess  RTX_CM4F.lib(rtx_system.o)
    0x08001918   0x08001918   0x00000036   Code   RO         5746    .text.osRtxSemaphorePostProcess  RTX_CM4F.lib(rtx_semaphore.o)
    0x0800194e   0x0800194e   0x00000002   PAD
    0x08001950   0x08001950   0x00000038   Code   RO         5522    .text.osRtxThreadBlock  RTX_CM4F.lib(rtx_thread.o)
    0x08001988   0x08001988   0x00000074   Code   RO         5530    .text.osRtxThreadDelayInsert  RTX_CM4F.lib(rtx_thread.o)
    0x080019fc   0x080019fc   0x0000003c   Code   RO         5526    .text.osRtxThreadDelayRemove  RTX_CM4F.lib(rtx_thread.o)
    0x08001a38   0x08001a38   0x0000004c   Code   RO         5510    .text.osRtxThreadDelayTick  RTX_CM4F.lib(rtx_thread.o)
    0x08001a84   0x08001a84   0x00000058   Code   RO         5520    .text.osRtxThreadDispatch  RTX_CM4F.lib(rtx_thread.o)
    0x08001adc   0x08001adc   0x00000058   Code   RO         5606    .text.osRtxThreadFree  RTX_CM4F.lib(rtx_thread.o)
    0x08001b34   0x08001b34   0x00000012   Code   RO         5502    .text.osRtxThreadListGet  RTX_CM4F.lib(rtx_thread.o)
    0x08001b46   0x08001b46   0x0000002c   Code   RO         5500    .text.osRtxThreadListPut  RTX_CM4F.lib(rtx_thread.o)
    0x08001b72   0x08001b72   0x00000014   Code   RO         5506    .text.osRtxThreadListRemove  RTX_CM4F.lib(rtx_thread.o)
    0x08001b86   0x08001b86   0x0000000c   Code   RO         5512    .text.osRtxThreadListRoot  RTX_CM4F.lib(rtx_thread.o)
    0x08001b92   0x08001b92   0x00000026   Code   RO         5504    .text.osRtxThreadListSort  RTX_CM4F.lib(rtx_thread.o)
    0x08001bb8   0x08001bb8   0x00000028   Code   RO         5580    .text.osRtxThreadPostProcess  RTX_CM4F.lib(rtx_thread.o)
    0x08001be0   0x08001be0   0x00000014   Code   RO         5508    .text.osRtxThreadReadyPut  RTX_CM4F.lib(rtx_thread.o)
    0x08001bf4   0x08001bf4   0x00000014   Code   RO         5514    .text.osRtxThreadRegPtr  RTX_CM4F.lib(rtx_thread.o)
    0x08001c08   0x08001c08   0x00000028   Code   RO         5518    .text.osRtxThreadStackCheck  RTX_CM4F.lib(rtx_thread.o)
    0x08001c30   0x08001c30   0x00000040   Code   RO         5532    .text.osRtxThreadStartup  RTX_CM4F.lib(rtx_thread.o)
    0x08001c70   0x08001c70   0x00000010   Code   RO         5516    .text.osRtxThreadSwitch  RTX_CM4F.lib(rtx_thread.o)
    0x08001c80   0x08001c80   0x00000038   Code   RO         5528    .text.osRtxThreadWaitEnter  RTX_CM4F.lib(rtx_thread.o)
    0x08001cb8   0x08001cb8   0x00000032   Code   RO         5524    .text.osRtxThreadWaitExit  RTX_CM4F.lib(rtx_thread.o)
    0x08001cea   0x08001cea   0x00000002   PAD
    0x08001cec   0x08001cec   0x00000070   Code   RO         6484    .text.osRtxTick_Handler  RTX_CM4F.lib(rtx_system.o)
    0x08001d5c   0x08001d5c   0x0000003c   Code   RO         5652    .text.osRtxTimerThread  RTX_CM4F.lib(rtx_timer.o)
    0x08001d98   0x08001d98   0x00000054   Code   RO         5654    .text.osRtxTimerTick  RTX_CM4F.lib(rtx_timer.o)
    0x08001dec   0x08001dec   0x00000054   Code   RO         5734    .text.osSemaphoreAcquire  RTX_CM4F.lib(rtx_semaphore.o)
    0x08001e40   0x08001e40   0x00000024   Code   RO         5730    .text.osSemaphoreNew  RTX_CM4F.lib(rtx_semaphore.o)
    0x08001e64   0x08001e64   0x0000004c   Code   RO         5736    .text.osSemaphoreRelease  RTX_CM4F.lib(rtx_semaphore.o)
    0x08001eb0   0x08001eb0   0x0000000c   Code   RO         5564    .text.osThreadExit  RTX_CM4F.lib(rtx_thread.o)
    0x08001ebc   0x08001ebc   0x00000024   Code   RO         5574    .text.osThreadFlagsClear  RTX_CM4F.lib(rtx_thread.o)
    0x08001ee0   0x08001ee0   0x00000058   Code   RO         5572    .text.osThreadFlagsSet  RTX_CM4F.lib(rtx_thread.o)
    0x08001f38   0x08001f38   0x00000024   Code   RO         5578    .text.osThreadFlagsWait  RTX_CM4F.lib(rtx_thread.o)
    0x08001f5c   0x08001f5c   0x00000024   Code   RO         5536    .text.osThreadNew   RTX_CM4F.lib(rtx_thread.o)
    0x08001f80   0x08001f80   0x00000024   Code   RO         5554    .text.osThreadYield  RTX_CM4F.lib(rtx_thread.o)
    0x08001fa4   0x08001fa4   0x00000024   Code   RO         5656    .text.osTimerNew    RTX_CM4F.lib(rtx_timer.o)
    0x08001fc8   0x08001fc8   0x00000024   Code   RO         5660    .text.osTimerStart  RTX_CM4F.lib(rtx_timer.o)
    0x08001fec   0x08001fec   0x00000014   Code   RO         5639    .text.svcRtxDelay   RTX_CM4F.lib(rtx_delay.o)
    0x08002000   0x08002000   0x0000000c   Code   RO         5445    .text.svcRtxKernelGetState  RTX_CM4F.lib(rtx_kernel.o)
    0x0800200c   0x0800200c   0x0000000c   Code   RO         5461    .text.svcRtxKernelGetTickCount  RTX_CM4F.lib(rtx_kernel.o)
    0x08002018   0x08002018   0x0000000c   Code   RO         5465    .text.svcRtxKernelGetTickFreq  RTX_CM4F.lib(rtx_kernel.o)
    0x08002024   0x08002024   0x00000150   Code   RO         5475    .text.svcRtxKernelInitialize  RTX_CM4F.lib(rtx_kernel.o)
    0x08002174   0x08002174   0x00000088   Code   RO         5477    .text.svcRtxKernelStart  RTX_CM4F.lib(rtx_kernel.o)
    0x080021fc   0x080021fc   0x000000e0   Code   RO         6469    .text.svcRtxMessageQueueGet  RTX_CM4F.lib(rtx_msgqueue.o)
    0x080022dc   0x080022dc   0x00000130   Code   RO         6455    .text.svcRtxMessageQueueNew  RTX_CM4F.lib(rtx_msgqueue.o)
    0x0800240c   0x0800240c   0x000000c0   Code   RO         6465    .text.svcRtxMessageQueuePut  RTX_CM4F.lib(rtx_msgqueue.o)
    0x080024cc   0x080024cc   0x00000094   Code   RO         5713    .text.svcRtxMutexAcquire  RTX_CM4F.lib(rtx_mutex.o)
    0x08002560   0x08002560   0x00000068   Code   RO         5709    .text.svcRtxMutexNew  RTX_CM4F.lib(rtx_mutex.o)
    0x080025c8   0x080025c8   0x000000b4   Code   RO         5715    .text.svcRtxMutexRelease  RTX_CM4F.lib(rtx_mutex.o)
    0x0800267c   0x0800267c   0x00000058   Code   RO         5750    .text.svcRtxSemaphoreAcquire  RTX_CM4F.lib(rtx_semaphore.o)
    0x080026d4   0x080026d4   0x00000080   Code   RO         5744    .text.svcRtxSemaphoreNew  RTX_CM4F.lib(rtx_semaphore.o)
    0x08002754   0x08002754   0x00000036   Code   RO         5754    .text.svcRtxSemaphoreRelease  RTX_CM4F.lib(rtx_semaphore.o)
    0x0800278a   0x0800278a   0x00000002   PAD
    0x0800278c   0x0800278c   0x00000068   Code   RO         5610    .text.svcRtxThreadExit  RTX_CM4F.lib(rtx_thread.o)
    0x080027f4   0x080027f4   0x00000034   Code   RO         5620    .text.svcRtxThreadFlagsClear  RTX_CM4F.lib(rtx_thread.o)
    0x08002828   0x08002828   0x00000066   Code   RO         5618    .text.svcRtxThreadFlagsSet  RTX_CM4F.lib(rtx_thread.o)
    0x0800288e   0x0800288e   0x00000002   PAD
    0x08002890   0x08002890   0x0000004c   Code   RO         5624    .text.svcRtxThreadFlagsWait  RTX_CM4F.lib(rtx_thread.o)
    0x080028dc   0x080028dc   0x000001d0   Code   RO         5534    .text.svcRtxThreadNew  RTX_CM4F.lib(rtx_thread.o)
    0x08002aac   0x08002aac   0x00000038   Code   RO         5596    .text.svcRtxThreadYield  RTX_CM4F.lib(rtx_thread.o)
    0x08002ae4   0x08002ae4   0x00000078   Code   RO         5670    .text.svcRtxTimerNew  RTX_CM4F.lib(rtx_timer.o)
    0x08002b5c   0x08002b5c   0x0000004c   Code   RO         5674    .text.svcRtxTimerStart  RTX_CM4F.lib(rtx_timer.o)
    0x08002ba8   0x08002ba8   0x00000050   Code   RO          434    i.ADC1_Init         adc.o
    0x08002bf8   0x08002bf8   0x00000128   Code   RO         1993    i.ADC_Init          stm32f4xx_hal_adc.o
    0x08002d20   0x08002d20   0x00000012   Code   RO            4    i.AD_in             http_server.o
    0x08002d32   0x08002d32   0x00000002   PAD
    0x08002d34   0x08002d34   0x000000a0   Code   RO            5    i.BlinkLed          http_server.o
    0x08002dd4   0x08002dd4   0x00000002   Code   RO          500    i.BusFault_Handler  stm32f4xx_it.o
    0x08002dd6   0x08002dd6   0x00000002   PAD
    0x08002dd8   0x08002dd8   0x00000110   Code   RO         1181    i.Control           emac_stm32f4xx.o
    0x08002ee8   0x08002ee8   0x00000006   Code   RO         1182    i.ControlTimer      emac_stm32f4xx.o
    0x08002eee   0x08002eee   0x00000002   PAD
    0x08002ef0   0x08002ef0   0x00000028   Code   RO         2400    i.DMA_CalcBaseAndBitshift  stm32f4xx_hal_dma.o
    0x08002f18   0x08002f18   0x00000054   Code   RO         2401    i.DMA_CheckFifoParam  stm32f4xx_hal_dma.o
    0x08002f6c   0x08002f6c   0x00000028   Code   RO         2402    i.DMA_SetConfig     stm32f4xx_hal_dma.o
    0x08002f94   0x08002f94   0x00000002   Code   RO          501    i.DebugMon_Handler  stm32f4xx_it.o
    0x08002f96   0x08002f96   0x00000002   PAD
    0x08002f98   0x08002f98   0x00000014   Code   RO          636    i.Delay_us          delay.o
    0x08002fac   0x08002fac   0x0000007c   Code   RO         1472    i.Disable_SPI_Clock  spi_stm32f4xx.o
    0x08003028   0x08003028   0x000000f8   Code   RO            6    i.Display           http_server.o
    0x08003120   0x08003120   0x00000048   Code   RO         1183    i.ETH_IRQHandler    emac_stm32f4xx.o
    0x08003168   0x08003168   0x00000128   Code   RO         1184    i.Enable_GPIO_Clock  emac_stm32f4xx.o
    0x08003290   0x08003290   0x00000128   Code   RO         1324    i.Enable_GPIO_Clock  i2c_stm32f4xx.o
    0x080033b8   0x080033b8   0x00000128   Code   RO         1473    i.Enable_GPIO_Clock  spi_stm32f4xx.o
    0x080034e0   0x080034e0   0x0000010c   Code   RO         1636    i.Enable_GPIO_Clock  usart_stm32f4xx.o
    0x080035ec   0x080035ec   0x000000ac   Code   RO         1474    i.Enable_SPI_Clock  spi_stm32f4xx.o
    0x08003698   0x08003698   0x000000d4   Code   RO          311    i.Error_Handler     main.o
    0x0800376c   0x0800376c   0x00000058   Code   RO          674    i.EscribeLetra_L1   lcd.o
    0x080037c4   0x080037c4   0x0000005c   Code   RO          675    i.EscribeLetra_L2   lcd.o
    0x08003820   0x08003820   0x000000b4   Code   RO          676    i.GPIO_INIT         lcd.o
    0x080038d4   0x080038d4   0x0000000c   Code   RO         1185    i.GetCapabilities   emac_stm32f4xx.o
    0x080038e0   0x080038e0   0x0000003c   Code   RO         1118    i.GetLinkInfo       phy_lan8742a.o
    0x0800391c   0x0800391c   0x00000028   Code   RO         1119    i.GetLinkState      phy_lan8742a.o
    0x08003944   0x08003944   0x0000003c   Code   RO         1186    i.GetMacAddress     emac_stm32f4xx.o
    0x08003980   0x08003980   0x0000003c   Code   RO         1187    i.GetRxFrameSize    emac_stm32f4xx.o
    0x080039bc   0x080039bc   0x00000006   Code   RO         1188    i.GetRxFrameTime    emac_stm32f4xx.o
    0x080039c2   0x080039c2   0x00000006   Code   RO         1189    i.GetTxFrameTime    emac_stm32f4xx.o
    0x080039c8   0x080039c8   0x0000000c   Code   RO         1120    i.GetVersion        phy_lan8742a.o
    0x080039d4   0x080039d4   0x0000000c   Code   RO         1190    i.GetVersion        emac_stm32f4xx.o
    0x080039e0   0x080039e0   0x00000164   Code   RO         1995    i.HAL_ADC_ConfigChannel  stm32f4xx_hal_adc.o
    0x08003b44   0x08003b44   0x00000006   Code   RO         2002    i.HAL_ADC_GetValue  stm32f4xx_hal_adc.o
    0x08003b4a   0x08003b4a   0x00000054   Code   RO         2004    i.HAL_ADC_Init      stm32f4xx_hal_adc.o
    0x08003b9e   0x08003b9e   0x00000002   PAD
    0x08003ba0   0x08003ba0   0x00000084   Code   RO          558    i.HAL_ADC_MspInit   stm32f4xx_hal_msp.o
    0x08003c24   0x08003c24   0x000000a2   Code   RO         2008    i.HAL_ADC_PollForConversion  stm32f4xx_hal_adc.o
    0x08003cc6   0x08003cc6   0x00000002   PAD
    0x08003cc8   0x08003cc8   0x000000ec   Code   RO         2010    i.HAL_ADC_Start     stm32f4xx_hal_adc.o
    0x08003db4   0x08003db4   0x0000008e   Code   RO         2403    i.HAL_DMA_Abort     stm32f4xx_hal_dma.o
    0x08003e42   0x08003e42   0x00000024   Code   RO         2404    i.HAL_DMA_Abort_IT  stm32f4xx_hal_dma.o
    0x08003e66   0x08003e66   0x00000002   PAD
    0x08003e68   0x08003e68   0x000000d4   Code   RO         2409    i.HAL_DMA_Init      stm32f4xx_hal_dma.o
    0x08003f3c   0x08003f3c   0x0000006e   Code   RO         2413    i.HAL_DMA_Start_IT  stm32f4xx_hal_dma.o
    0x08003faa   0x08003faa   0x00000002   PAD
    0x08003fac   0x08003fac   0x00000024   Code   RO         1799    i.HAL_Delay         stm32f4xx_hal.o
    0x08003fd0   0x08003fd0   0x0000018c   Code   RO         2547    i.HAL_GPIO_DeInit   stm32f4xx_hal_gpio.o
    0x0800415c   0x0800415c   0x000001d4   Code   RO         2550    i.HAL_GPIO_Init     stm32f4xx_hal_gpio.o
    0x08004330   0x08004330   0x0000000a   Code   RO         2552    i.HAL_GPIO_ReadPin  stm32f4xx_hal_gpio.o
    0x0800433a   0x0800433a   0x0000000a   Code   RO         2554    i.HAL_GPIO_WritePin  stm32f4xx_hal_gpio.o
    0x08004344   0x08004344   0x00000048   Code   RO          312    i.HAL_GetTick       main.o
    0x0800438c   0x0800438c   0x00000052   Code   RO         3070    i.HAL_IWDG_Init     stm32f4xx_hal_iwdg.o
    0x080043de   0x080043de   0x0000000c   Code   RO         3071    i.HAL_IWDG_Refresh  stm32f4xx_hal_iwdg.o
    0x080043ea   0x080043ea   0x00000002   PAD
    0x080043ec   0x080043ec   0x0000002c   Code   RO         1814    i.HAL_Init          stm32f4xx_hal.o
    0x08004418   0x08004418   0x00000040   Code   RO         1815    i.HAL_InitTick      stm32f4xx_hal.o
    0x08004458   0x08004458   0x00000002   Code   RO          560    i.HAL_MspInit       stm32f4xx_hal_msp.o
    0x0800445a   0x0800445a   0x0000001a   Code   RO         2268    i.HAL_NVIC_ClearPendingIRQ  stm32f4xx_hal_cortex.o
    0x08004474   0x08004474   0x00000022   Code   RO         2269    i.HAL_NVIC_DisableIRQ  stm32f4xx_hal_cortex.o
    0x08004496   0x08004496   0x0000001a   Code   RO         2270    i.HAL_NVIC_EnableIRQ  stm32f4xx_hal_cortex.o
    0x080044b0   0x080044b0   0x00000040   Code   RO         2276    i.HAL_NVIC_SetPriority  stm32f4xx_hal_cortex.o
    0x080044f0   0x080044f0   0x00000024   Code   RO         2277    i.HAL_NVIC_SetPriorityGrouping  stm32f4xx_hal_cortex.o
    0x08004514   0x08004514   0x00000070   Code   RO         3226    i.HAL_PWREx_EnableOverDrive  stm32f4xx_hal_pwr_ex.o
    0x08004584   0x08004584   0x0000000c   Code   RO         3107    i.HAL_PWR_EnableBkUpAccess  stm32f4xx_hal_pwr.o
    0x08004590   0x08004590   0x00000254   Code   RO         3400    i.HAL_RCCEx_PeriphCLKConfig  stm32f4xx_hal_rcc_ex.o
    0x080047e4   0x080047e4   0x00000134   Code   RO         3293    i.HAL_RCC_ClockConfig  stm32f4xx_hal_rcc.o
    0x08004918   0x08004918   0x0000000c   Code   RO         3298    i.HAL_RCC_GetHCLKFreq  stm32f4xx_hal_rcc.o
    0x08004924   0x08004924   0x00000020   Code   RO         3300    i.HAL_RCC_GetPCLK1Freq  stm32f4xx_hal_rcc.o
    0x08004944   0x08004944   0x00000020   Code   RO         3301    i.HAL_RCC_GetPCLK2Freq  stm32f4xx_hal_rcc.o
    0x08004964   0x08004964   0x00000064   Code   RO         3302    i.HAL_RCC_GetSysClockFreq  stm32f4xx_hal_rcc.o
    0x080049c8   0x080049c8   0x0000035c   Code   RO         3305    i.HAL_RCC_OscConfig  stm32f4xx_hal_rcc.o
    0x08004d24   0x08004d24   0x0000004c   Code   RO         3615    i.HAL_RTCEx_SetCalibrationOutPut  stm32f4xx_hal_rtc_ex.o
    0x08004d70   0x08004d70   0x00000044   Code   RO         3465    i.HAL_RTC_GetDate   stm32f4xx_hal_rtc.o
    0x08004db4   0x08004db4   0x00000058   Code   RO         3467    i.HAL_RTC_GetTime   stm32f4xx_hal_rtc.o
    0x08004e0c   0x08004e0c   0x000000ac   Code   RO         3468    i.HAL_RTC_Init      stm32f4xx_hal_rtc.o
    0x08004eb8   0x08004eb8   0x0000004c   Code   RO          562    i.HAL_RTC_MspInit   stm32f4xx_hal_msp.o
    0x08004f04   0x08004f04   0x000000c8   Code   RO         3474    i.HAL_RTC_SetDate   stm32f4xx_hal_rtc.o
    0x08004fcc   0x08004fcc   0x000000ec   Code   RO         3475    i.HAL_RTC_SetTime   stm32f4xx_hal_rtc.o
    0x080050b8   0x080050b8   0x00000036   Code   RO         3476    i.HAL_RTC_WaitForSynchro  stm32f4xx_hal_rtc.o
    0x080050ee   0x080050ee   0x00000028   Code   RO         2281    i.HAL_SYSTICK_Config  stm32f4xx_hal_cortex.o
    0x08005116   0x08005116   0x00000054   Code   RO         4847    i.HAL_TIMEx_ConfigBreakDeadTime  stm32f4xx_hal_tim_ex.o
    0x0800516a   0x0800516a   0x00000002   PAD
    0x0800516c   0x0800516c   0x00000090   Code   RO         4862    i.HAL_TIMEx_MasterConfigSynchronization  stm32f4xx_hal_tim_ex.o
    0x080051fc   0x080051fc   0x00000036   Code   RO         4169    i.HAL_TIM_Base_Init  stm32f4xx_hal_tim.o
    0x08005232   0x08005232   0x00000002   PAD
    0x08005234   0x08005234   0x00000060   Code   RO          565    i.HAL_TIM_Base_MspInit  stm32f4xx_hal_msp.o
    0x08005294   0x08005294   0x00000024   Code   RO         4172    i.HAL_TIM_Base_Start  stm32f4xx_hal_tim.o
    0x080052b8   0x080052b8   0x000000d6   Code   RO         4178    i.HAL_TIM_ConfigClockSource  stm32f4xx_hal_tim.o
    0x0800538e   0x0800538e   0x00000002   PAD
    0x08005390   0x08005390   0x00000084   Code   RO          566    i.HAL_TIM_MspPostInit  stm32f4xx_hal_msp.o
    0x08005414   0x08005414   0x000000d0   Code   RO         4236    i.HAL_TIM_PWM_ConfigChannel  stm32f4xx_hal_tim.o
    0x080054e4   0x080054e4   0x00000036   Code   RO         4239    i.HAL_TIM_PWM_Init  stm32f4xx_hal_tim.o
    0x0800551a   0x0800551a   0x00000002   Code   RO         4241    i.HAL_TIM_PWM_MspInit  stm32f4xx_hal_tim.o
    0x0800551c   0x0800551c   0x00000044   Code   RO         4244    i.HAL_TIM_PWM_Start  stm32f4xx_hal_tim.o
    0x08005560   0x08005560   0x0000005c   Code   RO         4247    i.HAL_TIM_PWM_Stop  stm32f4xx_hal_tim.o
    0x080055bc   0x080055bc   0x00000002   Code   RO          502    i.HardFault_Handler  stm32f4xx_it.o
    0x080055be   0x080055be   0x00000002   PAD
    0x080055c0   0x080055c0   0x0000000c   Code   RO         1325    i.I2C1_Control      i2c_stm32f4xx.o
    0x080055cc   0x080055cc   0x0000000c   Code   RO         1326    i.I2C1_ER_IRQHandler  i2c_stm32f4xx.o
    0x080055d8   0x080055d8   0x0000000c   Code   RO         1327    i.I2C1_EV_IRQHandler  i2c_stm32f4xx.o
    0x080055e4   0x080055e4   0x0000002c   Code   RO         1328    i.I2C1_GetDataCount  i2c_stm32f4xx.o
    0x08005610   0x08005610   0x0000000c   Code   RO         1329    i.I2C1_GetStatus    i2c_stm32f4xx.o
    0x0800561c   0x0800561c   0x0000000c   Code   RO         1330    i.I2C1_Initialize   i2c_stm32f4xx.o
    0x08005628   0x08005628   0x00000010   Code   RO         1331    i.I2C1_MasterReceive  i2c_stm32f4xx.o
    0x08005638   0x08005638   0x00000010   Code   RO         1332    i.I2C1_MasterTransmit  i2c_stm32f4xx.o
    0x08005648   0x08005648   0x0000000c   Code   RO         1333    i.I2C1_PowerControl  i2c_stm32f4xx.o
    0x08005654   0x08005654   0x0000000c   Code   RO         1334    i.I2C1_SlaveReceive  i2c_stm32f4xx.o
    0x08005660   0x08005660   0x0000000c   Code   RO         1335    i.I2C1_SlaveTransmit  i2c_stm32f4xx.o
    0x0800566c   0x0800566c   0x00000038   Code   RO         1336    i.I2C1_Uninitialize  i2c_stm32f4xx.o
    0x080056a4   0x080056a4   0x0000000c   Code   RO         1337    i.I2CX_GetCapabilities  i2c_stm32f4xx.o
    0x080056b0   0x080056b0   0x0000000c   Code   RO         1338    i.I2CX_GetVersion   i2c_stm32f4xx.o
    0x080056bc   0x080056bc   0x00000284   Code   RO         1339    i.I2C_Control       i2c_stm32f4xx.o
    0x08005940   0x08005940   0x00000174   Code   RO         1340    i.I2C_ER_IRQHandler  i2c_stm32f4xx.o
    0x08005ab4   0x08005ab4   0x000004d4   Code   RO         1341    i.I2C_EV_IRQHandler  i2c_stm32f4xx.o
    0x08005f88   0x08005f88   0x00000188   Code   RO         1342    i.I2C_Initialize    i2c_stm32f4xx.o
    0x08006110   0x08006110   0x000000fe   Code   RO         1343    i.I2C_MasterReceive  i2c_stm32f4xx.o
    0x0800620e   0x0800620e   0x000000ee   Code   RO         1344    i.I2C_MasterTransmit  i2c_stm32f4xx.o
    0x080062fc   0x080062fc   0x000001e4   Code   RO         1345    i.I2C_PowerControl  i2c_stm32f4xx.o
    0x080064e0   0x080064e0   0x00000074   Code   RO         1346    i.I2C_SlaveReceive  i2c_stm32f4xx.o
    0x08006554   0x08006554   0x00000072   Code   RO         1347    i.I2C_SlaveTransmit  i2c_stm32f4xx.o
    0x080065c6   0x080065c6   0x00000002   PAD
    0x080065c8   0x080065c8   0x00000060   Code   RO          637    i.Init_Delay        delay.o
    0x08006628   0x08006628   0x00000028   Code   RO         1121    i.Initialize        phy_lan8742a.o
    0x08006650   0x08006650   0x0000006c   Code   RO         1191    i.Initialize        emac_stm32f4xx.o
    0x080066bc   0x080066bc   0x00000098   Code   RO          677    i.LCD_reset         lcd.o
    0x08006754   0x08006754   0x00000090   Code   RO          363    i.LED_Initialize    led.o
    0x080067e4   0x080067e4   0x00000028   Code   RO          364    i.LED_Off           led.o
    0x0800680c   0x0800680c   0x00000028   Code   RO          365    i.LED_On            led.o
    0x08006834   0x08006834   0x00000026   Code   RO          366    i.LED_SetOut        led.o
    0x0800685a   0x0800685a   0x00000002   PAD
    0x0800685c   0x0800685c   0x0000007c   Code   RO          899    i.MX_RTC_Init       rtc.o
    0x080068d8   0x080068d8   0x00000002   Code   RO          503    i.MemManage_Handler  stm32f4xx_it.o
    0x080068da   0x080068da   0x00000002   Code   RO          504    i.NMI_Handler       stm32f4xx_it.o
    0x080068dc   0x080068dc   0x0000005c   Code   RO         1192    i.PHY_Read          emac_stm32f4xx.o
    0x08006938   0x08006938   0x00000054   Code   RO         1193    i.PHY_Write         emac_stm32f4xx.o
    0x0800698c   0x0800698c   0x0000008c   Code   RO         1122    i.PowerControl      phy_lan8742a.o
    0x08006a18   0x08006a18   0x000001ac   Code   RO         1194    i.PowerControl      emac_stm32f4xx.o
    0x08006bc4   0x08006bc4   0x00000012   Code   RO         3477    i.RTC_Bcd2ToByte    stm32f4xx_hal_rtc.o
    0x08006bd6   0x08006bd6   0x00000016   Code   RO         3478    i.RTC_ByteToBcd2    stm32f4xx_hal_rtc.o
    0x08006bec   0x08006bec   0x0000003a   Code   RO         3479    i.RTC_EnterInitMode  stm32f4xx_hal_rtc.o
    0x08006c26   0x08006c26   0x00000002   PAD
    0x08006c28   0x08006c28   0x00000088   Code   RO         1195    i.ReadFrame         emac_stm32f4xx.o
    0x08006cb0   0x08006cb0   0x0000009c   Code   RO            7    i.Rtc_setDate       http_server.o
    0x08006d4c   0x08006d4c   0x000000a8   Code   RO            8    i.Rtc_setTime       http_server.o
    0x08006df4   0x08006df4   0x0000000c   Code   RO         1475    i.SPI1_Control      spi_stm32f4xx.o
    0x08006e00   0x08006e00   0x0000000c   Code   RO         1476    i.SPI1_GetDataCount  spi_stm32f4xx.o
    0x08006e0c   0x08006e0c   0x00000020   Code   RO         1477    i.SPI1_GetStatus    spi_stm32f4xx.o
    0x08006e2c   0x08006e2c   0x0000000c   Code   RO         1478    i.SPI1_IRQHandler   spi_stm32f4xx.o
    0x08006e38   0x08006e38   0x0000000c   Code   RO         1479    i.SPI1_Initialize   spi_stm32f4xx.o
    0x08006e44   0x08006e44   0x0000000c   Code   RO         1480    i.SPI1_PowerControl  spi_stm32f4xx.o
    0x08006e50   0x08006e50   0x0000000c   Code   RO         1481    i.SPI1_Receive      spi_stm32f4xx.o
    0x08006e5c   0x08006e5c   0x0000000c   Code   RO         1482    i.SPI1_Send         spi_stm32f4xx.o
    0x08006e68   0x08006e68   0x0000000c   Code   RO         1483    i.SPI1_Transfer     spi_stm32f4xx.o
    0x08006e74   0x08006e74   0x0000000c   Code   RO         1484    i.SPI1_Uninitialize  spi_stm32f4xx.o
    0x08006e80   0x08006e80   0x0000000c   Code   RO         1485    i.SPIX_GetCapabilities  spi_stm32f4xx.o
    0x08006e8c   0x08006e8c   0x0000000c   Code   RO         1486    i.SPIX_GetVersion   spi_stm32f4xx.o
    0x08006e98   0x08006e98   0x000003e8   Code   RO         1487    i.SPI_Control       spi_stm32f4xx.o
    0x08007280   0x08007280   0x000000c6   Code   RO         1488    i.SPI_IRQHandler    spi_stm32f4xx.o
    0x08007346   0x08007346   0x000000c0   Code   RO         1489    i.SPI_Initialize    spi_stm32f4xx.o
    0x08007406   0x08007406   0x00000002   PAD
    0x08007408   0x08007408   0x000000e0   Code   RO         1490    i.SPI_PeripheralReset  spi_stm32f4xx.o
    0x080074e8   0x080074e8   0x000000c8   Code   RO         1491    i.SPI_PowerControl  spi_stm32f4xx.o
    0x080075b0   0x080075b0   0x00000066   Code   RO         1492    i.SPI_Receive       spi_stm32f4xx.o
    0x08007616   0x08007616   0x00000044   Code   RO         1493    i.SPI_RxData        spi_stm32f4xx.o
    0x0800765a   0x0800765a   0x00000066   Code   RO         1494    i.SPI_Send          spi_stm32f4xx.o
    0x080076c0   0x080076c0   0x0000005c   Code   RO         1495    i.SPI_Transfer      spi_stm32f4xx.o
    0x0800771c   0x0800771c   0x00000048   Code   RO         1496    i.SPI_TxData        spi_stm32f4xx.o
    0x08007764   0x08007764   0x00000056   Code   RO         1497    i.SPI_Uninitialize  spi_stm32f4xx.o
    0x080077ba   0x080077ba   0x00000002   PAD
    0x080077bc   0x080077bc   0x000000dc   Code   RO         1196    i.SendFrame         emac_stm32f4xx.o
    0x08007898   0x08007898   0x00000104   Code   RO         1197    i.SetAddressFilter  emac_stm32f4xx.o
    0x0800799c   0x0800799c   0x00000020   Code   RO         1123    i.SetInterface      phy_lan8742a.o
    0x080079bc   0x080079bc   0x00000034   Code   RO         1198    i.SetMacAddress     emac_stm32f4xx.o
    0x080079f0   0x080079f0   0x0000005c   Code   RO         1124    i.SetMode           phy_lan8742a.o
    0x08007a4c   0x08007a4c   0x00000098   Code   RO          313    i.SystemClock_Config  main.o
    0x08007ae4   0x08007ae4   0x0000007c   Code   RO         5102    i.SystemCoreClockUpdate  system_stm32f4xx.o
    0x08007b60   0x08007b60   0x0000001c   Code   RO         5103    i.SystemInit        system_stm32f4xx.o
    0x08007b7c   0x08007b7c   0x000000c8   Code   RO         4257    i.TIM_Base_SetConfig  stm32f4xx_hal_tim.o
    0x08007c44   0x08007c44   0x0000001a   Code   RO         4258    i.TIM_CCxChannelCmd  stm32f4xx_hal_tim.o
    0x08007c5e   0x08007c5e   0x00000014   Code   RO         4268    i.TIM_ETR_SetConfig  stm32f4xx_hal_tim.o
    0x08007c72   0x08007c72   0x00000010   Code   RO         4269    i.TIM_ITRx_SetConfig  stm32f4xx_hal_tim.o
    0x08007c82   0x08007c82   0x00000002   PAD
    0x08007c84   0x08007c84   0x00000060   Code   RO         4270    i.TIM_OC1_SetConfig  stm32f4xx_hal_tim.o
    0x08007ce4   0x08007ce4   0x0000006c   Code   RO         4271    i.TIM_OC2_SetConfig  stm32f4xx_hal_tim.o
    0x08007d50   0x08007d50   0x00000068   Code   RO         4272    i.TIM_OC3_SetConfig  stm32f4xx_hal_tim.o
    0x08007db8   0x08007db8   0x00000050   Code   RO         4273    i.TIM_OC4_SetConfig  stm32f4xx_hal_tim.o
    0x08007e08   0x08007e08   0x00000022   Code   RO         4275    i.TIM_TI1_ConfigInputStage  stm32f4xx_hal_tim.o
    0x08007e2a   0x08007e2a   0x00000024   Code   RO         4277    i.TIM_TI2_ConfigInputStage  stm32f4xx_hal_tim.o
    0x08007e4e   0x08007e4e   0x00000002   PAD
    0x08007e50   0x08007e50   0x00000010   Code   RO            9    i.Timer_USART_callback  http_server.o
    0x08007e60   0x08007e60   0x0000000c   Code   RO         1637    i.USART3_Control    usart_stm32f4xx.o
    0x08007e6c   0x08007e6c   0x0000000c   Code   RO         1638    i.USART3_GetCapabilities  usart_stm32f4xx.o
    0x08007e78   0x08007e78   0x00000034   Code   RO         1639    i.USART3_GetModemStatus  usart_stm32f4xx.o
    0x08007eac   0x08007eac   0x0000000c   Code   RO         1640    i.USART3_GetRxCount  usart_stm32f4xx.o
    0x08007eb8   0x08007eb8   0x00000054   Code   RO         1641    i.USART3_GetStatus  usart_stm32f4xx.o
    0x08007f0c   0x08007f0c   0x0000000c   Code   RO         1642    i.USART3_GetTxCount  usart_stm32f4xx.o
    0x08007f18   0x08007f18   0x0000000c   Code   RO         1643    i.USART3_IRQHandler  usart_stm32f4xx.o
    0x08007f24   0x08007f24   0x0000000c   Code   RO         1644    i.USART3_Initialize  usart_stm32f4xx.o
    0x08007f30   0x08007f30   0x0000000c   Code   RO         1645    i.USART3_PowerControl  usart_stm32f4xx.o
    0x08007f3c   0x08007f3c   0x0000000c   Code   RO         1646    i.USART3_Receive    usart_stm32f4xx.o
    0x08007f48   0x08007f48   0x0000000c   Code   RO         1647    i.USART3_Send       usart_stm32f4xx.o
    0x08007f54   0x08007f54   0x0000000c   Code   RO         1648    i.USART3_SetModemControl  usart_stm32f4xx.o
    0x08007f60   0x08007f60   0x00000050   Code   RO         1649    i.USART3_Transfer   usart_stm32f4xx.o
    0x08007fb0   0x08007fb0   0x0000000c   Code   RO         1650    i.USART3_Uninitialize  usart_stm32f4xx.o
    0x08007fbc   0x08007fbc   0x000006bc   Code   RO         1651    i.USART_Control     usart_stm32f4xx.o
    0x08008678   0x08008678   0x000001fc   Code   RO         1652    i.USART_IRQHandler  usart_stm32f4xx.o
    0x08008874   0x08008874   0x0000007c   Code   RO         1653    i.USART_Initialize  usart_stm32f4xx.o
    0x080088f0   0x080088f0   0x00000128   Code   RO         1654    i.USART_PeripheralReset  usart_stm32f4xx.o
    0x08008a18   0x08008a18   0x00000238   Code   RO         1655    i.USART_PowerControl  usart_stm32f4xx.o
    0x08008c50   0x08008c50   0x00000084   Code   RO         1656    i.USART_Receive     usart_stm32f4xx.o
    0x08008cd4   0x08008cd4   0x0000006c   Code   RO         1657    i.USART_Send        usart_stm32f4xx.o
    0x08008d40   0x08008d40   0x0000005a   Code   RO         1658    i.USART_SetModemControl  usart_stm32f4xx.o
    0x08008d9a   0x08008d9a   0x0000005a   Code   RO         1659    i.USART_Uninitialize  usart_stm32f4xx.o
    0x08008df4   0x08008df4   0x0000007c   Code   RO           10    i.USART_thread      http_server.o
    0x08008e70   0x08008e70   0x0000000c   Code   RO         1660    i.USARTx_GetVersion  usart_stm32f4xx.o
    0x08008e7c   0x08008e7c   0x00000014   Code   RO         1125    i.Uninitialize      phy_lan8742a.o
    0x08008e90   0x08008e90   0x00000030   Code   RO         1199    i.Uninitialize      emac_stm32f4xx.o
    0x08008ec0   0x08008ec0   0x00000002   Code   RO          505    i.UsageFault_Handler  stm32f4xx_it.o
    0x08008ec2   0x08008ec2   0x00000002   PAD
    0x08008ec4   0x08008ec4   0x00000020   Code   RO         6899    i.__0printf         mc_w.l(printfa.o)
    0x08008ee4   0x08008ee4   0x00000028   Code   RO         6901    i.__0sprintf        mc_w.l(printfa.o)
    0x08008f0c   0x08008f0c   0x00000020   Code   RO         2283    i.__NVIC_SetPriority  stm32f4xx_hal_cortex.o
    0x08008f2c   0x08008f2c   0x00000008   Code   RO         6966    i.__aeabi_errno_addr  mc_w.l(errno.o)
    0x08008f34   0x08008f34   0x0000000e   Code   RO         7038    i.__scatterload_copy  mc_w.l(handlers.o)
    0x08008f42   0x08008f42   0x00000002   Code   RO         7039    i.__scatterload_null  mc_w.l(handlers.o)
    0x08008f44   0x08008f44   0x0000000e   Code   RO         7040    i.__scatterload_zeroinit  mc_w.l(handlers.o)
    0x08008f52   0x08008f52   0x00000002   PAD
    0x08008f54   0x08008f54   0x00000184   Code   RO         6906    i._fp_digits        mc_w.l(printfa.o)
    0x080090d8   0x080090d8   0x000006dc   Code   RO         6907    i._printf_core      mc_w.l(printfa.o)
    0x080097b4   0x080097b4   0x00000024   Code   RO         6908    i._printf_post_padding  mc_w.l(printfa.o)
    0x080097d8   0x080097d8   0x0000002e   Code   RO         6909    i._printf_pre_padding  mc_w.l(printfa.o)
    0x08009806   0x08009806   0x0000000a   Code   RO         6911    i._sputc            mc_w.l(printfa.o)
    0x08009810   0x08009810   0x00000064   Code   RO          678    i.actualizar        lcd.o
    0x08009874   0x08009874   0x00000034   Code   RO         6125    i.add_server_id     Net4_CM3_L.lib(net_http_server.o)
    0x080098a8   0x080098a8   0x0000000c   Code   RO          818    i.apagar_LED_azul   rgb.o
    0x080098b4   0x080098b4   0x0000000c   Code   RO          819    i.apagar_LED_rojo   rgb.o
    0x080098c0   0x080098c0   0x0000000c   Code   RO          820    i.apagar_LED_verde  rgb.o
    0x080098cc   0x080098cc   0x000000ac   Code   RO           11    i.app_main          http_server.o
    0x08009978   0x08009978   0x0000007a   Code   RO         5827    i.arp_cache_alloc   Net4_CM3_L.lib(net_arp.o)
    0x080099f2   0x080099f2   0x00000002   PAD
    0x080099f4   0x080099f4   0x000000f4   Code   RO         5828    i.arp_cache_run     Net4_CM3_L.lib(net_arp.o)
    0x08009ae8   0x08009ae8   0x00000038   Code   RO         5829    i.arp_is_cacheable  Net4_CM3_L.lib(net_arp.o)
    0x08009b20   0x08009b20   0x00000048   Code   RO         5830    i.arp_probe_run     Net4_CM3_L.lib(net_arp.o)
    0x08009b68   0x08009b68   0x000000b0   Code   RO         5832    i.arp_proc_response  Net4_CM3_L.lib(net_arp.o)
    0x08009c18   0x08009c18   0x0000001a   Code   RO         5833    i.arp_que_free      Net4_CM3_L.lib(net_arp.o)
    0x08009c32   0x08009c32   0x00000080   Code   RO         5834    i.arp_send_reply    Net4_CM3_L.lib(net_arp.o)
    0x08009cb2   0x08009cb2   0x00000002   PAD
    0x08009cb4   0x08009cb4   0x000000a8   Code   RO         5835    i.arp_send_request  Net4_CM3_L.lib(net_arp.o)
    0x08009d5c   0x08009d5c   0x00000068   Code   RO         5836    i.arp_sender_valid  Net4_CM3_L.lib(net_arp.o)
    0x08009dc4   0x08009dc4   0x00000170   Code   RO         6126    i.chk_post_req      Net4_CM3_L.lib(net_http_server.o)
    0x08009f34   0x08009f34   0x00000094   Code   RO          679    i.copy_to_lcd       lcd.o
    0x08009fc8   0x08009fc8   0x00000028   Code   RO         6607    i.crc32_8bit        Net4_CM3_L.lib(net_common.o)
    0x08009ff0   0x08009ff0   0x00000018   Code   RO          821    i.encender_LED_azul  rgb.o
    0x0800a008   0x0800a008   0x00000018   Code   RO          822    i.encender_LED_rojo  rgb.o
    0x0800a020   0x0800a020   0x00000018   Code   RO          823    i.encender_LED_verde  rgb.o
    0x0800a038   0x0800a038   0x0000000c   Code   RO         5137    i.eth0_callback     net_config.o
    0x0800a044   0x0800a044   0x0000009a   Code   RO         5771    i.eth_check_link    Net4_CM3_L.lib(net_eth.o)
    0x0800a0de   0x0800a0de   0x00000002   PAD
    0x0800a0e0   0x0800a0e0   0x00000020   Code   RO         5772    i.eth_if_map        Net4_CM3_L.lib(net_eth.o)
    0x0800a100   0x0800a100   0x000001e8   Code   RO         5773    i.eth_iface_init    Net4_CM3_L.lib(net_eth.o)
    0x0800a2e8   0x0800a2e8   0x000001d8   Code   RO         5774    i.eth_iface_run     Net4_CM3_L.lib(net_eth.o)
    0x0800a4c0   0x0800a4c0   0x00000008   Code   RO         5776    i.eth_lock          Net4_CM3_L.lib(net_eth.o)
    0x0800a4c8   0x0800a4c8   0x0000001c   Code   RO         5777    i.eth_mtu_limit     Net4_CM3_L.lib(net_eth.o)
    0x0800a4e4   0x0800a4e4   0x0000002c   Code   RO         5778    i.eth_opt_len       Net4_CM3_L.lib(net_eth.o)
    0x0800a510   0x0800a510   0x00000088   Code   RO         5779    i.eth_receive       Net4_CM3_L.lib(net_eth.o)
    0x0800a598   0x0800a598   0x00000008   Code   RO         5780    i.eth_unlock        Net4_CM3_L.lib(net_eth.o)
    0x0800a5a0   0x0800a5a0   0x00000012   Code   RO         6957    i.fputc             mc_w.l(fputc.o)
    0x0800a5b2   0x0800a5b2   0x00000002   PAD
    0x0800a5b4   0x0800a5b4   0x0000007c   Code   RO         5909    i.frag_map_session  Net4_CM3_L.lib(net_ip4_frag.o)
    0x0800a630   0x0800a630   0x0000001c   Code   RO          900    i.getAnio           rtc.o
    0x0800a64c   0x0800a64c   0x0000001c   Code   RO          901    i.getDia            rtc.o
    0x0800a668   0x0800a668   0x00000018   Code   RO          902    i.getHora           rtc.o
    0x0800a680   0x0800a680   0x0000001c   Code   RO          903    i.getMes            rtc.o
    0x0800a69c   0x0800a69c   0x00000018   Code   RO          904    i.getMin            rtc.o
    0x0800a6b4   0x0800a6b4   0x0000003c   Code   RO           12    i.getNumber         http_server.o
    0x0800a6f0   0x0800a6f0   0x00000018   Code   RO          905    i.getSeg            rtc.o
    0x0800a708   0x0800a708   0x00000038   Code   RO          906    i.getTotalSeconds   rtc.o
    0x0800a740   0x0800a740   0x00000028   Code   RO         6127    i.get_next_field    Net4_CM3_L.lib(net_http_server.o)
    0x0800a768   0x0800a768   0x00000032   Code   RO         6128    i.get_next_par      Net4_CM3_L.lib(net_http_server.o)
    0x0800a79a   0x0800a79a   0x00000022   Code   RO         6129    i.hex2byte          Net4_CM3_L.lib(net_http_server.o)
    0x0800a7bc   0x0800a7bc   0x0000034c   Code   RO         6130    i.http_add_header   Net4_CM3_L.lib(net_http_server.o)
    0x0800ab08   0x0800ab08   0x000001a8   Code   RO         6131    i.http_error_msg    Net4_CM3_L.lib(net_http_server.o)
    0x0800acb0   0x0800acb0   0x00000078   Code   RO         6132    i.http_get_ftype    Net4_CM3_L.lib(net_http_server.o)
    0x0800ad28   0x0800ad28   0x0000005e   Code   RO         6133    i.http_kill_session  Net4_CM3_L.lib(net_http_server.o)
    0x0800ad86   0x0800ad86   0x00000002   PAD
    0x0800ad88   0x0800ad88   0x00000210   Code   RO         6134    i.http_listener     Net4_CM3_L.lib(net_http_server.o)
    0x0800af98   0x0800af98   0x00000118   Code   RO         6135    i.http_open_file    Net4_CM3_L.lib(net_http_server.o)
    0x0800b0b0   0x0800b0b0   0x00000108   Code   RO         6136    i.http_parse_header  Net4_CM3_L.lib(net_http_server.o)
    0x0800b1b8   0x0800b1b8   0x00000164   Code   RO         6137    i.http_proc_multipart  Net4_CM3_L.lib(net_http_server.o)
    0x0800b31c   0x0800b31c   0x000000f4   Code   RO         6138    i.http_proc_post    Net4_CM3_L.lib(net_http_server.o)
    0x0800b410   0x0800b410   0x000003c0   Code   RO         6139    i.http_server_run   Net4_CM3_L.lib(net_http_server.o)
    0x0800b7d0   0x0800b7d0   0x00000050   Code   RO         6140    i.http_server_start  Net4_CM3_L.lib(net_http_server.o)
    0x0800b820   0x0800b820   0x00000020   Code   RO         6141    i.http_strcpy       Net4_CM3_L.lib(net_http_server.o)
    0x0800b840   0x0800b840   0x000000a4   Code   RO         6142    i.http_to_utc       Net4_CM3_L.lib(net_http_server.o)
    0x0800b8e4   0x0800b8e4   0x0000005c   Code   RO          414    i.imageFileInfo     web.o
    0x0800b940   0x0800b940   0x00000030   Code   RO          467    i.initI2c           temp.o
    0x0800b970   0x0800b970   0x0000013c   Code   RO          824    i.initRGB           rgb.o
    0x0800baac   0x0800baac   0x00000040   Code   RO          785    i.init_USART        usart.o
    0x0800baec   0x0800baec   0x00000028   Code   RO         1006    i.init_Watchdog     watchdog.o
    0x0800bb14   0x0800bb14   0x000000c0   Code   RO         1200    i.init_dma          emac_stm32f4xx.o
    0x0800bbd4   0x0800bbd4   0x0000000c   Code   RO         6526    i.ip4_get_chksum    Net4_CM3_L.lib(net_ip4.o)
    0x0800bbe0   0x0800bbe0   0x00000028   Code   RO         6527    i.ip4_get_mtu       Net4_CM3_L.lib(net_ip4.o)
    0x0800bc08   0x0800bc08   0x00000034   Code   RO         6315    i.ip4_ntoa          Net4_CM3_L.lib(net_addr.o)
    0x0800bc3c   0x0800bc3c   0x0000001c   Code   RO          680    i.lcd_clean         lcd.o
    0x0800bc58   0x0800bc58   0x00000024   Code   RO          435    i.lectura           adc.o
    0x0800bc7c   0x0800bc7c   0x00000078   Code   RO          468    i.leerTemperatura   temp.o
    0x0800bcf4   0x0800bcf4   0x00000044   Code   RO          314    i.main              main.o
    0x0800bd38   0x0800bd38   0x0000000c   Code   RO         6584    i.mem_lock          Net4_CM3_L.lib(net_mem.o)
    0x0800bd44   0x0800bd44   0x0000000c   Code   RO         6585    i.mem_unlock        Net4_CM3_L.lib(net_mem.o)
    0x0800bd50   0x0800bd50   0x00000030   Code   RO         5138    i.ms2tick           net_config.o
    0x0800bd80   0x0800bd80   0x00000128   Code   RO         6111    i.nbns_listener     Net4_CM3_L.lib(net_nbns_client.o)
    0x0800bea8   0x0800bea8   0x00000004   Code   RO         6143    i.netCGI_Charset    Net4_CM3_L.lib(net_http_server.o)
    0x0800beac   0x0800beac   0x00000004   Code   RO         6144    i.netCGI_ContentType  Net4_CM3_L.lib(net_http_server.o)
    0x0800beb0   0x0800beb0   0x00000004   Code   RO         6145    i.netCGI_CustomHeader  Net4_CM3_L.lib(net_http_server.o)
    0x0800beb4   0x0800beb4   0x0000006c   Code   RO         6146    i.netCGI_GetEnvVar  Net4_CM3_L.lib(net_http_server.o)
    0x0800bf20   0x0800bf20   0x000001c8   Code   RO          259    i.netCGI_ProcessData  http_server_cgi.o
    0x0800c0e8   0x0800c0e8   0x000000c4   Code   RO          260    i.netCGI_ProcessQuery  http_server_cgi.o
    0x0800c1ac   0x0800c1ac   0x00000004   Code   RO         6149    i.netCGI_Redirect   Net4_CM3_L.lib(net_http_server.o)
    0x0800c1b0   0x0800c1b0   0x00000480   Code   RO          261    i.netCGI_Script     http_server_cgi.o
    0x0800c630   0x0800c630   0x00000004   Code   RO         6151    i.netCGX_ContentType  Net4_CM3_L.lib(net_http_server.o)
    0x0800c634   0x0800c634   0x00000064   Code   RO         6266    i.netCore_Thread    Net4_CM3_L.lib(net_sys.o)
    0x0800c698   0x0800c698   0x00000002   Code   RO         5781    i.netETH_Notify     Net4_CM3_L.lib(net_eth.o)
    0x0800c69a   0x0800c69a   0x00000002   Code   RO         5782    i.netETH_ReceiveRaw  Net4_CM3_L.lib(net_eth.o)
    0x0800c69c   0x0800c69c   0x0000004a   Code   RO         5784    i.netETH_Thread     Net4_CM3_L.lib(net_eth.o)
    0x0800c6e6   0x0800c6e6   0x00000004   Code   RO         6152    i.netHTTPs_AcceptClient  Net4_CM3_L.lib(net_http_server.o)
    0x0800c6ea   0x0800c6ea   0x00000004   Code   RO         6154    i.netHTTPs_FileAccess  Net4_CM3_L.lib(net_http_server.o)
    0x0800c6ee   0x0800c6ee   0x00000002   PAD
    0x0800c6f0   0x0800c6f0   0x00000020   Code   RO         6157    i.netHTTPs_GetLanguage  Net4_CM3_L.lib(net_http_server.o)
    0x0800c710   0x0800c710   0x0000000c   Code   RO         6158    i.netHTTPs_GetPassword  Net4_CM3_L.lib(net_http_server.o)
    0x0800c71c   0x0800c71c   0x0000000c   Code   RO         6164    i.netHTTPs_LoginActive  Net4_CM3_L.lib(net_http_server.o)
    0x0800c728   0x0800c728   0x00000044   Code   RO         6167    i.netHTTPs_SetPassword  Net4_CM3_L.lib(net_http_server.o)
    0x0800c76c   0x0800c76c   0x00000002   Code   RO         5142    i.netHTTPs_fclose   net_config.o
    0x0800c76e   0x0800c76e   0x00000004   Code   RO         5143    i.netHTTPs_fgets    net_config.o
    0x0800c772   0x0800c772   0x00000004   Code   RO         5144    i.netHTTPs_fopen    net_config.o
    0x0800c776   0x0800c776   0x00000004   Code   RO         5145    i.netHTTPs_fread    net_config.o
    0x0800c77a   0x0800c77a   0x00000002   Code   RO         5146    i.netHTTPs_fstat    net_config.o
    0x0800c77c   0x0800c77c   0x0000007c   Code   RO         6267    i.netIF_GetOption   Net4_CM3_L.lib(net_sys.o)
    0x0800c7f8   0x0800c7f8   0x00000078   Code   RO         6269    i.netIF_SetOption   Net4_CM3_L.lib(net_sys.o)
    0x0800c870   0x0800c870   0x00000010   Code   RO         6317    i.netIP_aton        Net4_CM3_L.lib(net_addr.o)
    0x0800c880   0x0800c880   0x0000001e   Code   RO         6318    i.netIP_ntoa        Net4_CM3_L.lib(net_addr.o)
    0x0800c89e   0x0800c89e   0x00000002   PAD
    0x0800c8a0   0x0800c8a0   0x00000074   Code   RO         6270    i.netInitialize     Net4_CM3_L.lib(net_sys.o)
    0x0800c914   0x0800c914   0x0000007c   Code   RO         6319    i.netMAC_aton       Net4_CM3_L.lib(net_addr.o)
    0x0800c990   0x0800c990   0x00000004   Code   RO         5992    i.netTCP_GetLocalPort  Net4_CM3_L.lib(net_tcp.o)
    0x0800c994   0x0800c994   0x00000020   Code   RO         5994    i.netTCP_GetPeer    Net4_CM3_L.lib(net_tcp.o)
    0x0800c9b4   0x0800c9b4   0x00000004   Code   RO         5996    i.netTCP_GetState   Net4_CM3_L.lib(net_tcp.o)
    0x0800c9b8   0x0800c9b8   0x00000004   Code   RO         5997    i.netTCP_GetTimer   Net4_CM3_L.lib(net_tcp.o)
    0x0800c9bc   0x0800c9bc   0x00000068   Code   RO         6321    i.net_addr4_aton    Net4_CM3_L.lib(net_addr.o)
    0x0800ca24   0x0800ca24   0x0000001e   Code   RO         6323    i.net_addr4_to_mac  Net4_CM3_L.lib(net_addr.o)
    0x0800ca42   0x0800ca42   0x00000014   Code   RO         6325    i.net_addr_copy     Net4_CM3_L.lib(net_addr.o)
    0x0800ca56   0x0800ca56   0x0000000e   Code   RO         6326    i.net_addr_find_route  Net4_CM3_L.lib(net_addr.o)
    0x0800ca64   0x0800ca64   0x00000014   Code   RO         6328    i.net_addr_get_local  Net4_CM3_L.lib(net_addr.o)
    0x0800ca78   0x0800ca78   0x00000014   Code   RO         6329    i.net_addr_is_unspec  Net4_CM3_L.lib(net_addr.o)
    0x0800ca8c   0x0800ca8c   0x000000a0   Code   RO         5843    i.net_arp_cache_add  Net4_CM3_L.lib(net_arp.o)
    0x0800cb2c   0x0800cb2c   0x00000086   Code   RO         5844    i.net_arp_cache_early  Net4_CM3_L.lib(net_arp.o)
    0x0800cbb2   0x0800cbb2   0x00000002   PAD
    0x0800cbb4   0x0800cbb4   0x00000080   Code   RO         5845    i.net_arp_cache_find  Net4_CM3_L.lib(net_arp.o)
    0x0800cc34   0x0800cc34   0x00000038   Code   RO         5846    i.net_arp_cache_init  Net4_CM3_L.lib(net_arp.o)
    0x0800cc6c   0x0800cc6c   0x0000001c   Code   RO         5847    i.net_arp_cache_run  Net4_CM3_L.lib(net_arp.o)
    0x0800cc88   0x0800cc88   0x00000066   Code   RO         5849    i.net_arp_enqueue   Net4_CM3_L.lib(net_arp.o)
    0x0800ccee   0x0800ccee   0x00000020   Code   RO         5851    i.net_arp_notify    Net4_CM3_L.lib(net_arp.o)
    0x0800cd0e   0x0800cd0e   0x00000162   Code   RO         5853    i.net_arp_process   Net4_CM3_L.lib(net_arp.o)
    0x0800ce70   0x0800ce70   0x00000030   Code   RO         6609    i.net_chksum_buf    Net4_CM3_L.lib(net_common.o)
    0x0800cea0   0x0800cea0   0x0000001e   Code   RO         6610    i.net_crc_buf       Net4_CM3_L.lib(net_common.o)
    0x0800cebe   0x0800cebe   0x0000000e   Code   RO         5785    i.net_eth_callback  Net4_CM3_L.lib(net_eth.o)
    0x0800cecc   0x0800cecc   0x00000052   Code   RO         5786    i.net_eth_config_mcast  Net4_CM3_L.lib(net_eth.o)
    0x0800cf1e   0x0800cf1e   0x00000082   Code   RO         5788    i.net_eth_get_option  Net4_CM3_L.lib(net_eth.o)
    0x0800cfa0   0x0800cfa0   0x0000001c   Code   RO         5789    i.net_eth_iface_init  Net4_CM3_L.lib(net_eth.o)
    0x0800cfbc   0x0800cfbc   0x0000001c   Code   RO         5790    i.net_eth_iface_run  Net4_CM3_L.lib(net_eth.o)
    0x0800cfd8   0x0800cfd8   0x00000098   Code   RO         5792    i.net_eth_output    Net4_CM3_L.lib(net_eth.o)
    0x0800d070   0x0800d070   0x000000c4   Code   RO         5793    i.net_eth_send_frame  Net4_CM3_L.lib(net_eth.o)
    0x0800d134   0x0800d134   0x0000010e   Code   RO         5794    i.net_eth_set_option  Net4_CM3_L.lib(net_eth.o)
    0x0800d242   0x0800d242   0x00000002   PAD
    0x0800d244   0x0800d244   0x000000a8   Code   RO         6173    i.net_http_server_init  Net4_CM3_L.lib(net_http_server.o)
    0x0800d2ec   0x0800d2ec   0x00000028   Code   RO         6174    i.net_http_server_run  Net4_CM3_L.lib(net_http_server.o)
    0x0800d314   0x0800d314   0x00000104   Code   RO         6566    i.net_icmp_process  Net4_CM3_L.lib(net_icmp.o)
    0x0800d418   0x0800d418   0x00000080   Code   RO         6567    i.net_icmp_send_echo  Net4_CM3_L.lib(net_icmp.o)
    0x0800d498   0x0800d498   0x0000000c   Code   RO         6274    i.net_if_map_all    Net4_CM3_L.lib(net_sys.o)
    0x0800d4a4   0x0800d4a4   0x00000004   Code   RO         5150    i.net_igmp_collect_mcast  net_config.o
    0x0800d4a8   0x0800d4a8   0x00000004   Code   RO         5151    i.net_igmp_is_member  net_config.o
    0x0800d4ac   0x0800d4ac   0x00000002   Code   RO         5152    i.net_igmp_process  net_config.o
    0x0800d4ae   0x0800d4ae   0x00000002   PAD
    0x0800d4b0   0x0800d4b0   0x00000108   Code   RO         6528    i.net_ip4_chk_frame  Net4_CM3_L.lib(net_ip4.o)
    0x0800d5b8   0x0800d5b8   0x0000002c   Code   RO         6529    i.net_ip4_chksum    Net4_CM3_L.lib(net_ip4.o)
    0x0800d5e4   0x0800d5e4   0x00000006   Code   RO         6530    i.net_ip4_chksum_buf  Net4_CM3_L.lib(net_ip4.o)
    0x0800d5ea   0x0800d5ea   0x00000002   PAD
    0x0800d5ec   0x0800d5ec   0x00000080   Code   RO         6532    i.net_ip4_find_route  Net4_CM3_L.lib(net_ip4.o)
    0x0800d66c   0x0800d66c   0x00000124   Code   RO         5910    i.net_ip4_frag_add  Net4_CM3_L.lib(net_ip4_frag.o)
    0x0800d790   0x0800d790   0x000000ac   Code   RO         5911    i.net_ip4_frag_get  Net4_CM3_L.lib(net_ip4_frag.o)
    0x0800d83c   0x0800d83c   0x00000010   Code   RO         5912    i.net_ip4_frag_init  Net4_CM3_L.lib(net_ip4_frag.o)
    0x0800d84c   0x0800d84c   0x0000003c   Code   RO         5913    i.net_ip4_frag_run  Net4_CM3_L.lib(net_ip4_frag.o)
    0x0800d888   0x0800d888   0x0000002c   Code   RO         6533    i.net_ip4_get_local  Net4_CM3_L.lib(net_ip4.o)
    0x0800d8b4   0x0800d8b4   0x00000018   Code   RO         6534    i.net_ip4_init      Net4_CM3_L.lib(net_ip4.o)
    0x0800d8cc   0x0800d8cc   0x00000020   Code   RO         6535    i.net_ip4_is_onlink  Net4_CM3_L.lib(net_ip4.o)
    0x0800d8ec   0x0800d8ec   0x00000026   Code   RO         6536    i.net_ip4_is_subcast  Net4_CM3_L.lib(net_ip4.o)
    0x0800d912   0x0800d912   0x0000000e   Code   RO         6537    i.net_ip4_reass_frame  Net4_CM3_L.lib(net_ip4.o)
    0x0800d920   0x0800d920   0x00000124   Code   RO         6538    i.net_ip4_send_frame  Net4_CM3_L.lib(net_ip4.o)
    0x0800da44   0x0800da44   0x0000002a   Code   RO         6540    i.net_ip4_tx_offl_hl  Net4_CM3_L.lib(net_ip4.o)
    0x0800da6e   0x0800da6e   0x00000002   PAD
    0x0800da70   0x0800da70   0x00000010   Code   RO         5892    i.net_loop_iface_init  Net4_CM3_L.lib(net_loopback.o)
    0x0800da80   0x0800da80   0x00000078   Code   RO         5893    i.net_loop_iface_run  Net4_CM3_L.lib(net_loopback.o)
    0x0800daf8   0x0800daf8   0x00000058   Code   RO         5895    i.net_loop_send_frame  Net4_CM3_L.lib(net_loopback.o)
    0x0800db50   0x0800db50   0x0000008c   Code   RO         6586    i.net_mem_alloc     Net4_CM3_L.lib(net_mem.o)
    0x0800dbdc   0x0800dbdc   0x0000001c   Code   RO         6587    i.net_mem_avail     Net4_CM3_L.lib(net_mem.o)
    0x0800dbf8   0x0800dbf8   0x0000006c   Code   RO         6588    i.net_mem_free      Net4_CM3_L.lib(net_mem.o)
    0x0800dc64   0x0800dc64   0x0000005c   Code   RO         6589    i.net_mem_init      Net4_CM3_L.lib(net_mem.o)
    0x0800dcc0   0x0800dcc0   0x00000038   Code   RO         6590    i.net_mem_shrink    Net4_CM3_L.lib(net_mem.o)
    0x0800dcf8   0x0800dcf8   0x00000030   Code   RO         6112    i.net_nbns_client_init  Net4_CM3_L.lib(net_nbns_client.o)
    0x0800dd28   0x0800dd28   0x00000038   Code   RO         6276    i.net_path          Net4_CM3_L.lib(net_sys.o)
    0x0800dd60   0x0800dd60   0x00000010   Code   RO         6247    i.net_ping_client_init  Net4_CM3_L.lib(net_ping_core.o)
    0x0800dd70   0x0800dd70   0x00000040   Code   RO         6248    i.net_ping_client_run  Net4_CM3_L.lib(net_ping_core.o)
    0x0800ddb0   0x0800ddb0   0x0000001c   Code   RO         6277    i.net_rand32        Net4_CM3_L.lib(net_sys.o)
    0x0800ddcc   0x0800ddcc   0x0000002e   Code   RO         6611    i.net_strcasecmp    Net4_CM3_L.lib(net_common.o)
    0x0800ddfa   0x0800ddfa   0x0000001a   Code   RO         6613    i.net_strcmp        Net4_CM3_L.lib(net_common.o)
    0x0800de14   0x0800de14   0x00000012   Code   RO         6614    i.net_strcpy        Net4_CM3_L.lib(net_common.o)
    0x0800de26   0x0800de26   0x0000001c   Code   RO         6616    i.net_strnchr       Net4_CM3_L.lib(net_common.o)
    0x0800de42   0x0800de42   0x0000001a   Code   RO         6617    i.net_strncpy       Net4_CM3_L.lib(net_common.o)
    0x0800de5c   0x0800de5c   0x00000020   Code   RO         6618    i.net_strtoupper    Net4_CM3_L.lib(net_common.o)
    0x0800de7c   0x0800de7c   0x00000002   Code   RO         5153    i.net_sys_error     net_config.o
    0x0800de7e   0x0800de7e   0x00000002   PAD
    0x0800de80   0x0800de80   0x0000000c   Code   RO         6278    i.net_sys_lock      Net4_CM3_L.lib(net_sys.o)
    0x0800de8c   0x0800de8c   0x00000016   Code   RO         6279    i.net_sys_resume    Net4_CM3_L.lib(net_sys.o)
    0x0800dea2   0x0800dea2   0x00000002   PAD
    0x0800dea4   0x0800dea4   0x00000014   Code   RO         6281    i.net_sys_tick      Net4_CM3_L.lib(net_sys.o)
    0x0800deb8   0x0800deb8   0x0000000c   Code   RO         6282    i.net_sys_unlock    Net4_CM3_L.lib(net_sys.o)
    0x0800dec4   0x0800dec4   0x00000020   Code   RO         6284    i.net_sys_wakeup    Net4_CM3_L.lib(net_sys.o)
    0x0800dee4   0x0800dee4   0x00000058   Code   RO         6004    i.net_tcp_abort     Net4_CM3_L.lib(net_tcp.o)
    0x0800df3c   0x0800df3c   0x000000a0   Code   RO         6007    i.net_tcp_close     Net4_CM3_L.lib(net_tcp.o)
    0x0800dfdc   0x0800dfdc   0x0000001e   Code   RO         6010    i.net_tcp_get_buf   Net4_CM3_L.lib(net_tcp.o)
    0x0800dffa   0x0800dffa   0x00000002   PAD
    0x0800dffc   0x0800dffc   0x00000030   Code   RO         6012    i.net_tcp_get_local_port  Net4_CM3_L.lib(net_tcp.o)
    0x0800e02c   0x0800e02c   0x00000024   Code   RO         6013    i.net_tcp_get_mss   Net4_CM3_L.lib(net_tcp.o)
    0x0800e050   0x0800e050   0x00000048   Code   RO         6015    i.net_tcp_get_peer  Net4_CM3_L.lib(net_tcp.o)
    0x0800e098   0x0800e098   0x00000044   Code   RO         6017    i.net_tcp_get_socket  Net4_CM3_L.lib(net_tcp.o)
    0x0800e0dc   0x0800e0dc   0x00000028   Code   RO         6018    i.net_tcp_get_state  Net4_CM3_L.lib(net_tcp.o)
    0x0800e104   0x0800e104   0x00000030   Code   RO         6019    i.net_tcp_get_timer  Net4_CM3_L.lib(net_tcp.o)
    0x0800e134   0x0800e134   0x00000070   Code   RO         6020    i.net_tcp_listen    Net4_CM3_L.lib(net_tcp.o)
    0x0800e1a4   0x0800e1a4   0x000004ce   Code   RO         6022    i.net_tcp_process   Net4_CM3_L.lib(net_tcp.o)
    0x0800e672   0x0800e672   0x00000002   PAD
    0x0800e674   0x0800e674   0x000000e0   Code   RO         6026    i.net_tcp_send      Net4_CM3_L.lib(net_tcp.o)
    0x0800e754   0x0800e754   0x00000094   Code   RO         6028    i.net_tcp_set_option  Net4_CM3_L.lib(net_tcp.o)
    0x0800e7e8   0x0800e7e8   0x00000014   Code   RO         6029    i.net_tcp_socket_init  Net4_CM3_L.lib(net_tcp.o)
    0x0800e7fc   0x0800e7fc   0x000002c4   Code   RO         6030    i.net_tcp_socket_run  Net4_CM3_L.lib(net_tcp.o)
    0x0800eac0   0x0800eac0   0x0000001e   Code   RO         5941    i.net_udp_get_buf   Net4_CM3_L.lib(net_udp.o)
    0x0800eade   0x0800eade   0x00000002   PAD
    0x0800eae0   0x0800eae0   0x00000048   Code   RO         5944    i.net_udp_get_socket  Net4_CM3_L.lib(net_udp.o)
    0x0800eb28   0x0800eb28   0x0000006c   Code   RO         5946    i.net_udp_open      Net4_CM3_L.lib(net_udp.o)
    0x0800eb94   0x0800eb94   0x000000d4   Code   RO         5947    i.net_udp_process   Net4_CM3_L.lib(net_udp.o)
    0x0800ec68   0x0800ec68   0x00000168   Code   RO         5950    i.net_udp_send_if   Net4_CM3_L.lib(net_udp.o)
    0x0800edd0   0x0800edd0   0x00000010   Code   RO         5952    i.net_udp_socket_init  Net4_CM3_L.lib(net_udp.o)
    0x0800ede0   0x0800ede0   0x00000034   Code   RO         5154    i.netif_create      net_config.o
    0x0800ee14   0x0800ee14   0x00000008   Code   RO         5156    i.netif_lock        net_config.o
    0x0800ee1c   0x0800ee1c   0x00000004   Code   RO         5157    i.netif_unlock      net_config.o
    0x0800ee20   0x0800ee20   0x0000000e   Code   RO         5158    i.netos_delay       net_config.o
    0x0800ee2e   0x0800ee2e   0x00000006   Code   RO         5159    i.netos_flag_clear  net_config.o
    0x0800ee34   0x0800ee34   0x00000004   Code   RO         5160    i.netos_flag_set    net_config.o
    0x0800ee38   0x0800ee38   0x00000018   Code   RO         5161    i.netos_flag_wait   net_config.o
    0x0800ee50   0x0800ee50   0x0000001c   Code   RO         5162    i.netos_init        net_config.o
    0x0800ee6c   0x0800ee6c   0x00000008   Code   RO         5163    i.netos_lock        net_config.o
    0x0800ee74   0x0800ee74   0x00000014   Code   RO         5164    i.netos_mutex_create  net_config.o
    0x0800ee88   0x0800ee88   0x00000014   Code   RO         5166    i.netos_thread_create  net_config.o
    0x0800ee9c   0x0800ee9c   0x00000004   Code   RO         5169    i.netos_thread_pass  net_config.o
    0x0800eea0   0x0800eea0   0x00000014   Code   RO         5170    i.netos_timer_create  net_config.o
    0x0800eeb4   0x0800eeb4   0x00000016   Code   RO         5172    i.netos_timer_start  net_config.o
    0x0800eeca   0x0800eeca   0x00000004   Code   RO         5173    i.netos_unlock      net_config.o
    0x0800eece   0x0800eece   0x00000002   Code   RO         1087    i.osRtxErrorNotify  rtx_config.o
    0x0800eed0   0x0800eed0   0x00000002   Code   RO         1088    i.osRtxIdleThread   rtx_config.o
    0x0800eed2   0x0800eed2   0x00000002   PAD
    0x0800eed4   0x0800eed4   0x00000014   Code   RO         6251    i.ping_send_req     Net4_CM3_L.lib(net_ping_core.o)
    0x0800eee8   0x0800eee8   0x00000058   Code   RO         6177    i.proc_req_line     Net4_CM3_L.lib(net_http_server.o)
    0x0800ef40   0x0800ef40   0x0000001a   Code   RO         5915    i.que_free_list     Net4_CM3_L.lib(net_ip4_frag.o)
    0x0800ef5a   0x0800ef5a   0x000000a0   Code   RO         6178    i.read_script_line  Net4_CM3_L.lib(net_http_server.o)
    0x0800effa   0x0800effa   0x00000002   PAD
    0x0800effc   0x0800effc   0x0000000c   Code   RO         1007    i.reset_Watchdog    watchdog.o
    0x0800f008   0x0800f008   0x00000048   Code   RO         6179    i.search_delim      Net4_CM3_L.lib(net_http_server.o)
    0x0800f050   0x0800f050   0x0000004c   Code   RO          908    i.setFecha          rtc.o
    0x0800f09c   0x0800f09c   0x0000004c   Code   RO          909    i.setHora           rtc.o
    0x0800f0e8   0x0800f0e8   0x00000018   Code   RO         6285    i.sys_map_if        Net4_CM3_L.lib(net_sys.o)
    0x0800f100   0x0800f100   0x0000004c   Code   RO         6286    i.sys_proc_tick     Net4_CM3_L.lib(net_sys.o)
    0x0800f14c   0x0800f14c   0x000000a8   Code   RO         6032    i.tcp_map_socket    Net4_CM3_L.lib(net_tcp.o)
    0x0800f1f4   0x0800f1f4   0x0000005e   Code   RO         6033    i.tcp_parse_opt     Net4_CM3_L.lib(net_tcp.o)
    0x0800f252   0x0800f252   0x00000002   PAD
    0x0800f254   0x0800f254   0x000000c4   Code   RO         6034    i.tcp_proc_acknr    Net4_CM3_L.lib(net_tcp.o)
    0x0800f318   0x0800f318   0x00000052   Code   RO         6035    i.tcp_proc_dupack   Net4_CM3_L.lib(net_tcp.o)
    0x0800f36a   0x0800f36a   0x0000001a   Code   RO         6036    i.tcp_que_free      Net4_CM3_L.lib(net_tcp.o)
    0x0800f384   0x0800f384   0x0000001a   Code   RO         6037    i.tcp_que_init      Net4_CM3_L.lib(net_tcp.o)
    0x0800f39e   0x0800f39e   0x00000002   PAD
    0x0800f3a0   0x0800f3a0   0x00000094   Code   RO         6038    i.tcp_que_resend    Net4_CM3_L.lib(net_tcp.o)
    0x0800f434   0x0800f434   0x0000007a   Code   RO         6039    i.tcp_send_ctrl     Net4_CM3_L.lib(net_tcp.o)
    0x0800f4ae   0x0800f4ae   0x0000005e   Code   RO         6040    i.tcp_send_data     Net4_CM3_L.lib(net_tcp.o)
    0x0800f50c   0x0800f50c   0x00000070   Code   RO         6041    i.tcp_send_reset    Net4_CM3_L.lib(net_tcp.o)
    0x0800f57c   0x0800f57c   0x00000026   Code   RO         6042    i.tcp_set_cwnd      Net4_CM3_L.lib(net_tcp.o)
    0x0800f5a2   0x0800f5a2   0x00000002   PAD
    0x0800f5a4   0x0800f5a4   0x00000068   Code   RO         6043    i.tcp_transit       Net4_CM3_L.lib(net_tcp.o)
    0x0800f60c   0x0800f60c   0x000000c8   Code   RO         6044    i.tcp_write         Net4_CM3_L.lib(net_tcp.o)
    0x0800f6d4   0x0800f6d4   0x00000004   Code   RO           13    i.temperatura       http_server.o
    0x0800f6d8   0x0800f6d8   0x0000003c   Code   RO          786    i.tx_USART          usart.o
    0x0800f714   0x0800f714   0x0000002c   Code   RO         5954    i.udp_port_in_use   Net4_CM3_L.lib(net_udp.o)
    0x0800f740   0x0800f740   0x0000010c   Code   RO          986    i.unix_time_in_seconds  mktime.o
    0x0800f84c   0x0800f84c   0x000000f0   Code   RO         6180    i.utc_to_http       Net4_CM3_L.lib(net_http_server.o)
    0x0800f93c   0x0800f93c   0x00000044   Code   RO          682    i.wr_cmd            lcd.o
    0x0800f980   0x0800f980   0x00000044   Code   RO          683    i.wr_data           lcd.o
    0x0800f9c4   0x0800f9c4   0x00000024   Data   RO           16    .constdata          http_server.o
    0x0800f9e8   0x0800f9e8   0x00000018   Data   RO          368    .constdata          led.o
    0x0800fa00   0x0800fa00   0x00000004   Data   RO          415    .constdata          web.o
    0x0800fa04   0x0800fa04   0x0000749b   Data   RO          416    .constdata          web.o
    0x08016e9f   0x08016e9f   0x00000001   PAD
    0x08016ea0   0x08016ea0   0x000000c0   Data   RO          417    .constdata          web.o
    0x08016f60   0x08016f60   0x00000960   Data   RO          687    .constdata          lcd.o
    0x080178c0   0x080178c0   0x00000024   Data   RO         1047    .constdata          rtx_lib.o
    0x080178e4   0x080178e4   0x00000024   Data   RO         1048    .constdata          rtx_lib.o
    0x08017908   0x08017908   0x00000018   Data   RO         1049    .constdata          rtx_lib.o
    0x08017920   0x08017920   0x00000004   Data   RO         1050    .constdata          rtx_lib.o
    0x08017924   0x08017924   0x00000004   Data   RO         1127    .constdata          phy_lan8742a.o
    0x08017928   0x08017928   0x00000020   Data   RO         1128    .constdata          phy_lan8742a.o
    0x08017948   0x08017948   0x00000050   Data   RO         1202    .constdata          emac_stm32f4xx.o
    0x08017998   0x08017998   0x00000044   Data   RO         1203    .constdata          emac_stm32f4xx.o
    0x080179dc   0x080179dc   0x00000038   Data   RO         1349    .constdata          i2c_stm32f4xx.o
    0x08017a14   0x08017a14   0x00000030   Data   RO         1350    .constdata          i2c_stm32f4xx.o
    0x08017a44   0x08017a44   0x00000034   Data   RO         1500    .constdata          spi_stm32f4xx.o
    0x08017a78   0x08017a78   0x00000010   Data   RO         1501    .constdata          spi_stm32f4xx.o
    0x08017a88   0x08017a88   0x00000010   Data   RO         1502    .constdata          spi_stm32f4xx.o
    0x08017a98   0x08017a98   0x0000002c   Data   RO         1503    .constdata          spi_stm32f4xx.o
    0x08017ac4   0x08017ac4   0x00000038   Data   RO         1663    .constdata          usart_stm32f4xx.o
    0x08017afc   0x08017afc   0x0000000c   Data   RO         1664    .constdata          usart_stm32f4xx.o
    0x08017b08   0x08017b08   0x0000000c   Data   RO         1665    .constdata          usart_stm32f4xx.o
    0x08017b14   0x08017b14   0x00000038   Data   RO         1666    .constdata          usart_stm32f4xx.o
    0x08017b4c   0x08017b4c   0x00000008   Data   RO         2415    .constdata          stm32f4xx_hal_dma.o
    0x08017b54   0x08017b54   0x00000010   Data   RO         5104    .constdata          system_stm32f4xx.o
    0x08017b64   0x08017b64   0x00000008   Data   RO         5105    .constdata          system_stm32f4xx.o
    0x08017b6c   0x08017b6c   0x000000a8   Data   RO         5189    .constdata          net_config.o
    0x08017c14   0x08017c14   0x0000001c   Data   RO         5190    .constdata          net_config.o
    0x08017c30   0x08017c30   0x00000014   Data   RO         5191    .constdata          net_config.o
    0x08017c44   0x08017c44   0x00000024   Data   RO         5192    .constdata          net_config.o
    0x08017c68   0x08017c68   0x0000002c   Data   RO         5193    .constdata          net_config.o
    0x08017c94   0x08017c94   0x00000008   Data   RO         5194    .constdata          net_config.o
    0x08017c9c   0x08017c9c   0x00000008   Data   RO         5196    .constdata          net_config.o
    0x08017ca4   0x08017ca4   0x00000004   Data   RO         5197    .constdata          net_config.o
    0x08017ca8   0x08017ca8   0x00000004   Data   RO         5198    .constdata          net_config.o
    0x08017cac   0x08017cac   0x00000008   Data   RO         5199    .constdata          net_config.o
    0x08017cb4   0x08017cb4   0x00000008   Data   RO         5200    .constdata          net_config.o
    0x08017cbc   0x08017cbc   0x0000000c   Data   RO         5201    .constdata          net_config.o
    0x08017cc8   0x08017cc8   0x00000018   Data   RO         5202    .constdata          net_config.o
    0x08017ce0   0x08017ce0   0x00000034   Data   RO         5203    .constdata          net_config.o
    0x08017d14   0x08017d14   0x00000028   Data   RO         5204    .constdata          net_config.o
    0x08017d3c   0x08017d3c   0x00000020   Data   RO         5205    .constdata          net_config.o
    0x08017d5c   0x08017d5c   0x00000010   Data   RO         5207    .constdata          net_config.o
    0x08017d6c   0x08017d6c   0x00000010   Data   RO         5208    .constdata          net_config.o
    0x08017d7c   0x08017d7c   0x0000002c   Data   RO         5896    .constdata          Net4_CM3_L.lib(net_loopback.o)
    0x08017da8   0x08017da8   0x0000000c   Data   RO         5897    .constdata          Net4_CM3_L.lib(net_loopback.o)
    0x08017db4   0x08017db4   0x00000008   Data   RO         6114    .constdata          Net4_CM3_L.lib(net_nbns_client.o)
    0x08017dbc   0x08017dbc   0x000000fa   Data   RO         6182    .constdata          Net4_CM3_L.lib(net_http_server.o)
    0x08017eb6   0x08017eb6   0x00000012   Data   RO         6253    .constdata          Net4_CM3_L.lib(net_ping_core.o)
    0x08017ec8   0x08017ec8   0x00000006   Data   RO         6333    .constdata          Net4_CM3_L.lib(net_addr.o)
    0x08017ece   0x08017ece   0x00000006   Data   RO         6334    .constdata          Net4_CM3_L.lib(net_addr.o)
    0x08017ed4   0x08017ed4   0x00000004   Data   RO         6542    .constdata          Net4_CM3_L.lib(net_ip4.o)
    0x08017ed8   0x08017ed8   0x00000018   Data   RO         6576    .constdata          Net4_CM3_L.lib(net_http_server_err.o)
    0x08017ef0   0x08017ef0   0x00000004   Data   RO         6638    .constdata          Net4_CM3_L.lib(net_version.o)
    0x08017ef4   0x08017ef4   0x00000081   Data   RO         7002    .constdata          mc_w.l(ctype_o.o)
    0x08017f75   0x08017f75   0x00000003   PAD
    0x08017f78   0x08017f78   0x00000004   Data   RO         7003    .constdata          mc_w.l(ctype_o.o)
    0x08017f7c   0x08017f7c   0x000000da   Data   RO          263    .conststring        http_server_cgi.o
    0x08018056   0x08018056   0x00000002   PAD
    0x08018058   0x08018058   0x00000078   Data   RO         5209    .conststring        net_config.o
    0x080180d0   0x080180d0   0x00000008   Data   RO         5210    .conststring        net_config.o
    0x080180d8   0x080180d8   0x00000040   Data   RO         5211    .conststring        net_config.o
    0x08018118   0x08018118   0x00000001   Data   RO         5212    .conststring        net_config.o
    0x08018119   0x08018119   0x00000003   PAD
    0x0801811c   0x0801811c   0x00000203   Data   RO         6577    .conststring        Net4_CM3_L.lib(net_http_server_err.o)
    0x0801831f   0x0801831f   0x00000001   PAD
    0x08018320   0x08018320   0x000000a0   Data   RO         1052    .rodata             rtx_lib.o
    0x080183c0   0x080183c0   0x0000000b   Data   RO         5489    .rodata.str1.4      RTX_CM4F.lib(rtx_kernel.o)
    0x080183cb   0x080183cb   0x00000001   PAD
    0x080183cc   0x080183cc   0x00000020   Data   RO         7037    Region$$Table       anon$$obj.o


    Execution Region RW_IRAM1 (Exec base: 0x20000000, Load base: 0x080183ec, Size: 0x0000f788, Max: 0x00030000, ABSOLUTE, COMPRESSED[0x00000184])

    Exec Addr    Load Addr    Size         Type   Attr      Idx    E Section Name        Object

    0x20000000   COMPRESSED   0x00008000   Data   RW         1039    .bss.os             rtx_lib.o
    0x20008000   COMPRESSED   0x00000040   Data   RW         1040    .bss.os             rtx_lib.o
    0x20008040   COMPRESSED   0x00000034   Data   RW         1041    .bss.os.msgqueue.cb  rtx_lib.o
    0x20008074   COMPRESSED   0x00000050   Data   RW         1042    .bss.os.msgqueue.mem  rtx_lib.o
    0x200080c4   COMPRESSED   0x0000001c   Data   RW         5181    .bss.os.mutex.cb    net_config.o
    0x200080e0   COMPRESSED   0x0000001c   Data   RW         5182    .bss.os.mutex.cb    net_config.o
    0x200080fc   COMPRESSED   0x00000010   Data   RW         5183    .bss.os.semaphore.cb  net_config.o
    0x2000810c   COMPRESSED   0x00000044   Data   RW         1043    .bss.os.thread.cb   rtx_lib.o
    0x20008150   COMPRESSED   0x00000044   Data   RW         1044    .bss.os.thread.cb   rtx_lib.o
    0x20008194   COMPRESSED   0x00000044   Data   RW         5184    .bss.os.thread.cb   net_config.o
    0x200081d8   COMPRESSED   0x00000044   Data   RW         5185    .bss.os.thread.cb   net_config.o
    0x2000821c   COMPRESSED   0x00000004   PAD
    0x20008220   COMPRESSED   0x00000200   Data   RW         1045    .bss.os.thread.stack  rtx_lib.o
    0x20008420   COMPRESSED   0x00000200   Data   RW         1046    .bss.os.thread.stack  rtx_lib.o
    0x20008620   COMPRESSED   0x00000400   Data   RW         5186    .bss.os.thread.stack  net_config.o
    0x20008a20   COMPRESSED   0x00000400   Data   RW         5187    .bss.os.thread.stack  net_config.o
    0x20008e20   COMPRESSED   0x00000020   Data   RW         5188    .bss.os.timer.cb    net_config.o
    0x20008e40   COMPRESSED   0x00000074   Data   RW           17    .data               http_server.o
    0x20008eb4   COMPRESSED   0x0000000c   Data   RW          264    .data               http_server_cgi.o
    0x20008ec0   COMPRESSED   0x00000004   Data   RW          315    .data               main.o
    0x20008ec4   COMPRESSED   0x00000004   Data   RW          469    .data               temp.o
    0x20008ec8   COMPRESSED   0x00000028   Data   RW          695    .data               lcd.o
    0x20008ef0   COMPRESSED   0x00000004   Data   RW          787    .data               usart.o
    0x20008ef4   COMPRESSED   0x00000004   Data   RW          911    .data               rtc.o
    0x20008ef8   COMPRESSED   0x00000068   Data   RW          987    .data               mktime.o
    0x20008f60   COMPRESSED   0x0000000c   Data   RW         1821    .data               stm32f4xx_hal.o
    0x20008f6c   COMPRESSED   0x00000004   Data   RW         5106    .data               system_stm32f4xx.o
    0x20008f70   COMPRESSED   0x00000004   Data   RW         5213    .data               net_config.o
    0x20008f74   COMPRESSED   0x00000006   Data   RW         5214    .data               net_config.o
    0x20008f7a   COMPRESSED   0x00000004   Data   RW         5215    .data               net_config.o
    0x20008f7e   COMPRESSED   0x00000002   PAD
    0x20008f80   COMPRESSED   0x00000004   Data   RW         5898    .data               Net4_CM3_L.lib(net_loopback.o)
    0x20008f84   COMPRESSED   0x00000004   Data   RW         5916    .data               Net4_CM3_L.lib(net_ip4_frag.o)
    0x20008f88   COMPRESSED   0x00000002   Data   RW         5956    .data               Net4_CM3_L.lib(net_udp.o)
    0x20008f8a   COMPRESSED   0x00000004   Data   RW         6047    .data               Net4_CM3_L.lib(net_tcp.o)
    0x20008f8e   COMPRESSED   0x00000001   Data   RW         6115    .data               Net4_CM3_L.lib(net_nbns_client.o)
    0x20008f8f   COMPRESSED   0x00000001   PAD
    0x20008f90   COMPRESSED   0x0000000c   Data   RW         6183    .data               Net4_CM3_L.lib(net_http_server.o)
    0x20008f9c   COMPRESSED   0x00000008   Data   RW         6543    .data               Net4_CM3_L.lib(net_ip4.o)
    0x20008fa4   COMPRESSED   0x00000004   Data   RW         6959    .data               mc_w.l(stdout.o)
    0x20008fa8   COMPRESSED   0x00000004   Data   RW         6969    .data               mc_w.l(errno.o)
    0x20008fac   COMPRESSED   0x000000a4   Data   RW         5490    .data.os            RTX_CM4F.lib(rtx_kernel.o)
    0x20009050        -       0x000000b1   Zero   RW           14    .bss                http_server.o
    0x20009101   COMPRESSED   0x00000007   PAD
    0x20009108        -       0x00000400   Zero   RW           15    .bss                http_server.o
    0x20009508        -       0x0000009c   Zero   RW          262    .bss                http_server_cgi.o
    0x200095a4        -       0x00000048   Zero   RW          436    .bss                adc.o
    0x200095ec        -       0x00000040   Zero   RW          638    .bss                delay.o
    0x2000962c        -       0x00000200   Zero   RW          684    .bss                lcd.o
    0x2000982c        -       0x00000080   Zero   RW          828    .bss                rgb.o
    0x200098ac        -       0x00000034   Zero   RW          910    .bss                rtc.o
    0x200098e0        -       0x0000000c   Zero   RW         1008    .bss                watchdog.o
    0x200098ec        -       0x0000000c   Zero   RW         1126    .bss                phy_lan8742a.o
    0x200098f8        -       0x000024cc   Zero   RW         1201    .bss                emac_stm32f4xx.o
    0x2000bdc4        -       0x00000028   Zero   RW         1348    .bss                i2c_stm32f4xx.o
    0x2000bdec        -       0x00000010   Zero   RW         1498    .bss                spi_stm32f4xx.o
    0x2000bdfc        -       0x0000001c   Zero   RW         1499    .bss                spi_stm32f4xx.o
    0x2000be18        -       0x00000014   Zero   RW         1661    .bss                usart_stm32f4xx.o
    0x2000be2c        -       0x00000024   Zero   RW         1662    .bss                usart_stm32f4xx.o
    0x2000be50        -       0x00002ee0   Zero   RW         5174    .bss                net_config.o
    0x2000ed30        -       0x000000c8   Zero   RW         5175    .bss                net_config.o
    0x2000edf8        -       0x00000018   Zero   RW         5176    .bss                net_config.o
    0x2000ee10        -       0x00000028   Zero   RW         5177    .bss                net_config.o
    0x2000ee38        -       0x00000050   Zero   RW         5178    .bss                net_config.o
    0x2000ee88        -       0x000001e0   Zero   RW         5179    .bss                net_config.o
    0x2000f068        -       0x00000150   Zero   RW         5180    .bss                net_config.o
    0x2000f1b8        -       0x000000a0   Zero   RW         5795    .bss                Net4_CM3_L.lib(net_eth.o)
    0x2000f258        -       0x00000018   Zero   RW         5854    .bss                Net4_CM3_L.lib(net_arp.o)
    0x2000f270        -       0x00000010   Zero   RW         5955    .bss                Net4_CM3_L.lib(net_udp.o)
    0x2000f280        -       0x00000098   Zero   RW         6181    .bss                Net4_CM3_L.lib(net_http_server.o)
    0x2000f318        -       0x00000020   Zero   RW         6252    .bss                Net4_CM3_L.lib(net_ping_core.o)
    0x2000f338        -       0x00000038   Zero   RW         6287    .bss                Net4_CM3_L.lib(net_sys.o)
    0x2000f370        -       0x00000014   Zero   RW         6592    .bss                Net4_CM3_L.lib(net_mem.o)
    0x2000f384        -       0x00000001   Zero   RW         6517    .bss.PendST         RTX_CM4F.lib(os_systick.o)
    0x2000f385   COMPRESSED   0x00000003   PAD
    0x2000f388        -       0x00000400   Zero   RW         5092    STACK               startup_stm32f429xx.o


==============================================================================

Image component sizes


      Code (inc. data)   RO Data    RW Data    ZI Data      Debug   Object Name

       116         14          0          0         72       1326   adc.o
       116         14          0          0         64       1732   delay.o
      2422        260        148          0       9420      55130   emac_stm32f4xx.o
      1126        206         36        116       1201     813971   http_server.o
      1804        350        218         12        156       8816   http_server_cgi.o
      4398        174        104          0         40      25244   i2c_stm32f4xx.o
       924         70       2400         40        512      11731   lcd.o
       262         18         24          0          0       3235   led.o
       504        208          0          4          0       2681   main.o
       268         10          0        104          0       1911   mktime.o
       326         48        721       2302      13160      41516   net_config.o
       436         36         36          0         12       9782   phy_lan8742a.o
       424         36          0          0        128       4016   rgb.o
       488        174          0          4         52       5806   rtc.o
         4          0          0          0          0       1033   rtx_config.o
         0          0        260      34124          0       9066   rtx_lib.o
      3092        226        128          0         44      55059   spi_stm32f4xx.o
        36          8        428          0       1024        876   startup_stm32f429xx.o
       144         18          0         12          0       8981   stm32f4xx_hal.o
      1140         60          0          0          0       5858   stm32f4xx_hal_adc.o
       258         14          0          0          0      36100   stm32f4xx_hal_cortex.o
       664         12          8          0          0       6849   stm32f4xx_hal_dma.o
       884        102          0          0          0       4477   stm32f4xx_hal_gpio.o
        94          0          0          0          0       2051   stm32f4xx_hal_iwdg.o
       438         62          0          0          0       3735   stm32f4xx_hal_msp.o
        12          4          0          0          0        623   stm32f4xx_hal_pwr.o
       112         14          0          0          0       1500   stm32f4xx_hal_pwr_ex.o
      1344         82          0          0          0       6312   stm32f4xx_hal_rcc.o
       596         36          0          0          0       1824   stm32f4xx_hal_rcc_ex.o
       916         30          0          0          0       8336   stm32f4xx_hal_rtc.o
        76          0          0          0          0       1393   stm32f4xx_hal_rtc_ex.o
      1448         98          0          0          0      15552   stm32f4xx_hal_tim.o
       228         28          0          0          0       2452   stm32f4xx_hal_tim_ex.o
        12          0          0          0          0       2765   stm32f4xx_it.o
       152         26         24          4          0       2131   system_stm32f4xx.o
       168         16          0          4          0       1794   temp.o
       124         10          0          4          0       1956   usart.o
      4268        240        136          0         56      27135   usart_stm32f4xx.o
        52         16          0          0         12       1186   watchdog.o
        92         10      30047          0          0       1696   web.o

    ----------------------------------------------------------------------
     30016       2730      34756      36736      25960    1197637   Object Totals
         0          0         32          0          0          0   (incl. Generated)
        48          0          6          6          7          0   (incl. Padding)

    ----------------------------------------------------------------------

      Code (inc. data)   RO Data    RW Data    ZI Data      Debug   Library Member Name

       430         58         12          0          0        736   net_addr.o
      2090         58          0          0         24       1436   net_arp.o
       294          6          0          0          0        668   net_common.o
      2348         66          0          0        160       1588   net_eth.o
      5962       1270        250         12        152       2836   net_http_server.o
         0          0        539          0          0          0   net_http_server_err.o
       388         22          0          0          0        164   net_icmp.o
       980         60          4          8          0        948   net_ip4.o
       690         30          0          4          0        476   net_ip4_frag.o
       224         18         56          4          0        244   net_loopback.o
       448         46          0          0         20        556   net_mem.o
       344         22          8          1          0        180   net_nbns_client.o
       100         20         18          0         32        212   net_ping_core.o
       754         76          0          0         56       1012   net_sys.o
      4486        174          0          4          0       2600   net_tcp.o
       842         46          0          2         16        572   net_udp.o
         0          0          4          0          0          0   net_version.o
       196         12          0          0          0        540   irq_cm4f.o
       126         32          0          0          1       3108   os_systick.o
        56          4          0          0          0       2854   rtx_delay.o
       718         72         11        164          0      17231   rtx_kernel.o
       242          0          0          0          0       2478   rtx_memory.o
       186          0          0          0          0      16576   rtx_mempool.o
      1350         28          0          0          0      18694   rtx_msgqueue.o
       678         24          0          0          0      10004   rtx_mutex.o
       566         24          0          0          0      10885   rtx_semaphore.o
       368         26          0          0          0       5437   rtx_system.o
      2130        120          0          0          0      32850   rtx_thread.o
       524         40          0          0          0      10445   rtx_timer.o
        56          8          0          0          0         84   __0sscanf.o
        86          0          0          0          0          0   __dczerorl2.o
        28          0          0          0          0         68   _chval.o
       812          4          0          0          0        112   _scanf.o
       332          0          0          0          0         96   _scanf_int.o
        64          0          0          0          0         84   _sgetc.o
       158          0          0          0          0         92   _strtoul.o
        26          0          0          0          0         80   atoi.o
         8          4        133          0          0         68   ctype_o.o
         0          0          0          0          0          0   entry.o
         0          0          0          0          0          0   entry10a.o
         0          0          0          0          0          0   entry11a.o
         8          4          0          0          0          0   entry2.o
         4          0          0          0          0          0   entry5.o
         0          0          0          0          0          0   entry7b.o
         0          0          0          0          0          0   entry8b.o
         8          4          0          0          0          0   entry9a.o
         8          4          0          4          0         68   errno.o
        18          0          0          0          0         80   fputc.o
        30          0          0          0          0          0   handlers.o
        36          8          0          0          0         68   init.o
        18          0          0          0          0         76   isspace_o.o
         0          0          0          0          0          0   iusefp.o
         0          0          0          0          0          0   iusesemip.o
        30          0          0          0          0         68   llshl.o
        36          0          0          0          0         68   llsshr.o
        32          0          0          0          0         68   llushr.o
        26          0          0          0          0         80   memcmp.o
        36          0          0          0          0         68   memcpya.o
        36          0          0          0          0        108   memseta.o
      2308         96          0          0          0        604   printfa.o
        40          8          0          0          0         84   scanf_char.o
         0          0          0          0          0          0   semi.o
         0          0          0          4          0          0   stdout.o
        28          0          0          0          0         76   strcmp.o
        18          0          0          0          0         68   strcpy.o
        14          0          0          0          0         68   strlen.o
        30          0          0          0          0         80   strncmp.o
       112          0          0          0          0         88   strtol.o
        44          0          0          0          0         80   uidiv.o
        98          0          0          0          0         92   uldiv.o
        48          0          0          0          0         68   cdrcmple.o
        56          0          0          0          0         88   d2f.o
       334          0          0          0          0        148   dadd.o
       222          0          0          0          0        100   ddiv.o
       186          0          0          0          0        176   depilogue.o
        48          0          0          0          0         68   dfixul.o
        34          0          0          0          0         76   dflti.o
        26          0          0          0          0         76   dfltui.o
       228          0          0          0          0         96   dmul.o
        38          0          0          0          0         68   f2d.o
       110          0          0          0          0        168   fepilogue.o

    ----------------------------------------------------------------------
     33496       2494       1040        208        464     149138   Library Totals
        58          0          5          1          3          0   (incl. Padding)

    ----------------------------------------------------------------------

      Code (inc. data)   RO Data    RW Data    ZI Data      Debug   Library Name

     20380       1972        891         35        460      14228   Net4_CM3_L.lib
      7140        382         11        164          1     131102   RTX_CM4F.lib
      4588        140        133          8          0       2676   mc_w.l
      1330          0          0          0          0       1132   mf_w.l

    ----------------------------------------------------------------------
     33496       2494       1040        208        464     149138   Library Totals

    ----------------------------------------------------------------------

==============================================================================


      Code (inc. data)   RO Data    RW Data    ZI Data      Debug   

     63512       5224      35796      36944      26424    1308959   Grand Totals
     63512       5224      35796        388      26424    1308959   ELF Image Totals (compressed)
     63512       5224      35796        388          0          0   ROM Totals

==============================================================================

    Total RO  Size (Code + RO Data)                99308 (  96.98kB)
    Total RW  Size (RW Data + ZI Data)             63368 (  61.88kB)
    Total ROM Size (Code + RO Data + RW Data)      99696 (  97.36kB)

==============================================================================

