Component: ARM Compiler 5.06 update 6 (build 750) Tool: armlink [4d35ed]

==============================================================================

Section Cross References

    http_server.o(i.AD_in) refers to adc.o(i.lectura) for lectura
    http_server.o(i.BlinkLed) refers to led.o(i.LED_SetOut) for LED_SetOut
    http_server.o(i.BlinkLed) refers to http_server.o(i.temperatura) for temperatura
    http_server.o(i.BlinkLed) refers to rgb.o(i.apagar_LED_azul) for apagar_LED_azul
    http_server.o(i.BlinkLed) refers to rgb.o(i.encender_LED_rojo) for encender_LED_rojo
    http_server.o(i.BlinkLed) refers to rgb.o(i.apagar_LED_rojo) for apagar_LED_rojo
    http_server.o(i.BlinkLed) refers to rgb.o(i.encender_LED_azul) for encender_LED_azul
    http_server.o(i.BlinkLed) refers to rtx_delay.o(.text.osDelay) for osDelay
    http_server.o(i.BlinkLed) refers to http_server.o(.data) for .data
    http_server.o(i.Display) refers to lcd.o(i.GPIO_INIT) for GPIO_INIT
    http_server.o(i.Display) refers to lcd.o(i.LCD_reset) for LCD_reset
    http_server.o(i.Display) refers to lcd.o(i.lcd_clean) for lcd_clean
    http_server.o(i.Display) refers to printfa.o(i.__0sprintf) for __2sprintf
    http_server.o(i.Display) refers to lcd.o(i.actualizar) for actualizar
    http_server.o(i.Display) refers to rtx_delay.o(.text.osDelay) for osDelay
    http_server.o(i.Display) refers to net_sys.o(i.netIF_GetOption) for netIF_GetOption
    http_server.o(i.Display) refers to net_addr.o(i.netIP_ntoa) for netIP_ntoa
    http_server.o(i.Display) refers to rtx_thread.o(.text.osThreadFlagsWait) for osThreadFlagsWait
    http_server.o(i.Display) refers to usart.o(i.tx_USART) for tx_USART
    http_server.o(i.Display) refers to http_server.o(.data) for .data
    http_server.o(i.Display) refers to http_server.o(.bss) for .bss
    http_server.o(i.Rtc_setDate) refers to rtx_thread.o(.text.osThreadFlagsWait) for osThreadFlagsWait
    http_server.o(i.Rtc_setDate) refers to printfa.o(i.__0sprintf) for __2sprintf
    http_server.o(i.Rtc_setDate) refers to http_server.o(i.getNumber) for getNumber
    http_server.o(i.Rtc_setDate) refers to rtc.o(i.setFecha) for setFecha
    http_server.o(i.Rtc_setDate) refers to http_server.o(.data) for .data
    http_server.o(i.Rtc_setTime) refers to rtx_thread.o(.text.osThreadFlagsWait) for osThreadFlagsWait
    http_server.o(i.Rtc_setTime) refers to printfa.o(i.__0sprintf) for __2sprintf
    http_server.o(i.Rtc_setTime) refers to http_server.o(i.getNumber) for getNumber
    http_server.o(i.Rtc_setTime) refers to rtc.o(i.setHora) for setHora
    http_server.o(i.Rtc_setTime) refers to http_server.o(.data) for .data
    http_server.o(i.SNTP_thread) refers to rtx_thread.o(.text.osThreadFlagsWait) for osThreadFlagsWait
    http_server.o(i.Timer_SNTP_callback) refers to rtx_thread.o(.text.osThreadFlagsSet) for osThreadFlagsSet
    http_server.o(i.Timer_SNTP_callback) refers to http_server.o(.data) for .data
    http_server.o(i.app_main) refers to led.o(i.LED_Initialize) for LED_Initialize
    http_server.o(i.app_main) refers to temp.o(i.initI2c) for initI2c
    http_server.o(i.app_main) refers to adc.o(i.ADC1_Init) for ADC1_Init
    http_server.o(i.app_main) refers to usart.o(i.init_USART) for init_USART
    http_server.o(i.app_main) refers to rgb.o(i.initRGB) for initRGB
    http_server.o(i.app_main) refers to net_sys.o(i.netInitialize) for netInitialize
    http_server.o(i.app_main) refers to rtc.o(i.MX_RTC_Init) for MX_RTC_Init
    http_server.o(i.app_main) refers to rtc.o(i.setHora) for setHora
    http_server.o(i.app_main) refers to rtc.o(i.setFecha) for setFecha
    http_server.o(i.app_main) refers to rtx_thread.o(.text.osThreadNew) for osThreadNew
    http_server.o(i.app_main) refers to rtx_timer.o(.text.osTimerNew) for osTimerNew
    http_server.o(i.app_main) refers to rtx_timer.o(.text.osTimerStart) for osTimerStart
    http_server.o(i.app_main) refers to rtx_thread.o(.text.osThreadFlagsWait) for osThreadFlagsWait
    http_server.o(i.app_main) refers to rtx_thread.o(.text.osThreadFlagsSet) for osThreadFlagsSet
    http_server.o(i.app_main) refers to rtx_thread.o(.text.osThreadExit) for osThreadExit
    http_server.o(i.app_main) refers to http_server.o(i.BlinkLed) for BlinkLed
    http_server.o(i.app_main) refers to http_server.o(.data) for .data
    http_server.o(i.app_main) refers to http_server.o(i.Display) for Display
    http_server.o(i.app_main) refers to http_server.o(i.Rtc_setTime) for Rtc_setTime
    http_server.o(i.app_main) refers to http_server.o(i.Rtc_setDate) for Rtc_setDate
    http_server.o(i.app_main) refers to http_server.o(i.SNTP_thread) for SNTP_thread
    http_server.o(i.app_main) refers to http_server.o(i.Timer_SNTP_callback) for Timer_SNTP_callback
    http_server.o(i.netDHCP_Notify) refers to printfa.o(i.__0sprintf) for __2sprintf
[...]
    0x08000b98   0x08000b98   0x00000030   Code   RO         6998    .text               mf_w.l(dfixul.o)
    0x08000bc8   0x08000bc8   0x00000030   Code   RO         7000    .text               mf_w.l(cdrcmple.o)
    0x08000bf8   0x08000bf8   0x00000024   Code   RO         7002    .text               mc_w.l(init.o)
    0x08000c1c   0x08000c1c   0x00000000   Code   RO         7004    .text               mc_w.l(semi.o)
    0x08000c1c   0x08000c1c   0x00000024   Code   RO         7005    .text               mc_w.l(llsshr.o)
    0x08000c40   0x08000c40   0x00000008   Code   RO         7009    .text               mc_w.l(ctype_o.o)
    0x08000c48   0x08000c48   0x00000012   Code   RO         7031    .text               mc_w.l(isspace_o.o)
    0x08000c5a   0x08000c5a   0x00000002   PAD
    0x08000c5c   0x08000c5c   0x0000032c   Code   RO         7037    .text               mc_w.l(_scanf.o)
    0x08000f88   0x08000f88   0x0000009e   Code   RO         7039    .text               mc_w.l(_strtoul.o)
    0x08001026   0x08001026   0x00000000   Code   RO         7041    .text               mc_w.l(iusesemip.o)
    0x08001026   0x08001026   0x00000056   Code   RO         7052    .text               mc_w.l(__dczerorl2.o)
    0x0800107c   0x0800107c   0x00000040   Code   RO         6471    .text.MessageQueueGet  RTX_CM4F.lib(rtx_msgqueue.o)
    0x080010bc   0x080010bc   0x00000058   Code   RO         6465    .text.MessageQueuePut  RTX_CM4F.lib(rtx_msgqueue.o)
    0x08001114   0x08001114   0x0000001c   Code   RO         6463    .text.MessageQueueRemove  RTX_CM4F.lib(rtx_msgqueue.o)
    0x08001130   0x08001130   0x0000000c   Code   RO         6509    .text.OS_Tick_AcknowledgeIRQ  RTX_CM4F.lib(os_systick.o)
    0x0800113c   0x0800113c   0x0000002c   Code   RO         6505    .text.OS_Tick_Enable  RTX_CM4F.lib(os_systick.o)
    0x08001168   0x08001168   0x00000006   Code   RO         6511    .text.OS_Tick_GetIRQn  RTX_CM4F.lib(os_systick.o)
    0x0800116e   0x0800116e   0x00000002   PAD
    0x08001170   0x08001170   0x00000040   Code   RO         6503    .text.OS_Tick_Setup  RTX_CM4F.lib(os_systick.o)
    0x080011b0   0x080011b0   0x0000002e   Code   RO         5731    .text.SemaphoreTokenIncrement  RTX_CM4F.lib(rtx_semaphore.o)
    0x080011de   0x080011de   0x0000006e   Code   RO         5561    .text.ThreadFlagsCheck  RTX_CM4F.lib(rtx_thread.o)
    0x0800124c   0x0800124c   0x00000048   Code   RO         5647    .text.TimerInsert   RTX_CM4F.lib(rtx_timer.o)
    0x08001294   0x08001294   0x00000028   Code   RO         5655    .text.TimerRemove   RTX_CM4F.lib(rtx_timer.o)
    0x080012bc   0x080012bc   0x00000024   Code   RO         5614    .text.osDelay       RTX_CM4F.lib(rtx_delay.o)
    0x080012e0   0x080012e0   0x00000030   Code   RO         5422    .text.osKernelGetState  RTX_CM4F.lib(rtx_kernel.o)
    0x08001310   0x08001310   0x00000028   Code   RO         5438    .text.osKernelGetTickCount  RTX_CM4F.lib(rtx_kernel.o)
    0x08001338   0x08001338   0x00000028   Code   RO         5442    .text.osKernelGetTickFreq  RTX_CM4F.lib(rtx_kernel.o)
    0x08001360   0x08001360   0x0000002c   Code   RO         5416    .text.osKernelInitialize  RTX_CM4F.lib(rtx_kernel.o)
    0x0800138c   0x0800138c   0x00000024   Code   RO         5426    .text.osKernelStart  RTX_CM4F.lib(rtx_kernel.o)
    0x080013b0   0x080013b0   0x0000006c   Code   RO         6437    .text.osMessageQueueGet  RTX_CM4F.lib(rtx_msgqueue.o)
    0x0800141c   0x0800141c   0x00000024   Code   RO         6431    .text.osMessageQueueNew  RTX_CM4F.lib(rtx_msgqueue.o)
    0x08001440   0x08001440   0x00000078   Code   RO         6435    .text.osMessageQueuePut  RTX_CM4F.lib(rtx_msgqueue.o)
    0x080014b8   0x080014b8   0x00000024   Code   RO         5680    .text.osMutexAcquire  RTX_CM4F.lib(rtx_mutex.o)
    0x080014dc   0x080014dc   0x00000024   Code   RO         5676    .text.osMutexNew    RTX_CM4F.lib(rtx_mutex.o)
    0x08001500   0x08001500   0x00000024   Code   RO         5682    .text.osMutexRelease  RTX_CM4F.lib(rtx_mutex.o)
    0x08001524   0x08001524   0x00000002   Code   RO         5414    .text.osRtxKernelPreInit  RTX_CM4F.lib(rtx_kernel.o)
    0x08001526   0x08001526   0x00000070   Code   RO         6365    .text.osRtxMemoryAlloc  RTX_CM4F.lib(rtx_memory.o)
    0x08001596   0x08001596   0x00000046   Code   RO         6367    .text.osRtxMemoryFree  RTX_CM4F.lib(rtx_memory.o)
    0x080015dc   0x080015dc   0x0000003c   Code   RO         6363    .text.osRtxMemoryInit  RTX_CM4F.lib(rtx_memory.o)
    0x08001618   0x08001618   0x0000003a   Code   RO         6380    .text.osRtxMemoryPoolAlloc  RTX_CM4F.lib(rtx_mempool.o)
    0x08001652   0x08001652   0x0000004a   Code   RO         6382    .text.osRtxMemoryPoolFree  RTX_CM4F.lib(rtx_mempool.o)
    0x0800169c   0x0800169c   0x00000036   Code   RO         6378    .text.osRtxMemoryPoolInit  RTX_CM4F.lib(rtx_mempool.o)
    0x080016d2   0x080016d2   0x000000ba   Code   RO         6461    .text.osRtxMessageQueuePostProcess  RTX_CM4F.lib(rtx_msgqueue.o)
    0x0800178c   0x0800178c   0x00000048   Code   RO         5672    .text.osRtxMutexOwnerRelease  RTX_CM4F.lib(rtx_mutex.o)
    0x080017d4   0x080017d4   0x00000042   Code   RO         5674    .text.osRtxMutexOwnerRestore  RTX_CM4F.lib(rtx_mutex.o)
    0x08001816   0x08001816   0x00000002   PAD
    0x08001818   0x08001818   0x0000008c   Code   RO         6490    .text.osRtxPendSV_Handler  RTX_CM4F.lib(rtx_system.o)
    0x080018a4   0x080018a4   0x00000074   Code   RO         6492    .text.osRtxPostProcess  RTX_CM4F.lib(rtx_system.o)
    0x08001918   0x08001918   0x00000036   Code   RO         5725    .text.osRtxSemaphorePostProcess  RTX_CM4F.lib(rtx_semaphore.o)
    0x0800194e   0x0800194e   0x00000002   PAD
    0x08001950   0x08001950   0x00000038   Code   RO         5501    .text.osRtxThreadBlock  RTX_CM4F.lib(rtx_thread.o)
    0x08001988   0x08001988   0x00000074   Code   RO         5509    .text.osRtxThreadDelayInsert  RTX_CM4F.lib(rtx_thread.o)
    0x080019fc   0x080019fc   0x0000003c   Code   RO         5505    .text.osRtxThreadDelayRemove  RTX_CM4F.lib(rtx_thread.o)
    0x08001a38   0x08001a38   0x0000004c   Code   RO         5489    .text.osRtxThreadDelayTick  RTX_CM4F.lib(rtx_thread.o)
    0x08001a84   0x08001a84   0x00000058   Code   RO         5499    .text.osRtxThreadDispatch  RTX_CM4F.lib(rtx_thread.o)
    0x08001adc   0x08001adc   0x00000058   Code   RO         5585    .text.osRtxThreadFree  RTX_CM4F.lib(rtx_thread.o)
    0x08001b34   0x08001b34   0x00000012   Code   RO         5481    .text.osRtxThreadListGet  RTX_CM4F.lib(rtx_thread.o)
    0x08001b46   0x08001b46   0x0000002c   Code   RO         5479    .text.osRtxThreadListPut  RTX_CM4F.lib(rtx_thread.o)
    0x08001b72   0x08001b72   0x00000014   Code   RO         5485    .text.osRtxThreadListRemove  RTX_CM4F.lib(rtx_thread.o)
    0x08001b86   0x08001b86   0x0000000c   Code   RO         5491    .text.osRtxThreadListRoot  RTX_CM4F.lib(rtx_thread.o)
    0x08001b92   0x08001b92   0x00000026   Code   RO         5483    .text.osRtxThreadListSort  RTX_CM4F.lib(rtx_thread.o)
    0x08001bb8   0x08001bb8   0x00000028   Code   RO         5559    .text.osRtxThreadPostProcess  RTX_CM4F.lib(rtx_thread.o)
    0x08001be0   0x08001be0   0x00000014   Code   RO         5487    .text.osRtxThreadReadyPut  RTX_CM4F.lib(rtx_thread.o)
    0x08001bf4   0x08001bf4   0x00000014   Code   RO         5493    .text.osRtxThreadRegPtr  RTX_CM4F.lib(rtx_thread.o)
    0x08001c08   0x08001c08   0x00000028   Code   RO         5497    .text.osRtxThreadStackCheck  RTX_CM4F.lib(rtx_thread.o)
    0x08001c30   0x08001c30   0x00000040   Code   RO         5511    .text.osRtxThreadStartup  RTX_CM4F.lib(rtx_thread.o)
    0x08001c70   0x08001c70   0x00000010   Code   RO         5495    .text.osRtxThreadSwitch  RTX_CM4F.lib(rtx_thread.o)
    0x08001c80   0x08001c80   0x00000038   Code   RO         5507    .text.osRtxThreadWaitEnter  RTX_CM4F.lib(rtx_thread.o)
    0x08001cb8   0x08001cb8   0x00000032   Code   RO         5503    .text.osRtxThreadWaitExit  RTX_CM4F.lib(rtx_thread.o)
    0x08001cea   0x08001cea   0x00000002   PAD
    0x08001cec   0x08001cec   0x00000070   Code   RO         6488    .text.osRtxTick_Handler  RTX_CM4F.lib(rtx_system.o)
    0x08001d5c   0x08001d5c   0x0000003c   Code   RO         5631    .text.osRtxTimerThread  RTX_CM4F.lib(rtx_timer.o)
    0x08001d98   0x08001d98   0x00000054   Code   RO         5633    .text.osRtxTimerTick  RTX_CM4F.lib(rtx_timer.o)
    0x08001dec   0x08001dec   0x00000054   Code   RO         5713    .text.osSemaphoreAcquire  RTX_CM4F.lib(rtx_semaphore.o)
    0x08001e40   0x08001e40   0x00000024   Code   RO         5709    .text.osSemaphoreNew  RTX_CM4F.lib(rtx_semaphore.o)
    0x08001e64   0x08001e64   0x0000004c   Code   RO         5715    .text.osSemaphoreRelease  RTX_CM4F.lib(rtx_semaphore.o)
    0x08001eb0   0x08001eb0   0x0000000c   Code   RO         5543    .text.osThreadExit  RTX_CM4F.lib(rtx_thread.o)
    0x08001ebc   0x08001ebc   0x00000024   Code   RO         5553    .text.osThreadFlagsClear  RTX_CM4F.lib(rtx_thread.o)
    0x08001ee0   0x08001ee0   0x00000058   Code   RO         5551    .text.osThreadFlagsSet  RTX_CM4F.lib(rtx_thread.o)
    0x08001f38   0x08001f38   0x00000024   Code   RO         5557    .text.osThreadFlagsWait  RTX_CM4F.lib(rtx_thread.o)
    0x08001f5c   0x08001f5c   0x00000024   Code   RO         5515    .text.osThreadNew   RTX_CM4F.lib(rtx_thread.o)
    0x08001f80   0x08001f80   0x00000024   Code   RO         5533    .text.osThreadYield  RTX_CM4F.lib(rtx_thread.o)
    0x08001fa4   0x08001fa4   0x00000024   Code   RO         5635    .text.osTimerNew    RTX_CM4F.lib(rtx_timer.o)
    0x08001fc8   0x08001fc8   0x00000024   Code   RO         5639    .text.osTimerStart  RTX_CM4F.lib(rtx_timer.o)
    0x08001fec   0x08001fec   0x00000014   Code   RO         5618    .text.svcRtxDelay   RTX_CM4F.lib(rtx_delay.o)
    0x08002000   0x08002000   0x0000000c   Code   RO         5424    .text.svcRtxKernelGetState  RTX_CM4F.lib(rtx_kernel.o)
    0x0800200c   0x0800200c   0x0000000c   Code   RO         5440    .text.svcRtxKernelGetTickCount  RTX_CM4F.lib(rtx_kernel.o)
    0x08002018   0x08002018   0x0000000c   Code   RO         5444    .text.svcRtxKernelGetTickFreq  RTX_CM4F.lib(rtx_kernel.o)
    0x08002024   0x08002024   0x00000150   Code   RO         5454    .text.svcRtxKernelInitialize  RTX_CM4F.lib(rtx_kernel.o)
    0x08002174   0x08002174   0x00000088   Code   RO         5456    .text.svcRtxKernelStart  RTX_CM4F.lib(rtx_kernel.o)
    0x080021fc   0x080021fc   0x000000e0   Code   RO         6473    .text.svcRtxMessageQueueGet  RTX_CM4F.lib(rtx_msgqueue.o)
    0x080022dc   0x080022dc   0x00000130   Code   RO         6459    .text.svcRtxMessageQueueNew  RTX_CM4F.lib(rtx_msgqueue.o)
    0x0800240c   0x0800240c   0x000000c0   Code   RO         6469    .text.svcRtxMessageQueuePut  RTX_CM4F.lib(rtx_msgqueue.o)
    0x080024cc   0x080024cc   0x00000094   Code   RO         5692    .text.svcRtxMutexAcquire  RTX_CM4F.lib(rtx_mutex.o)
    0x08002560   0x08002560   0x00000068   Code   RO         5688    .text.svcRtxMutexNew  RTX_CM4F.lib(rtx_mutex.o)
    0x080025c8   0x080025c8   0x000000b4   Code   RO         5694    .text.svcRtxMutexRelease  RTX_CM4F.lib(rtx_mutex.o)
    0x0800267c   0x0800267c   0x00000058   Code   RO         5729    .text.svcRtxSemaphoreAcquire  RTX_CM4F.lib(rtx_semaphore.o)
    0x080026d4   0x080026d4   0x00000080   Code   RO         5723    .text.svcRtxSemaphoreNew  RTX_CM4F.lib(rtx_semaphore.o)
    0x08002754   0x08002754   0x00000036   Code   RO         5733    .text.svcRtxSemaphoreRelease  RTX_CM4F.lib(rtx_semaphore.o)
    0x0800278a   0x0800278a   0x00000002   PAD
    0x0800278c   0x0800278c   0x00000068   Code   RO         5589    .text.svcRtxThreadExit  RTX_CM4F.lib(rtx_thread.o)
    0x080027f4   0x080027f4   0x00000034   Code   RO         5599    .text.svcRtxThreadFlagsClear  RTX_CM4F.lib(rtx_thread.o)
    0x08002828   0x08002828   0x00000066   Code   RO         5597    .text.svcRtxThreadFlagsSet  RTX_CM4F.lib(rtx_thread.o)
    0x0800288e   0x0800288e   0x00000002   PAD
    0x08002890   0x08002890   0x0000004c   Code   RO         5603    .text.svcRtxThreadFlagsWait  RTX_CM4F.lib(rtx_thread.o)
    0x080028dc   0x080028dc   0x000001d0   Code   RO         5513    .text.svcRtxThreadNew  RTX_CM4F.lib(rtx_thread.o)
    0x08002aac   0x08002aac   0x00000038   Code   RO         5575    .text.svcRtxThreadYield  RTX_CM4F.lib(rtx_thread.o)
    0x08002ae4   0x08002ae4   0x00000078   Code   RO         5649    .text.svcRtxTimerNew  RTX_CM4F.lib(rtx_timer.o)
    0x08002b5c   0x08002b5c   0x0000004c   Code   RO         5653    .text.svcRtxTimerStart  RTX_CM4F.lib(rtx_timer.o)
    0x08002ba8   0x08002ba8   0x00000050   Code   RO          434    i.ADC1_Init         adc.o
    0x08002bf8   0x08002bf8   0x00000128   Code   RO         2003    i.ADC_Init          stm32f4xx_hal_adc.o
    0x08002d20   0x08002d20   0x00000012   Code   RO            4    i.AD_in             http_server.o
    0x08002d32   0x08002d32   0x00000002   PAD
    0x08002d34   0x08002d34   0x0000006c   Code   RO            5    i.BlinkLed          http_server.o
    0x08002da0   0x08002da0   0x00000002   Code   RO          500    i.BusFault_Handler  stm32f4xx_it.o
    0x08002da2   0x08002da2   0x00000002   PAD
    0x08002da4   0x08002da4   0x00000110   Code   RO         1191    i.Control           emac_stm32f4xx.o
    0x08002eb4   0x08002eb4   0x00000006   Code   RO         1192    i.ControlTimer      emac_stm32f4xx.o
    0x08002eba   0x08002eba   0x00000002   PAD
    0x08002ebc   0x08002ebc   0x00000028   Code   RO         2410    i.DMA_CalcBaseAndBitshift  stm32f4xx_hal_dma.o
    0x08002ee4   0x08002ee4   0x00000054   Code   RO         2411    i.DMA_CheckFifoParam  stm32f4xx_hal_dma.o
    0x08002f38   0x08002f38   0x00000028   Code   RO         2412    i.DMA_SetConfig     stm32f4xx_hal_dma.o
    0x08002f60   0x08002f60   0x00000002   Code   RO          501    i.DebugMon_Handler  stm32f4xx_it.o
    0x08002f62   0x08002f62   0x00000002   PAD
    0x08002f64   0x08002f64   0x00000014   Code   RO          636    i.Delay_us          delay.o
    0x08002f78   0x08002f78   0x0000007c   Code   RO         1482    i.Disable_SPI_Clock  spi_stm32f4xx.o
    0x08002ff4   0x08002ff4   0x000000f4   Code   RO            6    i.Display           http_server.o
    0x080030e8   0x080030e8   0x00000048   Code   RO         1193    i.ETH_IRQHandler    emac_stm32f4xx.o
    0x08003130   0x08003130   0x00000128   Code   RO         1194    i.Enable_GPIO_Clock  emac_stm32f4xx.o
    0x08003258   0x08003258   0x00000128   Code   RO         1334    i.Enable_GPIO_Clock  i2c_stm32f4xx.o
    0x08003380   0x08003380   0x00000128   Code   RO         1483    i.Enable_GPIO_Clock  spi_stm32f4xx.o
    0x080034a8   0x080034a8   0x0000010c   Code   RO         1646    i.Enable_GPIO_Clock  usart_stm32f4xx.o
    0x080035b4   0x080035b4   0x000000ac   Code   RO         1484    i.Enable_SPI_Clock  spi_stm32f4xx.o
    0x08003660   0x08003660   0x00000058   Code   RO          674    i.EscribeLetra_L1   lcd.o
    0x080036b8   0x080036b8   0x0000005c   Code   RO          675    i.EscribeLetra_L2   lcd.o
    0x08003714   0x08003714   0x000000b4   Code   RO          676    i.GPIO_INIT         lcd.o
    0x080037c8   0x080037c8   0x0000000c   Code   RO         1195    i.GetCapabilities   emac_stm32f4xx.o
    0x080037d4   0x080037d4   0x0000003c   Code   RO         1128    i.GetLinkInfo       phy_lan8742a.o
    0x08003810   0x08003810   0x00000028   Code   RO         1129    i.GetLinkState      phy_lan8742a.o
    0x08003838   0x08003838   0x0000003c   Code   RO         1196    i.GetMacAddress     emac_stm32f4xx.o
    0x08003874   0x08003874   0x0000003c   Code   RO         1197    i.GetRxFrameSize    emac_stm32f4xx.o
    0x080038b0   0x080038b0   0x00000006   Code   RO         1198    i.GetRxFrameTime    emac_stm32f4xx.o
    0x080038b6   0x080038b6   0x00000006   Code   RO         1199    i.GetTxFrameTime    emac_stm32f4xx.o
    0x080038bc   0x080038bc   0x0000000c   Code   RO         1130    i.GetVersion        phy_lan8742a.o
    0x080038c8   0x080038c8   0x0000000c   Code   RO         1200    i.GetVersion        emac_stm32f4xx.o
    0x080038d4   0x080038d4   0x00000164   Code   RO         2005    i.HAL_ADC_ConfigChannel  stm32f4xx_hal_adc.o
    0x08003a38   0x08003a38   0x00000006   Code   RO         2012    i.HAL_ADC_GetValue  stm32f4xx_hal_adc.o
    0x08003a3e   0x08003a3e   0x00000054   Code   RO         2014    i.HAL_ADC_Init      stm32f4xx_hal_adc.o
    0x08003a92   0x08003a92   0x00000002   PAD
    0x08003a94   0x08003a94   0x00000084   Code   RO          558    i.HAL_ADC_MspInit   stm32f4xx_hal_msp.o
    0x08003b18   0x08003b18   0x000000a2   Code   RO         2018    i.HAL_ADC_PollForConversion  stm32f4xx_hal_adc.o
    0x08003bba   0x08003bba   0x00000002   PAD
    0x08003bbc   0x08003bbc   0x000000ec   Code   RO         2020    i.HAL_ADC_Start     stm32f4xx_hal_adc.o
    0x08003ca8   0x08003ca8   0x0000008e   Code   RO         2413    i.HAL_DMA_Abort     stm32f4xx_hal_dma.o
    0x08003d36   0x08003d36   0x00000024   Code   RO         2414    i.HAL_DMA_Abort_IT  stm32f4xx_hal_dma.o
    0x08003d5a   0x08003d5a   0x00000002   PAD
    0x08003d5c   0x08003d5c   0x000000d4   Code   RO         2419    i.HAL_DMA_Init      stm32f4xx_hal_dma.o
    0x08003e30   0x08003e30   0x0000006e   Code   RO         2423    i.HAL_DMA_Start_IT  stm32f4xx_hal_dma.o
    0x08003e9e   0x08003e9e   0x00000002   PAD
    0x08003ea0   0x08003ea0   0x00000024   Code   RO         1809    i.HAL_Delay         stm32f4xx_hal.o
    0x08003ec4   0x08003ec4   0x0000018c   Code   RO         2557    i.HAL_GPIO_DeInit   stm32f4xx_hal_gpio.o
    0x08004050   0x08004050   0x000001d4   Code   RO         2560    i.HAL_GPIO_Init     stm32f4xx_hal_gpio.o
    0x08004224   0x08004224   0x0000000a   Code   RO         2562    i.HAL_GPIO_ReadPin  stm32f4xx_hal_gpio.o
    0x0800422e   0x0800422e   0x0000000a   Code   RO         2564    i.HAL_GPIO_WritePin  stm32f4xx_hal_gpio.o
    0x08004238   0x08004238   0x00000048   Code   RO          316    i.HAL_GetTick       main.o
    0x08004280   0x08004280   0x0000002c   Code   RO         1824    i.HAL_Init          stm32f4xx_hal.o
    0x080042ac   0x080042ac   0x00000040   Code   RO         1825    i.HAL_InitTick      stm32f4xx_hal.o
    0x080042ec   0x080042ec   0x00000002   Code   RO          560    i.HAL_MspInit       stm32f4xx_hal_msp.o
    0x080042ee   0x080042ee   0x0000001a   Code   RO         2278    i.HAL_NVIC_ClearPendingIRQ  stm32f4xx_hal_cortex.o
    0x08004308   0x08004308   0x00000022   Code   RO         2279    i.HAL_NVIC_DisableIRQ  stm32f4xx_hal_cortex.o
    0x0800432a   0x0800432a   0x0000001a   Code   RO         2280    i.HAL_NVIC_EnableIRQ  stm32f4xx_hal_cortex.o
    0x08004344   0x08004344   0x00000040   Code   RO         2286    i.HAL_NVIC_SetPriority  stm32f4xx_hal_cortex.o
    0x08004384   0x08004384   0x00000024   Code   RO         2287    i.HAL_NVIC_SetPriorityGrouping  stm32f4xx_hal_cortex.o
    0x080043a8   0x080043a8   0x00000070   Code   RO         3206    i.HAL_PWREx_EnableOverDrive  stm32f4xx_hal_pwr_ex.o
    0x08004418   0x08004418   0x0000000c   Code   RO         3087    i.HAL_PWR_EnableBkUpAccess  stm32f4xx_hal_pwr.o
    0x08004424   0x08004424   0x00000254   Code   RO         3380    i.HAL_RCCEx_PeriphCLKConfig  stm32f4xx_hal_rcc_ex.o
    0x08004678   0x08004678   0x00000134   Code   RO         3273    i.HAL_RCC_ClockConfig  stm32f4xx_hal_rcc.o
    0x080047ac   0x080047ac   0x0000000c   Code   RO         3278    i.HAL_RCC_GetHCLKFreq  stm32f4xx_hal_rcc.o
    0x080047b8   0x080047b8   0x00000020   Code   RO         3280    i.HAL_RCC_GetPCLK1Freq  stm32f4xx_hal_rcc.o
    0x080047d8   0x080047d8   0x00000020   Code   RO         3281    i.HAL_RCC_GetPCLK2Freq  stm32f4xx_hal_rcc.o
    0x080047f8   0x080047f8   0x00000064   Code   RO         3282    i.HAL_RCC_GetSysClockFreq  stm32f4xx_hal_rcc.o
    0x0800485c   0x0800485c   0x0000035c   Code   RO         3285    i.HAL_RCC_OscConfig  stm32f4xx_hal_rcc.o
    0x08004bb8   0x08004bb8   0x0000004c   Code   RO         3595    i.HAL_RTCEx_SetCalibrationOutPut  stm32f4xx_hal_rtc_ex.o
    0x08004c04   0x08004c04   0x00000044   Code   RO         3445    i.HAL_RTC_GetDate   stm32f4xx_hal_rtc.o
    0x08004c48   0x08004c48   0x00000058   Code   RO         3447    i.HAL_RTC_GetTime   stm32f4xx_hal_rtc.o
    0x08004ca0   0x08004ca0   0x000000ac   Code   RO         3448    i.HAL_RTC_Init      stm32f4xx_hal_rtc.o
    0x08004d4c   0x08004d4c   0x0000004c   Code   RO          562    i.HAL_RTC_MspInit   stm32f4xx_hal_msp.o
    0x08004d98   0x08004d98   0x000000c8   Code   RO         3454    i.HAL_RTC_SetDate   stm32f4xx_hal_rtc.o
    0x08004e60   0x08004e60   0x000000ec   Code   RO         3455    i.HAL_RTC_SetTime   stm32f4xx_hal_rtc.o
    0x08004f4c   0x08004f4c   0x00000036   Code   RO         3456    i.HAL_RTC_WaitForSynchro  stm32f4xx_hal_rtc.o
    0x08004f82   0x08004f82   0x00000028   Code   RO         2291    i.HAL_SYSTICK_Config  stm32f4xx_hal_cortex.o
    0x08004faa   0x08004faa   0x00000054   Code   RO         4827    i.HAL_TIMEx_ConfigBreakDeadTime  stm32f4xx_hal_tim_ex.o
    0x08004ffe   0x08004ffe   0x00000002   PAD
    0x08005000   0x08005000   0x00000090   Code   RO         4842    i.HAL_TIMEx_MasterConfigSynchronization  stm32f4xx_hal_tim_ex.o
    0x08005090   0x08005090   0x00000036   Code   RO         4149    i.HAL_TIM_Base_Init  stm32f4xx_hal_tim.o
    0x080050c6   0x080050c6   0x00000002   PAD
    0x080050c8   0x080050c8   0x00000070   Code   RO          565    i.HAL_TIM_Base_MspInit  stm32f4xx_hal_msp.o
    0x08005138   0x08005138   0x00000024   Code   RO         4152    i.HAL_TIM_Base_Start  stm32f4xx_hal_tim.o
    0x0800515c   0x0800515c   0x000000d6   Code   RO         4158    i.HAL_TIM_ConfigClockSource  stm32f4xx_hal_tim.o
    0x08005232   0x08005232   0x00000002   PAD
    0x08005234   0x08005234   0x00000084   Code   RO          566    i.HAL_TIM_MspPostInit  stm32f4xx_hal_msp.o
    0x080052b8   0x080052b8   0x000000d0   Code   RO         4216    i.HAL_TIM_PWM_ConfigChannel  stm32f4xx_hal_tim.o
    0x08005388   0x08005388   0x00000036   Code   RO         4219    i.HAL_TIM_PWM_Init  stm32f4xx_hal_tim.o
    0x080053be   0x080053be   0x00000002   Code   RO         4221    i.HAL_TIM_PWM_MspInit  stm32f4xx_hal_tim.o
    0x080053c0   0x080053c0   0x00000044   Code   RO         4224    i.HAL_TIM_PWM_Start  stm32f4xx_hal_tim.o
    0x08005404   0x08005404   0x0000005c   Code   RO         4227    i.HAL_TIM_PWM_Stop  stm32f4xx_hal_tim.o
    0x08005460   0x08005460   0x00000002   Code   RO          502    i.HardFault_Handler  stm32f4xx_it.o
    0x08005462   0x08005462   0x00000002   PAD
    0x08005464   0x08005464   0x0000000c   Code   RO         1335    i.I2C1_Control      i2c_stm32f4xx.o
    0x08005470   0x08005470   0x0000000c   Code   RO         1336    i.I2C1_ER_IRQHandler  i2c_stm32f4xx.o
    0x0800547c   0x0800547c   0x0000000c   Code   RO         1337    i.I2C1_EV_IRQHandler  i2c_stm32f4xx.o
    0x08005488   0x08005488   0x0000002c   Code   RO         1338    i.I2C1_GetDataCount  i2c_stm32f4xx.o
    0x080054b4   0x080054b4   0x0000000c   Code   RO         1339    i.I2C1_GetStatus    i2c_stm32f4xx.o
    0x080054c0   0x080054c0   0x0000000c   Code   RO         1340    i.I2C1_Initialize   i2c_stm32f4xx.o
    0x080054cc   0x080054cc   0x00000010   Code   RO         1341    i.I2C1_MasterReceive  i2c_stm32f4xx.o
    0x080054dc   0x080054dc   0x00000010   Code   RO         1342    i.I2C1_MasterTransmit  i2c_stm32f4xx.o
    0x080054ec   0x080054ec   0x0000000c   Code   RO         1343    i.I2C1_PowerControl  i2c_stm32f4xx.o
    0x080054f8   0x080054f8   0x0000000c   Code   RO         1344    i.I2C1_SlaveReceive  i2c_stm32f4xx.o
    0x08005504   0x08005504   0x0000000c   Code   RO         1345    i.I2C1_SlaveTransmit  i2c_stm32f4xx.o
    0x08005510   0x08005510   0x00000038   Code   RO         1346    i.I2C1_Uninitialize  i2c_stm32f4xx.o
    0x08005548   0x08005548   0x0000000c   Code   RO         1347    i.I2CX_GetCapabilities  i2c_stm32f4xx.o
    0x08005554   0x08005554   0x0000000c   Code   RO         1348    i.I2CX_GetVersion   i2c_stm32f4xx.o
    0x08005560   0x08005560   0x00000284   Code   RO         1349    i.I2C_Control       i2c_stm32f4xx.o
    0x080057e4   0x080057e4   0x00000174   Code   RO         1350    i.I2C_ER_IRQHandler  i2c_stm32f4xx.o
    0x08005958   0x08005958   0x000004d4   Code   RO         1351    i.I2C_EV_IRQHandler  i2c_stm32f4xx.o
    0x08005e2c   0x08005e2c   0x00000188   Code   RO         1352    i.I2C_Initialize    i2c_stm32f4xx.o
    0x08005fb4   0x08005fb4   0x000000fe   Code   RO         1353    i.I2C_MasterReceive  i2c_stm32f4xx.o
    0x080060b2   0x080060b2   0x000000ee   Code   RO         1354    i.I2C_MasterTransmit  i2c_stm32f4xx.o
    0x080061a0   0x080061a0   0x000001e4   Code   RO         1355    i.I2C_PowerControl  i2c_stm32f4xx.o
    0x08006384   0x08006384   0x00000074   Code   RO         1356    i.I2C_SlaveReceive  i2c_stm32f4xx.o
    0x080063f8   0x080063f8   0x00000072   Code   RO         1357    i.I2C_SlaveTransmit  i2c_stm32f4xx.o
    0x0800646a   0x0800646a   0x00000002   PAD
    0x0800646c   0x0800646c   0x00000074   Code   RO          637    i.Init_Delay        delay.o
    0x080064e0   0x080064e0   0x00000028   Code   RO         1131    i.Initialize        phy_lan8742a.o
    0x08006508   0x08006508   0x0000006c   Code   RO         1201    i.Initialize        emac_stm32f4xx.o
    0x08006574   0x08006574   0x00000098   Code   RO          677    i.LCD_reset         lcd.o
    0x0800660c   0x0800660c   0x00000090   Code   RO          363    i.LED_Initialize    led.o
    0x0800669c   0x0800669c   0x00000028   Code   RO          364    i.LED_Off           led.o
    0x080066c4   0x080066c4   0x00000028   Code   RO          365    i.LED_On            led.o
    0x080066ec   0x080066ec   0x00000026   Code   RO          366    i.LED_SetOut        led.o
    0x08006712   0x08006712   0x00000002   PAD
    0x08006714   0x08006714   0x0000008c   Code   RO          899    i.MX_RTC_Init       rtc.o
    0x080067a0   0x080067a0   0x00000002   Code   RO          503    i.MemManage_Handler  stm32f4xx_it.o
    0x080067a2   0x080067a2   0x00000002   Code   RO          504    i.NMI_Handler       stm32f4xx_it.o
    0x080067a4   0x080067a4   0x0000005c   Code   RO         1202    i.PHY_Read          emac_stm32f4xx.o
    0x08006800   0x08006800   0x00000054   Code   RO         1203    i.PHY_Write         emac_stm32f4xx.o
    0x08006854   0x08006854   0x0000008c   Code   RO         1132    i.PowerControl      phy_lan8742a.o
    0x080068e0   0x080068e0   0x000001ac   Code   RO         1204    i.PowerControl      emac_stm32f4xx.o
    0x08006a8c   0x08006a8c   0x00000012   Code   RO         3457    i.RTC_Bcd2ToByte    stm32f4xx_hal_rtc.o
    0x08006a9e   0x08006a9e   0x00000016   Code   RO         3458    i.RTC_ByteToBcd2    stm32f4xx_hal_rtc.o
    0x08006ab4   0x08006ab4   0x0000003a   Code   RO         3459    i.RTC_EnterInitMode  stm32f4xx_hal_rtc.o
    0x08006aee   0x08006aee   0x00000002   PAD
    0x08006af0   0x08006af0   0x00000088   Code   RO         1205    i.ReadFrame         emac_stm32f4xx.o
    0x08006b78   0x08006b78   0x0000008c   Code   RO            7    i.Rtc_setDate       http_server.o
    0x08006c04   0x08006c04   0x00000088   Code   RO            8    i.Rtc_setTime       http_server.o
    0x08006c8c   0x08006c8c   0x00000010   Code   RO            9    i.SNTP_thread       http_server.o
    0x08006c9c   0x08006c9c   0x0000000c   Code   RO         1485    i.SPI1_Control      spi_stm32f4xx.o
    0x08006ca8   0x08006ca8   0x0000000c   Code   RO         1486    i.SPI1_GetDataCount  spi_stm32f4xx.o
    0x08006cb4   0x08006cb4   0x00000020   Code   RO         1487    i.SPI1_GetStatus    spi_stm32f4xx.o
    0x08006cd4   0x08006cd4   0x0000000c   Code   RO         1488    i.SPI1_IRQHandler   spi_stm32f4xx.o
    0x08006ce0   0x08006ce0   0x0000000c   Code   RO         1489    i.SPI1_Initialize   spi_stm32f4xx.o
    0x08006cec   0x08006cec   0x0000000c   Code   RO         1490    i.SPI1_PowerControl  spi_stm32f4xx.o
    0x08006cf8   0x08006cf8   0x0000000c   Code   RO         1491    i.SPI1_Receive      spi_stm32f4xx.o
    0x08006d04   0x08006d04   0x0000000c   Code   RO         1492    i.SPI1_Send         spi_stm32f4xx.o
    0x08006d10   0x08006d10   0x0000000c   Code   RO         1493    i.SPI1_Transfer     spi_stm32f4xx.o
    0x08006d1c   0x08006d1c   0x0000000c   Code   RO         1494    i.SPI1_Uninitialize  spi_stm32f4xx.o
    0x08006d28   0x08006d28   0x0000000c   Code   RO         1495    i.SPIX_GetCapabilities  spi_stm32f4xx.o
    0x08006d34   0x08006d34   0x0000000c   Code   RO         1496    i.SPIX_GetVersion   spi_stm32f4xx.o
    0x08006d40   0x08006d40   0x000003e8   Code   RO         1497    i.SPI_Control       spi_stm32f4xx.o
    0x08007128   0x08007128   0x000000c6   Code   RO         1498    i.SPI_IRQHandler    spi_stm32f4xx.o
    0x080071ee   0x080071ee   0x000000c0   Code   RO         1499    i.SPI_Initialize    spi_stm32f4xx.o
    0x080072ae   0x080072ae   0x00000002   PAD
    0x080072b0   0x080072b0   0x000000e0   Code   RO         1500    i.SPI_PeripheralReset  spi_stm32f4xx.o
    0x08007390   0x08007390   0x000000c8   Code   RO         1501    i.SPI_PowerControl  spi_stm32f4xx.o
    0x08007458   0x08007458   0x00000066   Code   RO         1502    i.SPI_Receive       spi_stm32f4xx.o
    0x080074be   0x080074be   0x00000044   Code   RO         1503    i.SPI_RxData        spi_stm32f4xx.o
    0x08007502   0x08007502   0x00000066   Code   RO         1504    i.SPI_Send          spi_stm32f4xx.o
    0x08007568   0x08007568   0x0000005c   Code   RO         1505    i.SPI_Transfer      spi_stm32f4xx.o
    0x080075c4   0x080075c4   0x00000048   Code   RO         1506    i.SPI_TxData        spi_stm32f4xx.o
    0x0800760c   0x0800760c   0x00000056   Code   RO         1507    i.SPI_Uninitialize  spi_stm32f4xx.o
    0x08007662   0x08007662   0x00000002   PAD
    0x08007664   0x08007664   0x000000dc   Code   RO         1206    i.SendFrame         emac_stm32f4xx.o
    0x08007740   0x08007740   0x00000104   Code   RO         1207    i.SetAddressFilter  emac_stm32f4xx.o
    0x08007844   0x08007844   0x00000020   Code   RO         1133    i.SetInterface      phy_lan8742a.o
    0x08007864   0x08007864   0x00000034   Code   RO         1208    i.SetMacAddress     emac_stm32f4xx.o
    0x08007898   0x08007898   0x0000005c   Code   RO         1134    i.SetMode           phy_lan8742a.o
    0x080078f4   0x080078f4   0x00000098   Code   RO          317    i.SystemClock_Config  main.o
    0x0800798c   0x0800798c   0x0000007c   Code   RO         5082    i.SystemCoreClockUpdate  system_stm32f4xx.o
    0x08007a08   0x08007a08   0x0000001c   Code   RO         5083    i.SystemInit        system_stm32f4xx.o
    0x08007a24   0x08007a24   0x000000c8   Code   RO         4237    i.TIM_Base_SetConfig  stm32f4xx_hal_tim.o
    0x08007aec   0x08007aec   0x0000001a   Code   RO         4238    i.TIM_CCxChannelCmd  stm32f4xx_hal_tim.o
    0x08007b06   0x08007b06   0x00000014   Code   RO         4248    i.TIM_ETR_SetConfig  stm32f4xx_hal_tim.o
    0x08007b1a   0x08007b1a   0x00000010   Code   RO         4249    i.TIM_ITRx_SetConfig  stm32f4xx_hal_tim.o
    0x08007b2a   0x08007b2a   0x00000002   PAD
    0x08007b2c   0x08007b2c   0x00000060   Code   RO         4250    i.TIM_OC1_SetConfig  stm32f4xx_hal_tim.o
    0x08007b8c   0x08007b8c   0x0000006c   Code   RO         4251    i.TIM_OC2_SetConfig  stm32f4xx_hal_tim.o
    0x08007bf8   0x08007bf8   0x00000068   Code   RO         4252    i.TIM_OC3_SetConfig  stm32f4xx_hal_tim.o
    0x08007c60   0x08007c60   0x00000050   Code   RO         4253    i.TIM_OC4_SetConfig  stm32f4xx_hal_tim.o
    0x08007cb0   0x08007cb0   0x00000022   Code   RO         4255    i.TIM_TI1_ConfigInputStage  stm32f4xx_hal_tim.o
    0x08007cd2   0x08007cd2   0x00000024   Code   RO         4257    i.TIM_TI2_ConfigInputStage  stm32f4xx_hal_tim.o
    0x08007cf6   0x08007cf6   0x00000002   PAD
    0x08007cf8   0x08007cf8   0x00000010   Code   RO           10    i.Timer_SNTP_callback  http_server.o
    0x08007d08   0x08007d08   0x0000000c   Code   RO         1647    i.USART3_Control    usart_stm32f4xx.o
    0x08007d14   0x08007d14   0x0000000c   Code   RO         1648    i.USART3_GetCapabilities  usart_stm32f4xx.o
    0x08007d20   0x08007d20   0x00000034   Code   RO         1649    i.USART3_GetModemStatus  usart_stm32f4xx.o
    0x08007d54   0x08007d54   0x0000000c   Code   RO         1650    i.USART3_GetRxCount  usart_stm32f4xx.o
    0x08007d60   0x08007d60   0x00000054   Code   RO         1651    i.USART3_GetStatus  usart_stm32f4xx.o
    0x08007db4   0x08007db4   0x0000000c   Code   RO         1652    i.USART3_GetTxCount  usart_stm32f4xx.o
    0x08007dc0   0x08007dc0   0x0000000c   Code   RO         1653    i.USART3_IRQHandler  usart_stm32f4xx.o
    0x08007dcc   0x08007dcc   0x0000000c   Code   RO         1654    i.USART3_Initialize  usart_stm32f4xx.o
    0x08007dd8   0x08007dd8   0x0000000c   Code   RO         1655    i.USART3_PowerControl  usart_stm32f4xx.o
    0x08007de4   0x08007de4   0x0000000c   Code   RO         1656    i.USART3_Receive    usart_stm32f4xx.o
    0x08007df0   0x08007df0   0x0000000c   Code   RO         1657    i.USART3_Send       usart_stm32f4xx.o
    0x08007dfc   0x08007dfc   0x0000000c   Code   RO         1658    i.USART3_SetModemControl  usart_stm32f4xx.o
    0x08007e08   0x08007e08   0x00000050   Code   RO         1659    i.USART3_Transfer   usart_stm32f4xx.o
    0x08007e58   0x08007e58   0x0000000c   Code   RO         1660    i.USART3_Uninitialize  usart_stm32f4xx.o
    0x08007e64   0x08007e64   0x000006bc   Code   RO         1661    i.USART_Control     usart_stm32f4xx.o
    0x08008520   0x08008520   0x000001fc   Code   RO         1662    i.USART_IRQHandler  usart_stm32f4xx.o
    0x0800871c   0x0800871c   0x0000007c   Code   RO         1663    i.USART_Initialize  usart_stm32f4xx.o
    0x08008798   0x08008798   0x00000128   Code   RO         1664    i.USART_PeripheralReset  usart_stm32f4xx.o
    0x080088c0   0x080088c0   0x00000238   Code   RO         1665    i.USART_PowerControl  usart_stm32f4xx.o
    0x08008af8   0x08008af8   0x00000084   Code   RO         1666    i.USART_Receive     usart_stm32f4xx.o
    0x08008b7c   0x08008b7c   0x0000006c   Code   RO         1667    i.USART_Send        usart_stm32f4xx.o
    0x08008be8   0x08008be8   0x0000005a   Code   RO         1668    i.USART_SetModemControl  usart_stm32f4xx.o
    0x08008c42   0x08008c42   0x0000005a   Code   RO         1669    i.USART_Uninitialize  usart_stm32f4xx.o
    0x08008c9c   0x08008c9c   0x0000000c   Code   RO         1670    i.USARTx_GetVersion  usart_stm32f4xx.o
    0x08008ca8   0x08008ca8   0x00000014   Code   RO         1135    i.Uninitialize      phy_lan8742a.o
    0x08008cbc   0x08008cbc   0x00000030   Code   RO         1209    i.Uninitialize      emac_stm32f4xx.o
    0x08008cec   0x08008cec   0x00000002   Code   RO          505    i.UsageFault_Handler  stm32f4xx_it.o
    0x08008cee   0x08008cee   0x00000002   PAD
    0x08008cf0   0x08008cf0   0x00000020   Code   RO         6907    i.__0printf         mc_w.l(printfa.o)
    0x08008d10   0x08008d10   0x00000028   Code   RO         6909    i.__0sprintf        mc_w.l(printfa.o)
    0x08008d38   0x08008d38   0x00000020   Code   RO         2293    i.__NVIC_SetPriority  stm32f4xx_hal_cortex.o
    0x08008d58   0x08008d58   0x00000008   Code   RO         6974    i.__aeabi_errno_addr  mc_w.l(errno.o)
    0x08008d60   0x08008d60   0x0000000e   Code   RO         7046    i.__scatterload_copy  mc_w.l(handlers.o)
    0x08008d6e   0x08008d6e   0x00000002   Code   RO         7047    i.__scatterload_null  mc_w.l(handlers.o)
    0x08008d70   0x08008d70   0x0000000e   Code   RO         7048    i.__scatterload_zeroinit  mc_w.l(handlers.o)
    0x08008d7e   0x08008d7e   0x00000002   PAD
    0x08008d80   0x08008d80   0x00000184   Code   RO         6914    i._fp_digits        mc_w.l(printfa.o)
    0x08008f04   0x08008f04   0x000006dc   Code   RO         6915    i._printf_core      mc_w.l(printfa.o)
    0x080095e0   0x080095e0   0x00000024   Code   RO         6916    i._printf_post_padding  mc_w.l(printfa.o)
    0x08009604   0x08009604   0x0000002e   Code   RO         6917    i._printf_pre_padding  mc_w.l(printfa.o)
    0x08009632   0x08009632   0x0000000a   Code   RO         6919    i._sputc            mc_w.l(printfa.o)
    0x0800963c   0x0800963c   0x00000064   Code   RO          678    i.actualizar        lcd.o
    0x080096a0   0x080096a0   0x00000034   Code   RO         6104    i.add_server_id     Net4_CM3_L.lib(net_http_server.o)
    0x080096d4   0x080096d4   0x0000000c   Code   RO          818    i.apagar_LED_azul   rgb.o
    0x080096e0   0x080096e0   0x0000000c   Code   RO          819    i.apagar_LED_rojo   rgb.o
    0x080096ec   0x080096ec   0x000000c0   Code   RO           11    i.app_main          http_server.o
    0x080097ac   0x080097ac   0x0000007a   Code   RO         5806    i.arp_cache_alloc   Net4_CM3_L.lib(net_arp.o)
    0x08009826   0x08009826   0x00000002   PAD
    0x08009828   0x08009828   0x000000f4   Code   RO         5807    i.arp_cache_run     Net4_CM3_L.lib(net_arp.o)
    0x0800991c   0x0800991c   0x00000038   Code   RO         5808    i.arp_is_cacheable  Net4_CM3_L.lib(net_arp.o)
    0x08009954   0x08009954   0x00000048   Code   RO         5809    i.arp_probe_run     Net4_CM3_L.lib(net_arp.o)
    0x0800999c   0x0800999c   0x000000b0   Code   RO         5811    i.arp_proc_response  Net4_CM3_L.lib(net_arp.o)
    0x08009a4c   0x08009a4c   0x0000001a   Code   RO         5812    i.arp_que_free      Net4_CM3_L.lib(net_arp.o)
    0x08009a66   0x08009a66   0x00000080   Code   RO         5813    i.arp_send_reply    Net4_CM3_L.lib(net_arp.o)
    0x08009ae6   0x08009ae6   0x00000002   PAD
    0x08009ae8   0x08009ae8   0x000000a8   Code   RO         5814    i.arp_send_request  Net4_CM3_L.lib(net_arp.o)
    0x08009b90   0x08009b90   0x00000068   Code   RO         5815    i.arp_sender_valid  Net4_CM3_L.lib(net_arp.o)
    0x08009bf8   0x08009bf8   0x00000170   Code   RO         6105    i.chk_post_req      Net4_CM3_L.lib(net_http_server.o)
    0x08009d68   0x08009d68   0x00000094   Code   RO          679    i.copy_to_lcd       lcd.o
    0x08009dfc   0x08009dfc   0x00000028   Code   RO         6611    i.crc32_8bit        Net4_CM3_L.lib(net_common.o)
    0x08009e24   0x08009e24   0x00000018   Code   RO          821    i.encender_LED_azul  rgb.o
    0x08009e3c   0x08009e3c   0x00000018   Code   RO          822    i.encender_LED_rojo  rgb.o
    0x08009e54   0x08009e54   0x0000000c   Code   RO         5117    i.eth0_callback     net_config.o
    0x08009e60   0x08009e60   0x0000009a   Code   RO         5750    i.eth_check_link    Net4_CM3_L.lib(net_eth.o)
    0x08009efa   0x08009efa   0x00000002   PAD
    0x08009efc   0x08009efc   0x00000020   Code   RO         5751    i.eth_if_map        Net4_CM3_L.lib(net_eth.o)
    0x08009f1c   0x08009f1c   0x000001e8   Code   RO         5752    i.eth_iface_init    Net4_CM3_L.lib(net_eth.o)
    0x0800a104   0x0800a104   0x000001d8   Code   RO         5753    i.eth_iface_run     Net4_CM3_L.lib(net_eth.o)
    0x0800a2dc   0x0800a2dc   0x00000008   Code   RO         5755    i.eth_lock          Net4_CM3_L.lib(net_eth.o)
    0x0800a2e4   0x0800a2e4   0x0000001c   Code   RO         5756    i.eth_mtu_limit     Net4_CM3_L.lib(net_eth.o)
    0x0800a300   0x0800a300   0x0000002c   Code   RO         5757    i.eth_opt_len       Net4_CM3_L.lib(net_eth.o)
    0x0800a32c   0x0800a32c   0x00000088   Code   RO         5758    i.eth_receive       Net4_CM3_L.lib(net_eth.o)
    0x0800a3b4   0x0800a3b4   0x00000008   Code   RO         5759    i.eth_unlock        Net4_CM3_L.lib(net_eth.o)
    0x0800a3bc   0x0800a3bc   0x00000012   Code   RO         6965    i.fputc             mc_w.l(fputc.o)
    0x0800a3ce   0x0800a3ce   0x00000002   PAD
    0x0800a3d0   0x0800a3d0   0x0000007c   Code   RO         5888    i.frag_map_session  Net4_CM3_L.lib(net_ip4_frag.o)
    0x0800a44c   0x0800a44c   0x0000001c   Code   RO          900    i.getAnio           rtc.o
    0x0800a468   0x0800a468   0x0000001c   Code   RO          901    i.getDia            rtc.o
    0x0800a484   0x0800a484   0x00000018   Code   RO          902    i.getHora           rtc.o
    0x0800a49c   0x0800a49c   0x0000001c   Code   RO          903    i.getMes            rtc.o
    0x0800a4b8   0x0800a4b8   0x00000018   Code   RO          904    i.getMin            rtc.o
    0x0800a4d0   0x0800a4d0   0x0000003c   Code   RO           12    i.getNumber         http_server.o
    0x0800a50c   0x0800a50c   0x00000018   Code   RO          905    i.getSeg            rtc.o
    0x0800a524   0x0800a524   0x00000038   Code   RO          906    i.getTotalSeconds   rtc.o
    0x0800a55c   0x0800a55c   0x00000028   Code   RO         6106    i.get_next_field    Net4_CM3_L.lib(net_http_server.o)
    0x0800a584   0x0800a584   0x00000032   Code   RO         6107    i.get_next_par      Net4_CM3_L.lib(net_http_server.o)
    0x0800a5b6   0x0800a5b6   0x00000022   Code   RO         6108    i.hex2byte          Net4_CM3_L.lib(net_http_server.o)
    0x0800a5d8   0x0800a5d8   0x0000034c   Code   RO         6109    i.http_add_header   Net4_CM3_L.lib(net_http_server.o)
    0x0800a924   0x0800a924   0x000001a8   Code   RO         6110    i.http_error_msg    Net4_CM3_L.lib(net_http_server.o)
    0x0800aacc   0x0800aacc   0x00000078   Code   RO         6111    i.http_get_ftype    Net4_CM3_L.lib(net_http_server.o)
    0x0800ab44   0x0800ab44   0x0000005e   Code   RO         6112    i.http_kill_session  Net4_CM3_L.lib(net_http_server.o)
    0x0800aba2   0x0800aba2   0x00000002   PAD
    0x0800aba4   0x0800aba4   0x00000210   Code   RO         6113    i.http_listener     Net4_CM3_L.lib(net_http_server.o)
    0x0800adb4   0x0800adb4   0x00000118   Code   RO         6114    i.http_open_file    Net4_CM3_L.lib(net_http_server.o)
    0x0800aecc   0x0800aecc   0x00000108   Code   RO         6115    i.http_parse_header  Net4_CM3_L.lib(net_http_server.o)
    0x0800afd4   0x0800afd4   0x00000164   Code   RO         6116    i.http_proc_multipart  Net4_CM3_L.lib(net_http_server.o)
    0x0800b138   0x0800b138   0x000000f4   Code   RO         6117    i.http_proc_post    Net4_CM3_L.lib(net_http_server.o)
    0x0800b22c   0x0800b22c   0x000003c0   Code   RO         6118    i.http_server_run   Net4_CM3_L.lib(net_http_server.o)
    0x0800b5ec   0x0800b5ec   0x00000050   Code   RO         6119    i.http_server_start  Net4_CM3_L.lib(net_http_server.o)
    0x0800b63c   0x0800b63c   0x00000020   Code   RO         6120    i.http_strcpy       Net4_CM3_L.lib(net_http_server.o)
    0x0800b65c   0x0800b65c   0x000000a4   Code   RO         6121    i.http_to_utc       Net4_CM3_L.lib(net_http_server.o)
    0x0800b700   0x0800b700   0x0000005c   Code   RO          414    i.imageFileInfo     web.o
    0x0800b75c   0x0800b75c   0x00000030   Code   RO          467    i.initI2c           temp.o
    0x0800b78c   0x0800b78c   0x0000013c   Code   RO          824    i.initRGB           rgb.o
    0x0800b8c8   0x0800b8c8   0x00000040   Code   RO          785    i.init_USART        usart.o
    0x0800b908   0x0800b908   0x000000c0   Code   RO         1210    i.init_dma          emac_stm32f4xx.o
    0x0800b9c8   0x0800b9c8   0x0000000c   Code   RO         6530    i.ip4_get_chksum    Net4_CM3_L.lib(net_ip4.o)
    0x0800b9d4   0x0800b9d4   0x00000028   Code   RO         6531    i.ip4_get_mtu       Net4_CM3_L.lib(net_ip4.o)
    0x0800b9fc   0x0800b9fc   0x00000034   Code   RO         6319    i.ip4_ntoa          Net4_CM3_L.lib(net_addr.o)
    0x0800ba30   0x0800ba30   0x0000001c   Code   RO          680    i.lcd_clean         lcd.o
    0x0800ba4c   0x0800ba4c   0x00000024   Code   RO          435    i.lectura           adc.o
    0x0800ba70   0x0800ba70   0x00000078   Code   RO          468    i.leerTemperatura   temp.o
    0x0800bae8   0x0800bae8   0x00000030   Code   RO          318    i.main              main.o
    0x0800bb18   0x0800bb18   0x0000000c   Code   RO         6588    i.mem_lock          Net4_CM3_L.lib(net_mem.o)
    0x0800bb24   0x0800bb24   0x0000000c   Code   RO         6589    i.mem_unlock        Net4_CM3_L.lib(net_mem.o)
    0x0800bb30   0x0800bb30   0x00000030   Code   RO         5118    i.ms2tick           net_config.o
    0x0800bb60   0x0800bb60   0x00000128   Code   RO         6090    i.nbns_listener     Net4_CM3_L.lib(net_nbns_client.o)
    0x0800bc88   0x0800bc88   0x00000004   Code   RO         6122    i.netCGI_Charset    Net4_CM3_L.lib(net_http_server.o)
    0x0800bc8c   0x0800bc8c   0x00000004   Code   RO         6123    i.netCGI_ContentType  Net4_CM3_L.lib(net_http_server.o)
    0x0800bc90   0x0800bc90   0x00000004   Code   RO         6124    i.netCGI_CustomHeader  Net4_CM3_L.lib(net_http_server.o)
    0x0800bc94   0x0800bc94   0x0000006c   Code   RO         6125    i.netCGI_GetEnvVar  Net4_CM3_L.lib(net_http_server.o)
    0x0800bd00   0x0800bd00   0x000001c8   Code   RO          264    i.netCGI_ProcessData  http_server_cgi.o
    0x0800bec8   0x0800bec8   0x000000c4   Code   RO          265    i.netCGI_ProcessQuery  http_server_cgi.o
    0x0800bf8c   0x0800bf8c   0x00000004   Code   RO         6128    i.netCGI_Redirect   Net4_CM3_L.lib(net_http_server.o)
    0x0800bf90   0x0800bf90   0x0000048c   Code   RO          266    i.netCGI_Script     http_server_cgi.o
    0x0800c41c   0x0800c41c   0x00000004   Code   RO         6130    i.netCGX_ContentType  Net4_CM3_L.lib(net_http_server.o)
    0x0800c420   0x0800c420   0x00000064   Code   RO         6270    i.netCore_Thread    Net4_CM3_L.lib(net_sys.o)
    0x0800c484   0x0800c484   0x00000002   Code   RO         5760    i.netETH_Notify     Net4_CM3_L.lib(net_eth.o)
    0x0800c486   0x0800c486   0x00000002   Code   RO         5761    i.netETH_ReceiveRaw  Net4_CM3_L.lib(net_eth.o)
    0x0800c488   0x0800c488   0x0000004a   Code   RO         5763    i.netETH_Thread     Net4_CM3_L.lib(net_eth.o)
    0x0800c4d2   0x0800c4d2   0x00000004   Code   RO         6131    i.netHTTPs_AcceptClient  Net4_CM3_L.lib(net_http_server.o)
    0x0800c4d6   0x0800c4d6   0x00000004   Code   RO         6133    i.netHTTPs_FileAccess  Net4_CM3_L.lib(net_http_server.o)
    0x0800c4da   0x0800c4da   0x00000002   PAD
    0x0800c4dc   0x0800c4dc   0x00000020   Code   RO         6136    i.netHTTPs_GetLanguage  Net4_CM3_L.lib(net_http_server.o)
    0x0800c4fc   0x0800c4fc   0x0000000c   Code   RO         6137    i.netHTTPs_GetPassword  Net4_CM3_L.lib(net_http_server.o)
    0x0800c508   0x0800c508   0x0000000c   Code   RO         6143    i.netHTTPs_LoginActive  Net4_CM3_L.lib(net_http_server.o)
    0x0800c514   0x0800c514   0x00000044   Code   RO         6146    i.netHTTPs_SetPassword  Net4_CM3_L.lib(net_http_server.o)
    0x0800c558   0x0800c558   0x00000002   Code   RO         5122    i.netHTTPs_fclose   net_config.o
    0x0800c55a   0x0800c55a   0x00000004   Code   RO         5123    i.netHTTPs_fgets    net_config.o
    0x0800c55e   0x0800c55e   0x00000004   Code   RO         5124    i.netHTTPs_fopen    net_config.o
    0x0800c562   0x0800c562   0x00000004   Code   RO         5125    i.netHTTPs_fread    net_config.o
    0x0800c566   0x0800c566   0x00000002   Code   RO         5126    i.netHTTPs_fstat    net_config.o
    0x0800c568   0x0800c568   0x0000007c   Code   RO         6271    i.netIF_GetOption   Net4_CM3_L.lib(net_sys.o)
    0x0800c5e4   0x0800c5e4   0x00000078   Code   RO         6273    i.netIF_SetOption   Net4_CM3_L.lib(net_sys.o)
    0x0800c65c   0x0800c65c   0x00000010   Code   RO         6321    i.netIP_aton        Net4_CM3_L.lib(net_addr.o)
    0x0800c66c   0x0800c66c   0x0000001e   Code   RO         6322    i.netIP_ntoa        Net4_CM3_L.lib(net_addr.o)
    0x0800c68a   0x0800c68a   0x00000002   PAD
    0x0800c68c   0x0800c68c   0x00000074   Code   RO         6274    i.netInitialize     Net4_CM3_L.lib(net_sys.o)
    0x0800c700   0x0800c700   0x0000007c   Code   RO         6323    i.netMAC_aton       Net4_CM3_L.lib(net_addr.o)
    0x0800c77c   0x0800c77c   0x00000004   Code   RO         5971    i.netTCP_GetLocalPort  Net4_CM3_L.lib(net_tcp.o)
    0x0800c780   0x0800c780   0x00000020   Code   RO         5973    i.netTCP_GetPeer    Net4_CM3_L.lib(net_tcp.o)
    0x0800c7a0   0x0800c7a0   0x00000004   Code   RO         5975    i.netTCP_GetState   Net4_CM3_L.lib(net_tcp.o)
    0x0800c7a4   0x0800c7a4   0x00000004   Code   RO         5976    i.netTCP_GetTimer   Net4_CM3_L.lib(net_tcp.o)
    0x0800c7a8   0x0800c7a8   0x00000068   Code   RO         6325    i.net_addr4_aton    Net4_CM3_L.lib(net_addr.o)
    0x0800c810   0x0800c810   0x0000001e   Code   RO         6327    i.net_addr4_to_mac  Net4_CM3_L.lib(net_addr.o)
    0x0800c82e   0x0800c82e   0x0000001e   Code   RO         6328    i.net_addr_comp     Net4_CM3_L.lib(net_addr.o)
    0x0800c84c   0x0800c84c   0x00000014   Code   RO         6329    i.net_addr_copy     Net4_CM3_L.lib(net_addr.o)
    0x0800c860   0x0800c860   0x0000000e   Code   RO         6330    i.net_addr_find_route  Net4_CM3_L.lib(net_addr.o)
    0x0800c86e   0x0800c86e   0x00000002   PAD
    0x0800c870   0x0800c870   0x00000014   Code   RO         6332    i.net_addr_get_local  Net4_CM3_L.lib(net_addr.o)
    0x0800c884   0x0800c884   0x00000014   Code   RO         6333    i.net_addr_is_unspec  Net4_CM3_L.lib(net_addr.o)
    0x0800c898   0x0800c898   0x000000a0   Code   RO         5822    i.net_arp_cache_add  Net4_CM3_L.lib(net_arp.o)
    0x0800c938   0x0800c938   0x00000086   Code   RO         5823    i.net_arp_cache_early  Net4_CM3_L.lib(net_arp.o)
    0x0800c9be   0x0800c9be   0x00000002   PAD
    0x0800c9c0   0x0800c9c0   0x00000080   Code   RO         5824    i.net_arp_cache_find  Net4_CM3_L.lib(net_arp.o)
    0x0800ca40   0x0800ca40   0x00000038   Code   RO         5825    i.net_arp_cache_init  Net4_CM3_L.lib(net_arp.o)
    0x0800ca78   0x0800ca78   0x0000001c   Code   RO         5826    i.net_arp_cache_run  Net4_CM3_L.lib(net_arp.o)
    0x0800ca94   0x0800ca94   0x00000066   Code   RO         5828    i.net_arp_enqueue   Net4_CM3_L.lib(net_arp.o)
    0x0800cafa   0x0800cafa   0x00000020   Code   RO         5830    i.net_arp_notify    Net4_CM3_L.lib(net_arp.o)
    0x0800cb1a   0x0800cb1a   0x00000162   Code   RO         5832    i.net_arp_process   Net4_CM3_L.lib(net_arp.o)
    0x0800cc7c   0x0800cc7c   0x00000030   Code   RO         6613    i.net_chksum_buf    Net4_CM3_L.lib(net_common.o)
    0x0800ccac   0x0800ccac   0x0000001e   Code   RO         6614    i.net_crc_buf       Net4_CM3_L.lib(net_common.o)
    0x0800ccca   0x0800ccca   0x0000000e   Code   RO         5764    i.net_eth_callback  Net4_CM3_L.lib(net_eth.o)
    0x0800ccd8   0x0800ccd8   0x00000052   Code   RO         5765    i.net_eth_config_mcast  Net4_CM3_L.lib(net_eth.o)
    0x0800cd2a   0x0800cd2a   0x00000082   Code   RO         5767    i.net_eth_get_option  Net4_CM3_L.lib(net_eth.o)
    0x0800cdac   0x0800cdac   0x0000001c   Code   RO         5768    i.net_eth_iface_init  Net4_CM3_L.lib(net_eth.o)
    0x0800cdc8   0x0800cdc8   0x0000001c   Code   RO         5769    i.net_eth_iface_run  Net4_CM3_L.lib(net_eth.o)
    0x0800cde4   0x0800cde4   0x00000098   Code   RO         5771    i.net_eth_output    Net4_CM3_L.lib(net_eth.o)
    0x0800ce7c   0x0800ce7c   0x000000c4   Code   RO         5772    i.net_eth_send_frame  Net4_CM3_L.lib(net_eth.o)
    0x0800cf40   0x0800cf40   0x0000010e   Code   RO         5773    i.net_eth_set_option  Net4_CM3_L.lib(net_eth.o)
    0x0800d04e   0x0800d04e   0x00000002   PAD
    0x0800d050   0x0800d050   0x000000a8   Code   RO         6152    i.net_http_server_init  Net4_CM3_L.lib(net_http_server.o)
    0x0800d0f8   0x0800d0f8   0x00000028   Code   RO         6153    i.net_http_server_run  Net4_CM3_L.lib(net_http_server.o)
    0x0800d120   0x0800d120   0x00000104   Code   RO         6570    i.net_icmp_process  Net4_CM3_L.lib(net_icmp.o)
    0x0800d224   0x0800d224   0x00000080   Code   RO         6571    i.net_icmp_send_echo  Net4_CM3_L.lib(net_icmp.o)
    0x0800d2a4   0x0800d2a4   0x0000000c   Code   RO         6278    i.net_if_map_all    Net4_CM3_L.lib(net_sys.o)
    0x0800d2b0   0x0800d2b0   0x00000004   Code   RO         5129    i.net_igmp_collect_mcast  net_config.o
    0x0800d2b4   0x0800d2b4   0x00000004   Code   RO         5130    i.net_igmp_is_member  net_config.o
    0x0800d2b8   0x0800d2b8   0x00000002   Code   RO         5131    i.net_igmp_process  net_config.o
    0x0800d2ba   0x0800d2ba   0x00000002   PAD
    0x0800d2bc   0x0800d2bc   0x00000108   Code   RO         6532    i.net_ip4_chk_frame  Net4_CM3_L.lib(net_ip4.o)
    0x0800d3c4   0x0800d3c4   0x0000002c   Code   RO         6533    i.net_ip4_chksum    Net4_CM3_L.lib(net_ip4.o)
    0x0800d3f0   0x0800d3f0   0x00000006   Code   RO         6534    i.net_ip4_chksum_buf  Net4_CM3_L.lib(net_ip4.o)
    0x0800d3f6   0x0800d3f6   0x00000002   PAD
    0x0800d3f8   0x0800d3f8   0x00000080   Code   RO         6536    i.net_ip4_find_route  Net4_CM3_L.lib(net_ip4.o)
    0x0800d478   0x0800d478   0x00000124   Code   RO         5889    i.net_ip4_frag_add  Net4_CM3_L.lib(net_ip4_frag.o)
    0x0800d59c   0x0800d59c   0x000000ac   Code   RO         5890    i.net_ip4_frag_get  Net4_CM3_L.lib(net_ip4_frag.o)
    0x0800d648   0x0800d648   0x00000010   Code   RO         5891    i.net_ip4_frag_init  Net4_CM3_L.lib(net_ip4_frag.o)
    0x0800d658   0x0800d658   0x0000003c   Code   RO         5892    i.net_ip4_frag_run  Net4_CM3_L.lib(net_ip4_frag.o)
    0x0800d694   0x0800d694   0x0000002c   Code   RO         6537    i.net_ip4_get_local  Net4_CM3_L.lib(net_ip4.o)
    0x0800d6c0   0x0800d6c0   0x00000018   Code   RO         6538    i.net_ip4_init      Net4_CM3_L.lib(net_ip4.o)
    0x0800d6d8   0x0800d6d8   0x00000020   Code   RO         6539    i.net_ip4_is_onlink  Net4_CM3_L.lib(net_ip4.o)
    0x0800d6f8   0x0800d6f8   0x00000026   Code   RO         6540    i.net_ip4_is_subcast  Net4_CM3_L.lib(net_ip4.o)
    0x0800d71e   0x0800d71e   0x0000000e   Code   RO         6541    i.net_ip4_reass_frame  Net4_CM3_L.lib(net_ip4.o)
    0x0800d72c   0x0800d72c   0x00000124   Code   RO         6542    i.net_ip4_send_frame  Net4_CM3_L.lib(net_ip4.o)
    0x0800d850   0x0800d850   0x0000002a   Code   RO         6544    i.net_ip4_tx_offl_hl  Net4_CM3_L.lib(net_ip4.o)
    0x0800d87a   0x0800d87a   0x00000002   PAD
    0x0800d87c   0x0800d87c   0x00000010   Code   RO         5871    i.net_loop_iface_init  Net4_CM3_L.lib(net_loopback.o)
    0x0800d88c   0x0800d88c   0x00000078   Code   RO         5872    i.net_loop_iface_run  Net4_CM3_L.lib(net_loopback.o)
    0x0800d904   0x0800d904   0x00000058   Code   RO         5874    i.net_loop_send_frame  Net4_CM3_L.lib(net_loopback.o)
    0x0800d95c   0x0800d95c   0x0000008c   Code   RO         6590    i.net_mem_alloc     Net4_CM3_L.lib(net_mem.o)
    0x0800d9e8   0x0800d9e8   0x0000001c   Code   RO         6591    i.net_mem_avail     Net4_CM3_L.lib(net_mem.o)
    0x0800da04   0x0800da04   0x0000006c   Code   RO         6592    i.net_mem_free      Net4_CM3_L.lib(net_mem.o)
    0x0800da70   0x0800da70   0x0000005c   Code   RO         6593    i.net_mem_init      Net4_CM3_L.lib(net_mem.o)
    0x0800dacc   0x0800dacc   0x00000038   Code   RO         6594    i.net_mem_shrink    Net4_CM3_L.lib(net_mem.o)
    0x0800db04   0x0800db04   0x00000030   Code   RO         6091    i.net_nbns_client_init  Net4_CM3_L.lib(net_nbns_client.o)
    0x0800db34   0x0800db34   0x00000038   Code   RO         6280    i.net_path          Net4_CM3_L.lib(net_sys.o)
    0x0800db6c   0x0800db6c   0x00000010   Code   RO         6251    i.net_ping_client_init  Net4_CM3_L.lib(net_ping_core.o)
    0x0800db7c   0x0800db7c   0x00000040   Code   RO         6252    i.net_ping_client_run  Net4_CM3_L.lib(net_ping_core.o)
    0x0800dbbc   0x0800dbbc   0x0000001c   Code   RO         6281    i.net_rand32        Net4_CM3_L.lib(net_sys.o)
    0x0800dbd8   0x0800dbd8   0x00000044   Code   RO         6227    i.net_sntp_client_init  Net4_CM3_L.lib(net_sntp_client_core.o)
    0x0800dc1c   0x0800dc1c   0x00000048   Code   RO         6228    i.net_sntp_client_run  Net4_CM3_L.lib(net_sntp_client_core.o)
    0x0800dc64   0x0800dc64   0x0000002e   Code   RO         6615    i.net_strcasecmp    Net4_CM3_L.lib(net_common.o)
    0x0800dc92   0x0800dc92   0x0000001a   Code   RO         6617    i.net_strcmp        Net4_CM3_L.lib(net_common.o)
    0x0800dcac   0x0800dcac   0x00000012   Code   RO         6618    i.net_strcpy        Net4_CM3_L.lib(net_common.o)
    0x0800dcbe   0x0800dcbe   0x0000001c   Code   RO         6620    i.net_strnchr       Net4_CM3_L.lib(net_common.o)
    0x0800dcda   0x0800dcda   0x0000001a   Code   RO         6621    i.net_strncpy       Net4_CM3_L.lib(net_common.o)
    0x0800dcf4   0x0800dcf4   0x00000020   Code   RO         6622    i.net_strtoupper    Net4_CM3_L.lib(net_common.o)
    0x0800dd14   0x0800dd14   0x00000002   Code   RO         5132    i.net_sys_error     net_config.o
    0x0800dd16   0x0800dd16   0x00000002   PAD
    0x0800dd18   0x0800dd18   0x0000000c   Code   RO         6282    i.net_sys_lock      Net4_CM3_L.lib(net_sys.o)
    0x0800dd24   0x0800dd24   0x00000016   Code   RO         6283    i.net_sys_resume    Net4_CM3_L.lib(net_sys.o)
    0x0800dd3a   0x0800dd3a   0x00000002   PAD
    0x0800dd3c   0x0800dd3c   0x00000014   Code   RO         6285    i.net_sys_tick      Net4_CM3_L.lib(net_sys.o)
    0x0800dd50   0x0800dd50   0x0000000c   Code   RO         6286    i.net_sys_unlock    Net4_CM3_L.lib(net_sys.o)
    0x0800dd5c   0x0800dd5c   0x00000020   Code   RO         6288    i.net_sys_wakeup    Net4_CM3_L.lib(net_sys.o)
    0x0800dd7c   0x0800dd7c   0x00000058   Code   RO         5983    i.net_tcp_abort     Net4_CM3_L.lib(net_tcp.o)
    0x0800ddd4   0x0800ddd4   0x000000a0   Code   RO         5986    i.net_tcp_close     Net4_CM3_L.lib(net_tcp.o)
    0x0800de74   0x0800de74   0x0000001e   Code   RO         5989    i.net_tcp_get_buf   Net4_CM3_L.lib(net_tcp.o)
    0x0800de92   0x0800de92   0x00000002   PAD
    0x0800de94   0x0800de94   0x00000030   Code   RO         5991    i.net_tcp_get_local_port  Net4_CM3_L.lib(net_tcp.o)
    0x0800dec4   0x0800dec4   0x00000024   Code   RO         5992    i.net_tcp_get_mss   Net4_CM3_L.lib(net_tcp.o)
    0x0800dee8   0x0800dee8   0x00000048   Code   RO         5994    i.net_tcp_get_peer  Net4_CM3_L.lib(net_tcp.o)
    0x0800df30   0x0800df30   0x00000044   Code   RO         5996    i.net_tcp_get_socket  Net4_CM3_L.lib(net_tcp.o)
    0x0800df74   0x0800df74   0x00000028   Code   RO         5997    i.net_tcp_get_state  Net4_CM3_L.lib(net_tcp.o)
    0x0800df9c   0x0800df9c   0x00000030   Code   RO         5998    i.net_tcp_get_timer  Net4_CM3_L.lib(net_tcp.o)
    0x0800dfcc   0x0800dfcc   0x00000070   Code   RO         5999    i.net_tcp_listen    Net4_CM3_L.lib(net_tcp.o)
    0x0800e03c   0x0800e03c   0x000004ce   Code   RO         6001    i.net_tcp_process   Net4_CM3_L.lib(net_tcp.o)
    0x0800e50a   0x0800e50a   0x00000002   PAD
    0x0800e50c   0x0800e50c   0x000000e0   Code   RO         6005    i.net_tcp_send      Net4_CM3_L.lib(net_tcp.o)
    0x0800e5ec   0x0800e5ec   0x00000094   Code   RO         6007    i.net_tcp_set_option  Net4_CM3_L.lib(net_tcp.o)
    0x0800e680   0x0800e680   0x00000014   Code   RO         6008    i.net_tcp_socket_init  Net4_CM3_L.lib(net_tcp.o)
    0x0800e694   0x0800e694   0x000002c4   Code   RO         6009    i.net_tcp_socket_run  Net4_CM3_L.lib(net_tcp.o)
    0x0800e958   0x0800e958   0x00000028   Code   RO         5917    i.net_udp_close     Net4_CM3_L.lib(net_udp.o)
    0x0800e980   0x0800e980   0x0000001e   Code   RO         5920    i.net_udp_get_buf   Net4_CM3_L.lib(net_udp.o)
    0x0800e99e   0x0800e99e   0x00000002   PAD
    0x0800e9a0   0x0800e9a0   0x00000048   Code   RO         5923    i.net_udp_get_socket  Net4_CM3_L.lib(net_udp.o)
    0x0800e9e8   0x0800e9e8   0x0000006c   Code   RO         5925    i.net_udp_open      Net4_CM3_L.lib(net_udp.o)
    0x0800ea54   0x0800ea54   0x000000d4   Code   RO         5926    i.net_udp_process   Net4_CM3_L.lib(net_udp.o)
    0x0800eb28   0x0800eb28   0x00000012   Code   RO         5928    i.net_udp_send      Net4_CM3_L.lib(net_udp.o)
    0x0800eb3a   0x0800eb3a   0x00000002   PAD
    0x0800eb3c   0x0800eb3c   0x00000168   Code   RO         5929    i.net_udp_send_if   Net4_CM3_L.lib(net_udp.o)
    0x0800eca4   0x0800eca4   0x00000010   Code   RO         5931    i.net_udp_socket_init  Net4_CM3_L.lib(net_udp.o)
    0x0800ecb4   0x0800ecb4   0x00000034   Code   RO         5133    i.netif_create      net_config.o
    0x0800ece8   0x0800ece8   0x00000008   Code   RO         5135    i.netif_lock        net_config.o
    0x0800ecf0   0x0800ecf0   0x00000004   Code   RO         5136    i.netif_unlock      net_config.o
    0x0800ecf4   0x0800ecf4   0x0000000e   Code   RO         5137    i.netos_delay       net_config.o
    0x0800ed02   0x0800ed02   0x00000006   Code   RO         5138    i.netos_flag_clear  net_config.o
    0x0800ed08   0x0800ed08   0x00000004   Code   RO         5139    i.netos_flag_set    net_config.o
    0x0800ed0c   0x0800ed0c   0x00000018   Code   RO         5140    i.netos_flag_wait   net_config.o
    0x0800ed24   0x0800ed24   0x0000001c   Code   RO         5141    i.netos_init        net_config.o
    0x0800ed40   0x0800ed40   0x00000008   Code   RO         5142    i.netos_lock        net_config.o
    0x0800ed48   0x0800ed48   0x00000014   Code   RO         5143    i.netos_mutex_create  net_config.o
    0x0800ed5c   0x0800ed5c   0x00000014   Code   RO         5145    i.netos_thread_create  net_config.o
    0x0800ed70   0x0800ed70   0x00000004   Code   RO         5148    i.netos_thread_pass  net_config.o
    0x0800ed74   0x0800ed74   0x00000014   Code   RO         5149    i.netos_timer_create  net_config.o
    0x0800ed88   0x0800ed88   0x00000016   Code   RO         5151    i.netos_timer_start  net_config.o
    0x0800ed9e   0x0800ed9e   0x00000004   Code   RO         5152    i.netos_unlock      net_config.o
    0x0800eda2   0x0800eda2   0x00000002   Code   RO         1097    i.osRtxErrorNotify  rtx_config.o
    0x0800eda4   0x0800eda4   0x00000002   Code   RO         1098    i.osRtxIdleThread   rtx_config.o
    0x0800eda6   0x0800eda6   0x00000002   PAD
    0x0800eda8   0x0800eda8   0x00000014   Code   RO         6255    i.ping_send_req     Net4_CM3_L.lib(net_ping_core.o)
    0x0800edbc   0x0800edbc   0x00000058   Code   RO         6156    i.proc_req_line     Net4_CM3_L.lib(net_http_server.o)
    0x0800ee14   0x0800ee14   0x0000001a   Code   RO         5894    i.que_free_list     Net4_CM3_L.lib(net_ip4_frag.o)
    0x0800ee2e   0x0800ee2e   0x000000a0   Code   RO         6157    i.read_script_line  Net4_CM3_L.lib(net_http_server.o)
    0x0800eece   0x0800eece   0x00000048   Code   RO         6158    i.search_delim      Net4_CM3_L.lib(net_http_server.o)
    0x0800ef16   0x0800ef16   0x00000002   PAD
    0x0800ef18   0x0800ef18   0x0000004c   Code   RO          908    i.setFecha          rtc.o
    0x0800ef64   0x0800ef64   0x0000004c   Code   RO          909    i.setHora           rtc.o
    0x0800efb0   0x0800efb0   0x00000090   Code   RO         6231    i.sntp_listener     Net4_CM3_L.lib(net_sntp_client_core.o)
    0x0800f040   0x0800f040   0x0000002c   Code   RO         6232    i.sntp_send_message  Net4_CM3_L.lib(net_sntp_client_core.o)
    0x0800f06c   0x0800f06c   0x00000018   Code   RO         6233    i.sntp_stop         Net4_CM3_L.lib(net_sntp_client_core.o)
    0x0800f084   0x0800f084   0x00000018   Code   RO         6289    i.sys_map_if        Net4_CM3_L.lib(net_sys.o)
    0x0800f09c   0x0800f09c   0x0000004c   Code   RO         6290    i.sys_proc_tick     Net4_CM3_L.lib(net_sys.o)
    0x0800f0e8   0x0800f0e8   0x000000a8   Code   RO         6011    i.tcp_map_socket    Net4_CM3_L.lib(net_tcp.o)
    0x0800f190   0x0800f190   0x0000005e   Code   RO         6012    i.tcp_parse_opt     Net4_CM3_L.lib(net_tcp.o)
    0x0800f1ee   0x0800f1ee   0x00000002   PAD
    0x0800f1f0   0x0800f1f0   0x000000c4   Code   RO         6013    i.tcp_proc_acknr    Net4_CM3_L.lib(net_tcp.o)
    0x0800f2b4   0x0800f2b4   0x00000052   Code   RO         6014    i.tcp_proc_dupack   Net4_CM3_L.lib(net_tcp.o)
    0x0800f306   0x0800f306   0x0000001a   Code   RO         6015    i.tcp_que_free      Net4_CM3_L.lib(net_tcp.o)
    0x0800f320   0x0800f320   0x0000001a   Code   RO         6016    i.tcp_que_init      Net4_CM3_L.lib(net_tcp.o)
    0x0800f33a   0x0800f33a   0x00000002   PAD
    0x0800f33c   0x0800f33c   0x00000094   Code   RO         6017    i.tcp_que_resend    Net4_CM3_L.lib(net_tcp.o)
    0x0800f3d0   0x0800f3d0   0x0000007a   Code   RO         6018    i.tcp_send_ctrl     Net4_CM3_L.lib(net_tcp.o)
    0x0800f44a   0x0800f44a   0x0000005e   Code   RO         6019    i.tcp_send_data     Net4_CM3_L.lib(net_tcp.o)
    0x0800f4a8   0x0800f4a8   0x00000070   Code   RO         6020    i.tcp_send_reset    Net4_CM3_L.lib(net_tcp.o)
    0x0800f518   0x0800f518   0x00000026   Code   RO         6021    i.tcp_set_cwnd      Net4_CM3_L.lib(net_tcp.o)
    0x0800f53e   0x0800f53e   0x00000002   PAD
    0x0800f540   0x0800f540   0x00000068   Code   RO         6022    i.tcp_transit       Net4_CM3_L.lib(net_tcp.o)
    0x0800f5a8   0x0800f5a8   0x000000c8   Code   RO         6023    i.tcp_write         Net4_CM3_L.lib(net_tcp.o)
    0x0800f670   0x0800f670   0x00000004   Code   RO           14    i.temperatura       http_server.o
    0x0800f674   0x0800f674   0x0000003c   Code   RO          786    i.tx_USART          usart.o
    0x0800f6b0   0x0800f6b0   0x0000002c   Code   RO         5933    i.udp_port_in_use   Net4_CM3_L.lib(net_udp.o)
    0x0800f6dc   0x0800f6dc   0x000000f0   Code   RO         1029    i.unix_time_in_seconds  mktime.o
    0x0800f7cc   0x0800f7cc   0x000000f0   Code   RO         6159    i.utc_to_http       Net4_CM3_L.lib(net_http_server.o)
    0x0800f8bc   0x0800f8bc   0x00000044   Code   RO          682    i.wr_cmd            lcd.o
    0x0800f900   0x0800f900   0x00000044   Code   RO          683    i.wr_data           lcd.o
    0x0800f944   0x0800f944   0x00000024   Data   RO           18    .constdata          http_server.o
    0x0800f968   0x0800f968   0x00000018   Data   RO          368    .constdata          led.o
    0x0800f980   0x0800f980   0x00000004   Data   RO          415    .constdata          web.o
    0x0800f984   0x0800f984   0x00007499   Data   RO          416    .constdata          web.o
    0x08016e1d   0x08016e1d   0x00000003   PAD
    0x08016e20   0x08016e20   0x000000c0   Data   RO          417    .constdata          web.o
    0x08016ee0   0x08016ee0   0x00000960   Data   RO          687    .constdata          lcd.o
    0x08017840   0x08017840   0x00000024   Data   RO         1057    .constdata          rtx_lib.o
    0x08017864   0x08017864   0x00000024   Data   RO         1058    .constdata          rtx_lib.o
    0x08017888   0x08017888   0x00000018   Data   RO         1059    .constdata          rtx_lib.o
    0x080178a0   0x080178a0   0x00000004   Data   RO         1060    .constdata          rtx_lib.o
    0x080178a4   0x080178a4   0x00000004   Data   RO         1137    .constdata          phy_lan8742a.o
    0x080178a8   0x080178a8   0x00000020   Data   RO         1138    .constdata          phy_lan8742a.o
    0x080178c8   0x080178c8   0x00000050   Data   RO         1212    .constdata          emac_stm32f4xx.o
    0x08017918   0x08017918   0x00000044   Data   RO         1213    .constdata          emac_stm32f4xx.o
    0x0801795c   0x0801795c   0x00000038   Data   RO         1359    .constdata          i2c_stm32f4xx.o
    0x08017994   0x08017994   0x00000030   Data   RO         1360    .constdata          i2c_stm32f4xx.o
    0x080179c4   0x080179c4   0x00000034   Data   RO         1510    .constdata          spi_stm32f4xx.o
    0x080179f8   0x080179f8   0x00000010   Data   RO         1511    .constdata          spi_stm32f4xx.o
    0x08017a08   0x08017a08   0x00000010   Data   RO         1512    .constdata          spi_stm32f4xx.o
    0x08017a18   0x08017a18   0x0000002c   Data   RO         1513    .constdata          spi_stm32f4xx.o
    0x08017a44   0x08017a44   0x00000038   Data   RO         1673    .constdata          usart_stm32f4xx.o
    0x08017a7c   0x08017a7c   0x0000000c   Data   RO         1674    .constdata          usart_stm32f4xx.o
    0x08017a88   0x08017a88   0x0000000c   Data   RO         1675    .constdata          usart_stm32f4xx.o
    0x08017a94   0x08017a94   0x00000038   Data   RO         1676    .constdata          usart_stm32f4xx.o
    0x08017acc   0x08017acc   0x00000008   Data   RO         2425    .constdata          stm32f4xx_hal_dma.o
    0x08017ad4   0x08017ad4   0x00000010   Data   RO         5084    .constdata          system_stm32f4xx.o
    0x08017ae4   0x08017ae4   0x00000008   Data   RO         5085    .constdata          system_stm32f4xx.o
    0x08017aec   0x08017aec   0x000000a8   Data   RO         5168    .constdata          net_config.o
    0x08017b94   0x08017b94   0x0000001c   Data   RO         5169    .constdata          net_config.o
    0x08017bb0   0x08017bb0   0x00000014   Data   RO         5170    .constdata          net_config.o
    0x08017bc4   0x08017bc4   0x00000024   Data   RO         5171    .constdata          net_config.o
    0x08017be8   0x08017be8   0x0000002c   Data   RO         5172    .constdata          net_config.o
    0x08017c14   0x08017c14   0x00000008   Data   RO         5173    .constdata          net_config.o
    0x08017c1c   0x08017c1c   0x00000008   Data   RO         5175    .constdata          net_config.o
    0x08017c24   0x08017c24   0x00000004   Data   RO         5176    .constdata          net_config.o
    0x08017c28   0x08017c28   0x00000004   Data   RO         5177    .constdata          net_config.o
    0x08017c2c   0x08017c2c   0x00000008   Data   RO         5178    .constdata          net_config.o
    0x08017c34   0x08017c34   0x00000008   Data   RO         5179    .constdata          net_config.o
    0x08017c3c   0x08017c3c   0x0000000c   Data   RO         5180    .constdata          net_config.o
    0x08017c48   0x08017c48   0x00000018   Data   RO         5181    .constdata          net_config.o
    0x08017c60   0x08017c60   0x00000034   Data   RO         5182    .constdata          net_config.o
    0x08017c94   0x08017c94   0x00000008   Data   RO         5183    .constdata          net_config.o
    0x08017c9c   0x08017c9c   0x0000002c   Data   RO         5184    .constdata          net_config.o
    0x08017cc8   0x08017cc8   0x00000024   Data   RO         5185    .constdata          net_config.o
    0x08017cec   0x08017cec   0x00000010   Data   RO         5187    .constdata          net_config.o
    0x08017cfc   0x08017cfc   0x00000010   Data   RO         5188    .constdata          net_config.o
    0x08017d0c   0x08017d0c   0x0000002c   Data   RO         5875    .constdata          Net4_CM3_L.lib(net_loopback.o)
    0x08017d38   0x08017d38   0x0000000c   Data   RO         5876    .constdata          Net4_CM3_L.lib(net_loopback.o)
    0x08017d44   0x08017d44   0x00000008   Data   RO         6093    .constdata          Net4_CM3_L.lib(net_nbns_client.o)
    0x08017d4c   0x08017d4c   0x000000fa   Data   RO         6161    .constdata          Net4_CM3_L.lib(net_http_server.o)
    0x08017e46   0x08017e46   0x00000012   Data   RO         6257    .constdata          Net4_CM3_L.lib(net_ping_core.o)
    0x08017e58   0x08017e58   0x00000006   Data   RO         6337    .constdata          Net4_CM3_L.lib(net_addr.o)
    0x08017e5e   0x08017e5e   0x00000006   Data   RO         6338    .constdata          Net4_CM3_L.lib(net_addr.o)
    0x08017e64   0x08017e64   0x00000004   Data   RO         6546    .constdata          Net4_CM3_L.lib(net_ip4.o)
    0x08017e68   0x08017e68   0x00000018   Data   RO         6580    .constdata          Net4_CM3_L.lib(net_http_server_err.o)
    0x08017e80   0x08017e80   0x00000004   Data   RO         6642    .constdata          Net4_CM3_L.lib(net_version.o)
    0x08017e84   0x08017e84   0x00000081   Data   RO         7010    .constdata          mc_w.l(ctype_o.o)
    0x08017f05   0x08017f05   0x00000003   PAD
    0x08017f08   0x08017f08   0x00000004   Data   RO         7011    .constdata          mc_w.l(ctype_o.o)
    0x08017f0c   0x08017f0c   0x000000da   Data   RO          268    .conststring        http_server_cgi.o
    0x08017fe6   0x08017fe6   0x00000002   PAD
    0x08017fe8   0x08017fe8   0x00000078   Data   RO         5189    .conststring        net_config.o
    0x08018060   0x08018060   0x00000008   Data   RO         5190    .conststring        net_config.o
    0x08018068   0x08018068   0x00000040   Data   RO         5191    .conststring        net_config.o
    0x080180a8   0x080180a8   0x00000001   Data   RO         5192    .conststring        net_config.o
    0x080180a9   0x080180a9   0x00000003   PAD
    0x080180ac   0x080180ac   0x0000000f   Data   RO         5193    .conststring        net_config.o
    0x080180bb   0x080180bb   0x00000001   PAD
    0x080180bc   0x080180bc   0x00000203   Data   RO         6581    .conststring        Net4_CM3_L.lib(net_http_server_err.o)
    0x080182bf   0x080182bf   0x00000001   PAD
    0x080182c0   0x080182c0   0x000000a0   Data   RO         1062    .rodata             rtx_lib.o
    0x08018360   0x08018360   0x0000000b   Data   RO         5468    .rodata.str1.4      RTX_CM4F.lib(rtx_kernel.o)
    0x0801836b   0x0801836b   0x00000001   PAD
    0x0801836c   0x0801836c   0x00000020   Data   RO         7045    Region$$Table       anon$$obj.o


    Execution Region RW_IRAM1 (Exec base: 0x20000000, Load base: 0x0801838c, Size: 0x0000f738, Max: 0x00030000, ABSOLUTE, COMPRESSED[0x00000184])

    Exec Addr    Load Addr    Size         Type   Attr      Idx    E Section Name        Object

    0x20000000   COMPRESSED   0x00008000   Data   RW         1049    .bss.os             rtx_lib.o
    0x20008000   COMPRESSED   0x00000040   Data   RW         1050    .bss.os             rtx_lib.o
    0x20008040   COMPRESSED   0x00000034   Data   RW         1051    .bss.os.msgqueue.cb  rtx_lib.o
    0x20008074   COMPRESSED   0x00000050   Data   RW         1052    .bss.os.msgqueue.mem  rtx_lib.o
    0x200080c4   COMPRESSED   0x0000001c   Data   RW         5160    .bss.os.mutex.cb    net_config.o
    0x200080e0   COMPRESSED   0x0000001c   Data   RW         5161    .bss.os.mutex.cb    net_config.o
    0x200080fc   COMPRESSED   0x00000010   Data   RW         5162    .bss.os.semaphore.cb  net_config.o
    0x2000810c   COMPRESSED   0x00000044   Data   RW         1053    .bss.os.thread.cb   rtx_lib.o
    0x20008150   COMPRESSED   0x00000044   Data   RW         1054    .bss.os.thread.cb   rtx_lib.o
    0x20008194   COMPRESSED   0x00000044   Data   RW         5163    .bss.os.thread.cb   net_config.o
    0x200081d8   COMPRESSED   0x00000044   Data   RW         5164    .bss.os.thread.cb   net_config.o
    0x2000821c   COMPRESSED   0x00000004   PAD
    0x20008220   COMPRESSED   0x00000200   Data   RW         1055    .bss.os.thread.stack  rtx_lib.o
    0x20008420   COMPRESSED   0x00000200   Data   RW         1056    .bss.os.thread.stack  rtx_lib.o
    0x20008620   COMPRESSED   0x00000400   Data   RW         5165    .bss.os.thread.stack  net_config.o
    0x20008a20   COMPRESSED   0x00000400   Data   RW         5166    .bss.os.thread.stack  net_config.o
    0x20008e20   COMPRESSED   0x00000020   Data   RW         5167    .bss.os.timer.cb    net_config.o
    0x20008e40   COMPRESSED   0x00000074   Data   RW           19    .data               http_server.o
    0x20008eb4   COMPRESSED   0x0000000c   Data   RW          269    .data               http_server_cgi.o
    0x20008ec0   COMPRESSED   0x00000004   Data   RW          319    .data               main.o
    0x20008ec4   COMPRESSED   0x00000004   Data   RW          469    .data               temp.o
    0x20008ec8   COMPRESSED   0x00000028   Data   RW          695    .data               lcd.o
    0x20008ef0   COMPRESSED   0x00000004   Data   RW          787    .data               usart.o
    0x20008ef4   COMPRESSED   0x00000004   Data   RW          911    .data               rtc.o
    0x20008ef8   COMPRESSED   0x00000068   Data   RW         1030    .data               mktime.o
    0x20008f60   COMPRESSED   0x0000000c   Data   RW         1831    .data               stm32f4xx_hal.o
    0x20008f6c   COMPRESSED   0x00000004   Data   RW         5086    .data               system_stm32f4xx.o
    0x20008f70   COMPRESSED   0x00000004   Data   RW         5194    .data               net_config.o
    0x20008f74   COMPRESSED   0x00000006   Data   RW         5195    .data               net_config.o
    0x20008f7a   COMPRESSED   0x00000004   Data   RW         5196    .data               net_config.o
    0x20008f7e   COMPRESSED   0x00000002   PAD
    0x20008f80   COMPRESSED   0x00000004   Data   RW         5877    .data               Net4_CM3_L.lib(net_loopback.o)
    0x20008f84   COMPRESSED   0x00000004   Data   RW         5895    .data               Net4_CM3_L.lib(net_ip4_frag.o)
    0x20008f88   COMPRESSED   0x00000002   Data   RW         5935    .data               Net4_CM3_L.lib(net_udp.o)
    0x20008f8a   COMPRESSED   0x00000004   Data   RW         6026    .data               Net4_CM3_L.lib(net_tcp.o)
    0x20008f8e   COMPRESSED   0x00000001   Data   RW         6094    .data               Net4_CM3_L.lib(net_nbns_client.o)
    0x20008f8f   COMPRESSED   0x00000001   PAD
    0x20008f90   COMPRESSED   0x0000000c   Data   RW         6162    .data               Net4_CM3_L.lib(net_http_server.o)
    0x20008f9c   COMPRESSED   0x00000008   Data   RW         6547    .data               Net4_CM3_L.lib(net_ip4.o)
    0x20008fa4   COMPRESSED   0x00000004   Data   RW         6967    .data               mc_w.l(stdout.o)
    0x20008fa8   COMPRESSED   0x00000004   Data   RW         6977    .data               mc_w.l(errno.o)
    0x20008fac   COMPRESSED   0x000000a4   Data   RW         5469    .data.os            RTX_CM4F.lib(rtx_kernel.o)
    0x20009050        -       0x0000004d   Zero   RW           15    .bss                http_server.o
    0x2000909d   COMPRESSED   0x00000003   PAD
    0x200090a0        -       0x00000400   Zero   RW           16    .bss                http_server.o
    0x200094a0        -       0x0000009c   Zero   RW          267    .bss                http_server_cgi.o
    0x2000953c        -       0x00000048   Zero   RW          436    .bss                adc.o
    0x20009584        -       0x00000040   Zero   RW          638    .bss                delay.o
    0x200095c4        -       0x00000200   Zero   RW          684    .bss                lcd.o
    0x200097c4        -       0x00000080   Zero   RW          828    .bss                rgb.o
    0x20009844        -       0x00000034   Zero   RW          910    .bss                rtc.o
    0x20009878        -       0x0000000c   Zero   RW         1136    .bss                phy_lan8742a.o
    0x20009884        -       0x000024cc   Zero   RW         1211    .bss                emac_stm32f4xx.o
    0x2000bd50        -       0x00000028   Zero   RW         1358    .bss                i2c_stm32f4xx.o
    0x2000bd78        -       0x00000010   Zero   RW         1508    .bss                spi_stm32f4xx.o
    0x2000bd88        -       0x0000001c   Zero   RW         1509    .bss                spi_stm32f4xx.o
    0x2000bda4        -       0x00000014   Zero   RW         1671    .bss                usart_stm32f4xx.o
    0x2000bdb8        -       0x00000024   Zero   RW         1672    .bss                usart_stm32f4xx.o
    0x2000bddc        -       0x00002ee0   Zero   RW         5153    .bss                net_config.o
    0x2000ecbc        -       0x000000c8   Zero   RW         5154    .bss                net_config.o
    0x2000ed84        -       0x00000018   Zero   RW         5155    .bss                net_config.o
    0x2000ed9c        -       0x00000028   Zero   RW         5156    .bss                net_config.o
    0x2000edc4        -       0x00000050   Zero   RW         5157    .bss                net_config.o
    0x2000ee14        -       0x000001e0   Zero   RW         5158    .bss                net_config.o
    0x2000eff4        -       0x00000150   Zero   RW         5159    .bss                net_config.o
    0x2000f144        -       0x000000a0   Zero   RW         5774    .bss                Net4_CM3_L.lib(net_eth.o)
    0x2000f1e4        -       0x00000018   Zero   RW         5833    .bss                Net4_CM3_L.lib(net_arp.o)
    0x2000f1fc        -       0x00000010   Zero   RW         5934    .bss                Net4_CM3_L.lib(net_udp.o)
    0x2000f20c        -       0x00000098   Zero   RW         6160    .bss                Net4_CM3_L.lib(net_http_server.o)
    0x2000f2a4        -       0x00000020   Zero   RW         6234    .bss                Net4_CM3_L.lib(net_sntp_client_core.o)
    0x2000f2c4        -       0x00000020   Zero   RW         6256    .bss                Net4_CM3_L.lib(net_ping_core.o)
    0x2000f2e4        -       0x00000038   Zero   RW         6291    .bss                Net4_CM3_L.lib(net_sys.o)
    0x2000f31c        -       0x00000014   Zero   RW         6596    .bss                Net4_CM3_L.lib(net_mem.o)
    0x2000f330        -       0x00000001   Zero   RW         6521    .bss.PendST         RTX_CM4F.lib(os_systick.o)
    0x2000f331   COMPRESSED   0x00000007   PAD
    0x2000f338        -       0x00000400   Zero   RW         5072    STACK               startup_stm32f429xx.o


==============================================================================

Image component sizes


      Code (inc. data)   RO Data    RW Data    ZI Data      Debug   Object Name

       116         14          0          0         72       1350   adc.o
       136         14          0          0         64       1800   delay.o
      2422        260        148          0       9420      55130   emac_stm32f4xx.o
       934        158         36        116       1101     811965   http_server.o
      1816        370        218         12        156       8848   http_server_cgi.o
      4398        174        104          0         40      25244   i2c_stm32f4xx.o
       924         70       2400         40        512      11735   lcd.o
       262         18         24          0          0       3235   led.o
       272         24          0          4          0       2149   main.o
       240          8          0        104          0       1911   mktime.o
       326         48        752       2302      13160      41524   net_config.o
       436         36         36          0         12       9782   phy_lan8742a.o
       388         28          0          0        128       3032   rgb.o
       504        174          0          4         52       5854   rtc.o
         4          0          0          0          0       1033   rtx_config.o
         0          0        260      34124          0       9066   rtx_lib.o
      3092        226        128          0         44      55059   spi_stm32f4xx.o
        36          8        428          0       1024        876   startup_stm32f429xx.o
       144         18          0         12          0       8981   stm32f4xx_hal.o
      1140         60          0          0          0       5858   stm32f4xx_hal_adc.o
       258         14          0          0          0      36100   stm32f4xx_hal_cortex.o
       664         12          8          0          0       6849   stm32f4xx_hal_dma.o
       884        102          0          0          0       4477   stm32f4xx_hal_gpio.o
       454         64          0          0          0       3807   stm32f4xx_hal_msp.o
        12          4          0          0          0        623   stm32f4xx_hal_pwr.o
       112         14          0          0          0       1500   stm32f4xx_hal_pwr_ex.o
      1344         82          0          0          0       6312   stm32f4xx_hal_rcc.o
       596         36          0          0          0       1824   stm32f4xx_hal_rcc_ex.o
       916         30          0          0          0       8336   stm32f4xx_hal_rtc.o
        76          0          0          0          0       1393   stm32f4xx_hal_rtc_ex.o
      1448         98          0          0          0      15552   stm32f4xx_hal_tim.o
       228         28          0          0          0       2452   stm32f4xx_hal_tim_ex.o
        12          0          0          0          0       2765   stm32f4xx_it.o
       152         26         24          4          0       2131   system_stm32f4xx.o
       168         16          0          4          0       1794   temp.o
       124         10          0          4          0       1956   usart.o
      4268        240        136          0         56      27135   usart_stm32f4xx.o
        92         10      30045          0          0       1696   web.o

    ----------------------------------------------------------------------
     29444       2494      34788      36736      25844    1191134   Object Totals
         0          0         32          0          0          0   (incl. Generated)
        46          0          9          6          3          0   (incl. Padding)

    ----------------------------------------------------------------------

      Code (inc. data)   RO Data    RW Data    ZI Data      Debug   Library Member Name

       460         58         12          0          0        804   net_addr.o
      2090         58          0          0         24       1436   net_arp.o
       294          6          0          0          0        668   net_common.o
      2348         66          0          0        160       1588   net_eth.o
      5962       1270        250         12        152       2836   net_http_server.o
         0          0        539          0          0          0   net_http_server_err.o
       388         22          0          0          0        164   net_icmp.o
       980         60          4          8          0        948   net_ip4.o
       690         30          0          4          0        476   net_ip4_frag.o
       224         18         56          4          0        244   net_loopback.o
       448         46          0          0         20        556   net_mem.o
       344         22          8          1          0        180   net_nbns_client.o
       100         20         18          0         32        212   net_ping_core.o
       352         36          0          0         32        400   net_sntp_client_core.o
       754         76          0          0         56       1012   net_sys.o
      4486        174          0          4          0       2600   net_tcp.o
       900         50          0          2         16        716   net_udp.o
         0          0          4          0          0          0   net_version.o
       196         12          0          0          0        540   irq_cm4f.o
       126         32          0          0          1       3108   os_systick.o
        56          4          0          0          0       2854   rtx_delay.o
       718         72         11        164          0      17231   rtx_kernel.o
       242          0          0          0          0       2478   rtx_memory.o
       186          0          0          0          0      16576   rtx_mempool.o
      1350         28          0          0          0      18694   rtx_msgqueue.o
       678         24          0          0          0      10004   rtx_mutex.o
       566         24          0          0          0      10885   rtx_semaphore.o
       368         26          0          0          0       5437   rtx_system.o
      2130        120          0          0          0      32850   rtx_thread.o
       524         40          0          0          0      10445   rtx_timer.o
        56          8          0          0          0         84   __0sscanf.o
        86          0          0          0          0          0   __dczerorl2.o
        28          0          0          0          0         68   _chval.o
       812          4          0          0          0        112   _scanf.o
       332          0          0          0          0         96   _scanf_int.o
        64          0          0          0          0         84   _sgetc.o
       158          0          0          0          0         92   _strtoul.o
        26          0          0          0          0         80   atoi.o
         8          4        133          0          0         68   ctype_o.o
         0          0          0          0          0          0   entry.o
         0          0          0          0          0          0   entry10a.o
         0          0          0          0          0          0   entry11a.o
         8          4          0          0          0          0   entry2.o
         4          0          0          0          0          0   entry5.o
         0          0          0          0          0          0   entry7b.o
         0          0          0          0          0          0   entry8b.o
         8          4          0          0          0          0   entry9a.o
         8          4          0          4          0         68   errno.o
        18          0          0          0          0         80   fputc.o
        30          0          0          0          0          0   handlers.o
        36          8          0          0          0         68   init.o
        18          0          0          0          0         76   isspace_o.o
         0          0          0          0          0          0   iusefp.o
         0          0          0          0          0          0   iusesemip.o
        30          0          0          0          0         68   llshl.o
        36          0          0          0          0         68   llsshr.o
        32          0          0          0          0         68   llushr.o
        26          0          0          0          0         80   memcmp.o
        36          0          0          0          0         68   memcpya.o
        36          0          0          0          0        108   memseta.o
      2308         96          0          0          0        604   printfa.o
        40          8          0          0          0         84   scanf_char.o
         0          0          0          0          0          0   semi.o
         0          0          0          4          0          0   stdout.o
        28          0          0          0          0         76   strcmp.o
        18          0          0          0          0         68   strcpy.o
        14          0          0          0          0         68   strlen.o
        30          0          0          0          0         80   strncmp.o
       112          0          0          0          0         88   strtol.o
        44          0          0          0          0         80   uidiv.o
        98          0          0          0          0         92   uldiv.o
        48          0          0          0          0         68   cdrcmple.o
        56          0          0          0          0         88   d2f.o
       334          0          0          0          0        148   dadd.o
       222          0          0          0          0        100   ddiv.o
       186          0          0          0          0        176   depilogue.o
        48          0          0          0          0         68   dfixul.o
        34          0          0          0          0         76   dflti.o
        26          0          0          0          0         76   dfltui.o
       228          0          0          0          0         96   dmul.o
        38          0          0          0          0         68   f2d.o
       110          0          0          0          0        168   fepilogue.o

    ----------------------------------------------------------------------
     33940       2534       1040        208        500     149750   Library Totals
        62          0          5          1          7          0   (incl. Padding)

    ----------------------------------------------------------------------

      Code (inc. data)   RO Data    RW Data    ZI Data      Debug   Library Name

     20820       2012        891         35        492      14840   Net4_CM3_L.lib
      7140        382         11        164          1     131102   RTX_CM4F.lib
      4588        140        133          8          0       2676   mc_w.l
      1330          0          0          0          0       1132   mf_w.l

    ----------------------------------------------------------------------
     33940       2534       1040        208        500     149750   Library Totals

    ----------------------------------------------------------------------

==============================================================================


      Code (inc. data)   RO Data    RW Data    ZI Data      Debug   

     63384       5028      35828      36944      26344    1303352   Grand Totals
     63384       5028      35828        388      26344    1303352   ELF Image Totals (compressed)
     63384       5028      35828        388          0          0   ROM Totals

==============================================================================

    Total RO  Size (Code + RO Data)                99212 (  96.89kB)
    Total RW  Size (RW Data + ZI Data)             63288 (  61.80kB)
    Total ROM Size (Code + RO Data + RW Data)      99600 (  97.27kB)

==============================================================================

